2025-08-30 08:37:35.084 14400-14421 VRI[MainAc...y]@251da94 com.memstory                         I  mWNT: t=0xb400007eae35eb50 mBlastBufferQueue=0xb400007dde23dbf0 fn= 191 HdrRenderState mRenderHdrSdrRatio=1.0 caller= android.view.SyncRtSurfaceTransactionApplier.applyTransaction:96 android.view.SyncRtSurfaceTransactionApplier.lambda$scheduleApply$0:69 android.view.SyncRtSurfaceTransactionApplier.$r8$lambda$afI4fXg3U3-nBZQEDQMiNy-B06s:0 
2025-08-30 08:37:35.094 14400-14420 VRI[MainAc...y]@251da94 com.memstory                         I  mWNT: t=0xb400007eae35eb50 mBlastBufferQueue=0xb400007dde23dbf0 fn= 192 HdrRenderState mRenderHdrSdrRatio=1.0 caller= android.view.SyncRtSurfaceTransactionApplier.applyTransaction:96 android.view.SyncRtSurfaceTransactionApplier.lambda$scheduleApply$0:69 android.view.SyncRtSurfaceTransactionApplier.$r8$lambda$afI4fXg3U3-nBZQEDQMiNy-B06s:0 
2025-08-30 08:37:35.097 14400-14421 VRI[MainAc...y]@251da94 com.memstory                         I  mWNT: t=0xb400007eae35cbd0 mBlastBufferQueue=0xb400007dde23dbf0 fn= 192 HdrRenderState mRenderHdrSdrRatio=1.0 caller= android.view.SyncRtSurfaceTransactionApplier.applyTransaction:96 android.view.SyncRtSurfaceTransactionApplier.lambda$scheduleApply$0:69 android.view.SyncRtSurfaceTransactionApplier.$r8$lambda$afI4fXg3U3-nBZQEDQMiNy-B06s:0 
2025-08-30 08:37:35.106 14400-14420 VRI[MainAc...y]@251da94 com.memstory                         I  mWNT: t=0xb400007eae35cbd0 mBlastBufferQueue=0xb400007dde23dbf0 fn= 193 HdrRenderState mRenderHdrSdrRatio=1.0 caller= android.view.SyncRtSurfaceTransactionApplier.applyTransaction:96 android.view.SyncRtSurfaceTransactionApplier.lambda$scheduleApply$0:69 android.view.SyncRtSurfaceTransactionApplier.$r8$lambda$afI4fXg3U3-nBZQEDQMiNy-B06s:0 
2025-08-30 08:37:35.115 14400-14421 VRI[MainAc...y]@251da94 com.memstory                         I  mWNT: t=0xb400007eae35d810 mBlastBufferQueue=0xb400007dde23dbf0 fn= 194 HdrRenderState mRenderHdrSdrRatio=1.0 caller= android.view.SyncRtSurfaceTransactionApplier.applyTransaction:96 android.view.SyncRtSurfaceTransactionApplier.lambda$scheduleApply$0:69 android.view.SyncRtSurfaceTransactionApplier.$r8$lambda$afI4fXg3U3-nBZQEDQMiNy-B06s:0 
2025-08-30 08:37:35.123 14400-14420 VRI[MainAc...y]@251da94 com.memstory                         I  mWNT: t=0xb400007eae35d810 mBlastBufferQueue=0xb400007dde23dbf0 fn= 195 HdrRenderState mRenderHdrSdrRatio=1.0 caller= android.view.SyncRtSurfaceTransactionApplier.applyTransaction:96 android.view.SyncRtSurfaceTransactionApplier.lambda$scheduleApply$0:69 android.view.SyncRtSurfaceTransactionApplier.$r8$lambda$afI4fXg3U3-nBZQEDQMiNy-B06s:0 
2025-08-30 08:37:35.132 14400-14421 VRI[MainAc...y]@251da94 com.memstory                         I  mWNT: t=0xb400007eae35ca10 mBlastBufferQueue=0xb400007dde23dbf0 fn= 196 HdrRenderState mRenderHdrSdrRatio=1.0 caller= android.view.SyncRtSurfaceTransactionApplier.applyTransaction:96 android.view.SyncRtSurfaceTransactionApplier.lambda$scheduleApply$0:69 android.view.SyncRtSurfaceTransactionApplier.$r8$lambda$afI4fXg3U3-nBZQEDQMiNy-B06s:0 
2025-08-30 08:37:35.141 14400-14420 VRI[MainAc...y]@251da94 com.memstory                         I  mWNT: t=0xb400007eae35ca10 mBlastBufferQueue=0xb400007dde23dbf0 fn= 198 HdrRenderState mRenderHdrSdrRatio=1.0 caller= android.view.SyncRtSurfaceTransactionApplier.applyTransaction:96 android.view.SyncRtSurfaceTransactionApplier.lambda$scheduleApply$0:69 android.view.SyncRtSurfaceTransactionApplier.$r8$lambda$afI4fXg3U3-nBZQEDQMiNy-B06s:0 
2025-08-30 08:37:35.148 14400-14421 VRI[MainAc...y]@251da94 com.memstory                         I  mWNT: t=0xb400007eae35f090 mBlastBufferQueue=0xb400007dde23dbf0 fn= 198 HdrRenderState mRenderHdrSdrRatio=1.0 caller= android.view.SyncRtSurfaceTransactionApplier.applyTransaction:96 android.view.SyncRtSurfaceTransactionApplier.lambda$scheduleApply$0:69 android.view.SyncRtSurfaceTransactionApplier.$r8$lambda$afI4fXg3U3-nBZQEDQMiNy-B06s:0 
2025-08-30 08:37:35.159 14400-14420 VRI[MainAc...y]@251da94 com.memstory                         I  mWNT: t=0xb400007eae35f090 mBlastBufferQueue=0xb400007dde23dbf0 fn= 200 HdrRenderState mRenderHdrSdrRatio=1.0 caller= android.view.SyncRtSurfaceTransactionApplier.applyTransaction:96 android.view.SyncRtSurfaceTransactionApplier.lambda$scheduleApply$0:69 android.view.SyncRtSurfaceTransactionApplier.$r8$lambda$afI4fXg3U3-nBZQEDQMiNy-B06s:0 
2025-08-30 08:37:35.165 14400-14421 VRI[MainAc...y]@251da94 com.memstory                         I  mWNT: t=0xb400007eae25fc10 mBlastBufferQueue=0xb400007dde23dbf0 fn= 200 HdrRenderState mRenderHdrSdrRatio=1.0 caller= android.view.SyncRtSurfaceTransactionApplier.applyTransaction:96 android.view.SyncRtSurfaceTransactionApplier.lambda$scheduleApply$0:69 android.view.SyncRtSurfaceTransactionApplier.$r8$lambda$afI4fXg3U3-nBZQEDQMiNy-B06s:0 
2025-08-30 08:37:35.174 14400-14420 VRI[MainAc...y]@251da94 com.memstory                         I  mWNT: t=0xb400007eae25fc10 mBlastBufferQueue=0xb400007dde23dbf0 fn= 201 HdrRenderState mRenderHdrSdrRatio=1.0 caller= android.view.SyncRtSurfaceTransactionApplier.applyTransaction:96 android.view.SyncRtSurfaceTransactionApplier.lambda$scheduleApply$0:69 android.view.SyncRtSurfaceTransactionApplier.$r8$lambda$afI4fXg3U3-nBZQEDQMiNy-B06s:0 
2025-08-30 08:37:35.181 14400-14421 VRI[MainAc...y]@251da94 com.memstory                         I  mWNT: t=0xb400007eae25ff90 mBlastBufferQueue=0xb400007dde23dbf0 fn= 202 HdrRenderState mRenderHdrSdrRatio=1.0 caller= android.view.SyncRtSurfaceTransactionApplier.applyTransaction:96 android.view.SyncRtSurfaceTransactionApplier.lambda$scheduleApply$0:69 android.view.SyncRtSurfaceTransactionApplier.$r8$lambda$afI4fXg3U3-nBZQEDQMiNy-B06s:0 
2025-08-30 08:37:35.190 14400-14420 VRI[MainAc...y]@251da94 com.memstory                         I  mWNT: t=0xb400007eae25ff90 mBlastBufferQueue=0xb400007dde23dbf0 fn= 203 HdrRenderState mRenderHdrSdrRatio=1.0 caller= android.view.SyncRtSurfaceTransactionApplier.applyTransaction:96 android.view.SyncRtSurfaceTransactionApplier.lambda$scheduleApply$0:69 android.view.SyncRtSurfaceTransactionApplier.$r8$lambda$afI4fXg3U3-nBZQEDQMiNy-B06s:0 
2025-08-30 08:37:35.202 14400-14421 VRI[MainAc...y]@251da94 com.memstory                         I  mWNT: t=0xb400007eae25fdd0 mBlastBufferQueue=0xb400007dde23dbf0 fn= 204 HdrRenderState mRenderHdrSdrRatio=1.0 caller= android.view.SyncRtSurfaceTransactionApplier.applyTransaction:96 android.view.SyncRtSurfaceTransactionApplier.lambda$scheduleApply$0:69 android.view.SyncRtSurfaceTransactionApplier.$r8$lambda$afI4fXg3U3-nBZQEDQMiNy-B06s:0 
2025-08-30 08:37:35.206 14400-14420 VRI[MainAc...y]@251da94 com.memstory                         I  mWNT: t=0xb400007eae25fdd0 mBlastBufferQueue=0xb400007dde23dbf0 fn= 205 HdrRenderState mRenderHdrSdrRatio=1.0 caller= android.view.SyncRtSurfaceTransactionApplier.applyTransaction:96 android.view.SyncRtSurfaceTransactionApplier.lambda$scheduleApply$0:69 android.view.SyncRtSurfaceTransactionApplier.$r8$lambda$afI4fXg3U3-nBZQEDQMiNy-B06s:0 
2025-08-30 08:37:35.215 14400-14421 VRI[MainAc...y]@251da94 com.memstory                         I  mWNT: t=0xb400007eae25ab90 mBlastBufferQueue=0xb400007dde23dbf0 fn= 206 HdrRenderState mRenderHdrSdrRatio=1.0 caller= android.view.SyncRtSurfaceTransactionApplier.applyTransaction:96 android.view.SyncRtSurfaceTransactionApplier.lambda$scheduleApply$0:69 android.view.SyncRtSurfaceTransactionApplier.$r8$lambda$afI4fXg3U3-nBZQEDQMiNy-B06s:0 
2025-08-30 08:37:35.223 14400-14420 VRI[MainAc...y]@251da94 com.memstory                         I  mWNT: t=0xb400007eae25ab90 mBlastBufferQueue=0xb400007dde23dbf0 fn= 207 HdrRenderState mRenderHdrSdrRatio=1.0 caller= android.view.SyncRtSurfaceTransactionApplier.applyTransaction:96 android.view.SyncRtSurfaceTransactionApplier.lambda$scheduleApply$0:69 android.view.SyncRtSurfaceTransactionApplier.$r8$lambda$afI4fXg3U3-nBZQEDQMiNy-B06s:0 
2025-08-30 08:37:35.231 14400-14421 VRI[MainAc...y]@251da94 com.memstory                         I  mWNT: t=0xb400007eae25dc90 mBlastBufferQueue=0xb400007dde23dbf0 fn= 208 HdrRenderState mRenderHdrSdrRatio=1.0 caller= android.view.SyncRtSurfaceTransactionApplier.applyTransaction:96 android.view.SyncRtSurfaceTransactionApplier.lambda$scheduleApply$0:69 android.view.SyncRtSurfaceTransactionApplier.$r8$lambda$afI4fXg3U3-nBZQEDQMiNy-B06s:0 
2025-08-30 08:37:35.240 14400-14420 VRI[MainAc...y]@251da94 com.memstory                         I  mWNT: t=0xb400007eae25dc90 mBlastBufferQueue=0xb400007dde23dbf0 fn= 209 HdrRenderState mRenderHdrSdrRatio=1.0 caller= android.view.SyncRtSurfaceTransactionApplier.applyTransaction:96 android.view.SyncRtSurfaceTransactionApplier.lambda$scheduleApply$0:69 android.view.SyncRtSurfaceTransactionApplier.$r8$lambda$afI4fXg3U3-nBZQEDQMiNy-B06s:0 
2025-08-30 08:37:35.248 14400-14400 InsetsController        com.memstory                         I  cancelAnimation: types=ime, animType=1, host=com.memstory/com.memstory.presentation.MainActivity, from=android.view.InsetsController.notifyFinished:1881 android.view.InsetsAnimationControlImpl.applyChangeInsets:307 android.view.InsetsController.lambda$new$3:931 
2025-08-30 08:37:35.248 14400-14400 ImeTracker              com.memstory                         I  com.memstory:5d56e63: onRequestHide at ORIGIN_CLIENT reason HIDE_SOFT_INPUT_ON_ANIMATION_STATE_CHANGED fromUser false
2025-08-30 08:37:35.248 14400-14400 InputMethodManager_LC   com.memstory                         I  notifyImeHidden: IInputMethodManagerGlobalInvoker.hideSoftInput
2025-08-30 08:37:35.248 14400-14400 ImeTracker              com.memstory                         I  com.memstory:ffb5589: onHidden
2025-08-30 08:37:35.250 14400-14421 VRI[MainAc...y]@251da94 com.memstory                         I  mWNT: t=0xb400007eae25efd0 mBlastBufferQueue=0xb400007dde23dbf0 fn= 210 HdrRenderState mRenderHdrSdrRatio=1.0 caller= android.view.SyncRtSurfaceTransactionApplier.applyTransaction:96 android.view.SyncRtSurfaceTransactionApplier.lambda$scheduleApply$0:69 android.view.SyncRtSurfaceTransactionApplier.$r8$lambda$afI4fXg3U3-nBZQEDQMiNy-B06s:0 
2025-08-30 08:37:35.294 14400-14400 InsetsController        com.memstory                         I  onStateChanged: host=com.memstory/com.memstory.presentation.MainActivity, from=android.view.ViewRootImpl.handleResized:2781, state=InsetsState: {mDisplayFrame=Rect(0, 0 - 1080, 2340), mDisplayCutout=DisplayCutout{insets=Rect(0, 83 - 0, 0) waterfall=Insets{left=0, top=0, right=0, bottom=0} boundingRect={Bounds=[Rect(0, 0 - 0, 0), Rect(515, 0 - 566, 83), Rect(0, 0 - 0, 0), Rect(0, 0 - 0, 0)]} cutoutPathParserInfo={CutoutPathParserInfo{displayWidth=1080 displayHeight=2340 physicalDisplayWidth=1080 physicalDisplayHeight=2340 density={2.8125} cutoutSpec={M 0,0 H -9.066666666666667 V 29.6 H 9.066666666666667 V 0 H 0 Z @dp} rotation={0} scale={1.0} physicalPixelDisplaySizeRatio={1.0}}} sideOverrides={}}, mRoundedCorners=RoundedCorners{[RoundedCorner{position=TopLeft, radius=113, center=Point(113, 113)}, RoundedCorner{position=TopRight, radius=113, center=Point(967, 113)}, RoundedCorner{position=BottomRight, radius=113, center=Point(967, 2227)}, RoundedCorner{position=BottomLeft, radius=113, center=Point(113, 2227)}]}  mRoundedCornerFrame=Rect(0, 0 - 1080, 2340), mPrivacyIndicatorBounds=PrivacyIndicatorBounds {static bounds=Rect(956, 0 - 1080, 84) rotation=0}, mDisplayShape=DisplayShape{ spec=-311912193 displayWidth=1440 displayHeight=3120 physicalPixelDisplaySizeRatio=1.0 rotation=0 offsetX=0 offsetY=0 scale=1.0}, mSources= { InsetsSource: {af370001 mType=navigationBars mFrame=[0,2205][1080,2340] mVisible=true mFlags= mSideHint=BOTTOM mBoundingRects=null}, InsetsSource: {af370004 mType=systemGestures mFrame=[0,0][0,0] mVisible=true mFlags= mSideHint=NONE mBoundingRects=null}, InsetsSource: {af370005 mType=mandatorySystemGestures mFrame=[0,2205][1080,2340] mVisible=true mFlags= mSideHint=BOTTOM mBoundingRects=null}, InsetsSource: {af370006 mType=tappableElement mFrame=[0,2205][1080,2340] mVisible=true mFlags= mSideHint=BOTTOM mBoundingRects=null}, InsetsSource: {af370024 mType=systemGestures mFrame=[0,0][0,0] mVisible=true mFlags= mSideHint=NONE mBoundingRects=null}, InsetsSource: {3 mType=ime mFrame=[0,0][0,0] mVisible=false mFlags= mSideHint=NONE mBoundingRects=null}, InsetsSource: {27 mType=displayCutout mFrame=[0,0][1080,83] mVisible=true mFlags= mSideHint=TOP mBoundingRects=null}, InsetsSource: {7940000 mType=statusBars mFrame=[0,0][1080,84] mVisible=true mFlags= mSideHint=TOP mBoundingRects=null}, InsetsSource: {7940005 mType=mandatorySystemGestures mFrame=[0,0][1080,117] mVisible=true mFlags= mSideHint=TOP mBoundingRects=null}, InsetsSource: {7940006 mType=tappableElement mFrame=[0,0][1080,84] mVisible=true mFlags= mSideHint=TOP mBoundingRects=null} }
2025-08-30 08:37:35.294 14400-14400 VRI[MainAc...y]@251da94 com.memstory                         I  handleResized, frames=ClientWindowFrames{frame=[0,0][1080,2340] display=[0,0][1080,2340] parentFrame=[0,0][0,0]} displayId=0 dragResizing=false compatScale=1.0 frameChanged=false attachedFrameChanged=false configChanged=false displayChanged=false compatScaleChanged=false dragResizingChanged=false
2025-08-30 08:37:35.518 14400-14406 com.memstory            com.memstory                         I  Background concurrent mark compact GC freed 23MB AllocSpace bytes, 0(0B) LOS objects, 23% free, 157MB/205MB, paused 3.872ms,930us total 154.475ms
2025-08-30 08:37:35.668 14400-14563 GemmaTokenizer          com.memstory                         D  Loaded 262144 vocab entries for decoding
2025-08-30 08:37:35.668 14400-14563 GemmaTokenizer          com.memstory                         D  Tokenizer initialized with hybrid memory architecture
2025-08-30 08:37:35.668 14400-14563 OnnxLLMEngine           com.memstory                         D  Tokenizer loaded with vocab size: 262144
2025-08-30 08:37:35.669 14400-14563 CompatChangeReporter    com.memstory                         D  Compat change id reported: 312399441; UID 10593; state: ENABLED
2025-08-30 08:37:35.669 14400-14563 OnnxLLMEngine           com.memstory                         D  Copying 998MB model from assets to internal storage...
2025-08-30 08:37:35.669 14400-14563 OnnxLLMEngine           com.memstory                         D  Memory strategy: Java heap (configs) + Native heap (model weights + KV cache)
2025-08-30 08:37:35.718 14400-14406 com.memstory            com.memstory                         I  Background concurrent mark compact GC freed 109MB AllocSpace bytes, 0(0B) LOS objects, 30% free, 111MB/159MB, paused 4.151ms,951us total 110.369ms
2025-08-30 08:37:36.023 14400-14563 OnnxLLMEngine           com.memstory                         D  Copied 100MB...
2025-08-30 08:37:36.363 14400-14563 OnnxLLMEngine           com.memstory                         D  Copied 200MB...
2025-08-30 08:37:36.700 14400-14563 OnnxLLMEngine           com.memstory                         D  Copied 300MB...
2025-08-30 08:37:37.035 14400-14563 OnnxLLMEngine           com.memstory                         D  Copied 400MB...
2025-08-30 08:37:37.372 14400-14563 OnnxLLMEngine           com.memstory                         D  Copied 500MB...
2025-08-30 08:37:37.707 14400-14563 OnnxLLMEngine           com.memstory                         D  Copied 600MB...
2025-08-30 08:37:37.877 14400-14400 VRI[MainAc...y]@251da94 com.memstory                         I  call setFrameRateCategory for touch hint category=no preference, reason=boost timeout, vri=VRI[MainActivity]@251da94
2025-08-30 08:37:38.031 14400-14563 OnnxLLMEngine           com.memstory                         D  Copied 700MB...
2025-08-30 08:37:38.358 14400-14563 OnnxLLMEngine           com.memstory                         D  Copied 800MB...
2025-08-30 08:37:38.682 14400-14563 OnnxLLMEngine           com.memstory                         D  Copied 900MB...
2025-08-30 08:37:38.847 14400-14563 OnnxLLMEngine           com.memstory                         D  Total copied: 951MB
2025-08-30 08:37:38.858 14400-14563 OnnxLLMEngine           com.memstory                         D  Model ready for native heap loading: 997769309 bytes
2025-08-30 08:37:39.199 14400-14563 Manager                 com.memstory                         I  DeviceManager::DeviceManager
2025-08-30 08:37:39.199 14400-14563 ServerFlag              com.memstory                         W  Failed to parse result of GetServerConfigurableFlag, errno=34
2025-08-30 08:37:39.199 14400-14563 Manager                 com.memstory                         I  findAvailableDevices
2025-08-30 08:37:39.199 14400-14563 HidlServiceManagement   com.memstory                         W  hwservicemanager is not supported on the device.
2025-08-30 08:37:39.199 14400-14563 HidlServiceManagement   com.memstory                         I  Cannot list manifest for android.hardware.neuralnetworks@1.3::IDevice without hwservicemanager
2025-08-30 08:37:39.199 14400-14563 HidlServiceManagement   com.memstory                         I  Cannot list manifest for android.hardware.neuralnetworks@1.2::IDevice without hwservicemanager
2025-08-30 08:37:39.199 14400-14563 HidlServiceManagement   com.memstory                         I  Cannot list manifest for android.hardware.neuralnetworks@1.1::IDevice without hwservicemanager
2025-08-30 08:37:39.199 14400-14563 HidlServiceManagement   com.memstory                         I  Cannot list manifest for android.hardware.neuralnetworks@1.0::IDevice without hwservicemanager
2025-08-30 08:37:42.843 14400-14563 OnnxLLMEngine           com.memstory                         D  ONNX model loaded with NNAPI execution provider (NPU acceleration)
2025-08-30 08:37:42.843 14400-14563 OnnxLLMEngine           com.memstory                         D  LLM Engine initialization completed
2025-08-30 08:37:42.843 14400-14563 LLMConversationService  com.memstory                         D  LLM Service initialized successfully
2025-08-30 08:37:42.843 14400-14563 LLMConversationService  com.memstory                         D  Generating response for: tell me about korea
2025-08-30 08:37:42.843 14400-14563 LLMConversationService  com.memstory                         D  Built prompt with 326 characters
2025-08-30 08:37:42.843 14400-14563 OnnxLLMEngine           com.memstory                         D  Generating response for: You are memSTORY, a helpful AI assistant that lives entirely on the user's phone. 
                                                                                                    You help users organize their thoughts, memories, and ideas. Always be friendly, concise, and helpful.
                                                                                                    Remember that you work completely offline - you have no internet connection.
                                                                                                    
                                                                                                    User: tell me about korea
                                                                                                    User: tell me about korea
                                                                                                    memSTORY: 
2025-08-30 08:37:42.843 14400-14563 GemmaTokenizer          com.memstory                         D  Encoding text: You are memSTORY, a helpful AI assistant that lives entirely on the user's phone. 
                                                                                                    You help users organize their thoughts, memories, and ideas. Always be friendly, concise, and helpful.
                                                                                                    Remember that you work completely offline - you have no internet connection.
                                                                                                    
                                                                                                    User: tell me about korea
                                                                                                    User: tell me about korea
                                                                                                    memSTORY: 
2025-08-30 08:37:42.844 14400-14563 GemmaTokenizer          com.memstory                         D  Encoded to 54 tokens
2025-08-30 08:37:42.844 14400-14563 OnnxLLMEngine           com.memstory                         D  Input tokenized: 54 tokens
2025-08-30 08:37:42.844 14400-14563 OnnxLLMEngine           com.memstory                         D  Starting autoregressive generation with NNAPI acceleration
2025-08-30 08:37:42.844 14400-14563 OnnxLLMEngine           com.memstory                         D  Gemma 3 1B generation: sliding_window=512, cache=hybrid
2025-08-30 08:37:43.719 14400-14563 OnnxLLMEngine           com.memstory                         D  First inference completed, switching from dummy to actual KV cache
2025-08-30 08:37:50.551 14400-14563 onnxruntime             com.memstory                         E   [E:onnxruntime:, sequential_executor.cc:572 ExecuteKernel] Non-zero status code returned while running Cast node. Name:'past_key_values.5.value_fp16' Status Message: /onnxruntime_src/onnxruntime/core/framework/op_kernel.cc:83 virtual OrtValue *onnxruntime::OpKernelContext::OutputMLValue(int, const TensorShape &) status.IsOK() was false. Shape mismatch attempting to re-use buffer. {1,1,512,256} != {1,1,523,256}. Validate usage of dim_value (values should be > 0) and dim_param (all values with the same string should equate to the same size) in shapes in the model.
2025-08-30 08:37:50.552 14400-14563 OnnxLLMEngine           com.memstory                         E  Error generating token 9: Error code - ORT_RUNTIME_EXCEPTION - message: Non-zero status code returned while running Cast node. Name:'past_key_values.5.value_fp16' Status Message: /onnxruntime_src/onnxruntime/core/framework/op_kernel.cc:83 virtual OrtValue *onnxruntime::OpKernelContext::OutputMLValue(int, const TensorShape &) status.IsOK() was false. Shape mismatch attempting to re-use buffer. {1,1,512,256} != {1,1,523,256}. Validate usage of dim_value (values should be > 0) and dim_param (all values with the same string should equate to the same size) in shapes in the model.
2025-08-30 08:37:50.552 14400-14563 GemmaTokenizer          com.memstory                         D  Decoding 9 tokens
2025-08-30 08:37:50.552 14400-14563 GemmaTokenizer          com.memstory                         D  Decoded text: Design<0xC2><0xA0>केही‌ 
                                                                                                    
                                                                                                    
                                                                                                    At
2025-08-30 08:37:50.552 14400-14563 OnnxLLMEngine           com.memstory                         D  Generation completed:
                                                                                                    - Input tokens: 54
                                                                                                    - Generated tokens: 9
                                                                                                    - Total conversation tokens: 63
                                                                                                    - KV cache size: 1.5996094MB
2025-08-30 08:37:50.552 14400-14563 OnnxLLMEngine           com.memstory                         D  Response generated: Design<0xC2><0xA0>केही‌ 
                                                                                                    
                                                                                                    
                                                                                                    At
2025-08-30 08:37:50.552 14400-14563 LLMConversationService  com.memstory                         D  Generated response in 7709ms: Design<0xC2><0xA0>केही‌ 
                                                                                                    
                                                                                                    
                                                                                                    At
2025-08-30 08:39:15.101 14400-14400 VRI[MainAc...y]@251da94 com.memstory                         I  onDisplayChanged oldDisplayState=2 newDisplayState=23