2025-08-30 12:06:09.285 10417-10568 LLMConversationService  com.memstory                         D  Initializing LLM Conversation Service...
2025-08-30 12:06:09.288 10417-10568 OnnxLLMEngine           com.memstory                         D  Initializing ONNX LLM Engine...
2025-08-30 12:06:09.294 10417-10417 InputMethodManagerUtils com.memstory                         D  startInputInner - Id : 0
2025-08-30 12:06:09.294 10417-10417 InputMethodManager      com.memstory                         I  startInputInner - IInputMethodManagerGlobalInvoker.startInputOrWindowGainedFocus
2025-08-30 12:06:09.296 10417-10428 InputTransport          com.memstory                         D  Input channel constructed: 'ClientS', fd=156
2025-08-30 12:06:09.301 10417-10568 libc                    com.memstory                         W  Access denied finding property "ro.mediatek.platform"
2025-08-30 12:06:09.304 10417-10568 nativeloader            com.memstory                         D  Load /data/app/~~njEtXJ8riWhxmv0YdjXNXg==/com.memstory-WX7c5SfL3R9qm6T5luc3qg==/base.apk!/lib/arm64-v8a/libonnxruntime4j_jni.so using class loader ns clns-7 (caller=/data/app/~~njEtXJ8riWhxmv0YdjXNXg==/com.memstory-WX7c5SfL3R9qm6T5luc3qg==/base.apk): ok
2025-08-30 12:06:09.324 10417-10568 OnnxLLMEngine           com.memstory                         D  Model config loaded: vocab_size=262144
2025-08-30 12:06:09.325 10417-10568 GemmaTokenizer          com.memstory                         D  Initializing hybrid tokenizer...
2025-08-30 12:06:09.325 10417-10568 GemmaTokenizer          com.memstory                         D  Java heap: Config objects (~1MB)
2025-08-30 12:06:09.325 10417-10568 GemmaTokenizer          com.memstory                         D  Native heap: Vocabulary data (~33MB)
2025-08-30 12:06:09.332 10417-10417 InsetsController        com.memstory                         D  hide(ime(), fromIme=false)
2025-08-30 12:06:09.332 10417-10417 ImeTracker              com.memstory                         I  com.memstory:d9e93c40: onRequestHide at ORIGIN_CLIENT reason HIDE_SOFT_INPUT_BY_INSETS_API fromUser false
2025-08-30 12:06:09.332 10417-10417 InsetsController        com.memstory                         I  setRequestedVisibleTypes: visible=false, mask=ime, host=com.memstory/com.memstory.presentation.MainActivity, from=android.view.InsetsController.controlAnimationUnchecked:1497 android.view.InsetsController.applyAnimation:2218 android.view.InsetsController.applyAnimation:2150 android.view.InsetsController.hide:1451 android.view.InsetsController.hide:1367 androidx.core.view.SoftwareKeyboardControllerCompat$Impl30.hide:227 androidx.core.view.SoftwareKeyboardControllerCompat.hide:81 androidx.compose.ui.text.input.InputMethodManagerImpl.hideSoftInput:88 androidx.compose.ui.text.input.TextInputServiceAndroid.setKeyboardVisibleImmediately:459 androidx.compose.ui.text.input.TextInputServiceAndroid.processInputCommands:345 
2025-08-30 12:06:09.332 10417-10417 ImeTracker              com.memstory                         I  com.memstory:fcf30532: onRequestHide at ORIGIN_CLIENT reason HIDE_SOFT_INPUT_REQUEST_HIDE_WITH_CONTROL fromUser false
2025-08-30 12:06:09.332 10417-10417 InputMethodManager_LC   com.memstory                         I  notifyImeHidden: IInputMethodManagerGlobalInvoker.hideSoftInput
2025-08-30 12:06:09.333 10417-10417 InsetsController        com.memstory                         I  controlAnimationUncheckedInner: Added types=ime, animType=1, host=com.memstory/com.memstory.presentation.MainActivity, from=android.view.InsetsController.controlAnimationUnchecked:1501 android.view.InsetsController.applyAnimation:2218 android.view.InsetsController.applyAnimation:2150 
2025-08-30 12:06:09.333 10417-10417 InputMethodManagerUtils com.memstory                         D  startInputInner - Id : 0
2025-08-30 12:06:09.333 10417-10417 InputMethodManager      com.memstory                         I  startInputInner - IInputMethodManagerGlobalInvoker.startInputOrWindowGainedFocus
2025-08-30 12:06:09.334 10417-10417 InteractionJankMonitor  com.memstory                         W  Initializing without READ_DEVICE_CONFIG permission. enabled=false, interval=1, missedFrameThreshold=3, frameTimeThreshold=64, package=com.memstory
2025-08-30 12:06:09.336 10417-10428 InputTransport          com.memstory                         D  Input channel constructed: 'ClientS', fd=176
2025-08-30 12:06:09.342 10417-10438 VRI[MainAc...y]@251da94 com.memstory                         I  mWNT: t=0xb400007eae358090 mBlastBufferQueue=0xb400007dde23f810 fn= 173 HdrRenderState mRenderHdrSdrRatio=1.0 caller= android.view.SyncRtSurfaceTransactionApplier.applyTransaction:96 android.view.SyncRtSurfaceTransactionApplier.lambda$scheduleApply$0:69 android.view.SyncRtSurfaceTransactionApplier.$r8$lambda$afI4fXg3U3-nBZQEDQMiNy-B06s:0 
2025-08-30 12:06:09.347 10417-10437 VRI[MainAc...y]@251da94 com.memstory                         I  mWNT: t=0xb400007eae35afd0 mBlastBufferQueue=0xb400007dde23f810 fn= 174 HdrRenderState mRenderHdrSdrRatio=1.0 caller= android.view.SyncRtSurfaceTransactionApplier.applyTransaction:96 android.view.SyncRtSurfaceTransactionApplier.lambda$scheduleApply$0:69 android.view.SyncRtSurfaceTransactionApplier.$r8$lambda$afI4fXg3U3-nBZQEDQMiNy-B06s:0 
2025-08-30 12:06:09.348 10417-10417 RemoteInpu...ectionImpl com.memstory                         W  requestCursorUpdates on inactive InputConnection
2025-08-30 12:06:09.348 10417-10417 InsetsController        com.memstory                         I  onStateChanged: host=com.memstory/com.memstory.presentation.MainActivity, from=android.view.ViewRootImpl.handleResized:2781, state=InsetsState: {mDisplayFrame=Rect(0, 0 - 1080, 2340), mDisplayCutout=DisplayCutout{insets=Rect(0, 83 - 0, 0) waterfall=Insets{left=0, top=0, right=0, bottom=0} boundingRect={Bounds=[Rect(0, 0 - 0, 0), Rect(515, 0 - 566, 83), Rect(0, 0 - 0, 0), Rect(0, 0 - 0, 0)]} cutoutPathParserInfo={CutoutPathParserInfo{displayWidth=1080 displayHeight=2340 physicalDisplayWidth=1080 physicalDisplayHeight=2340 density={2.8125} cutoutSpec={M 0,0 H -9.066666666666667 V 29.6 H 9.066666666666667 V 0 H 0 Z @dp} rotation={0} scale={1.0} physicalPixelDisplaySizeRatio={1.0}}} sideOverrides={}}, mRoundedCorners=RoundedCorners{[RoundedCorner{position=TopLeft, radius=113, center=Point(113, 113)}, RoundedCorner{position=TopRight, radius=113, center=Point(967, 113)}, RoundedCorner{position=BottomRight, radius=113, center=Point(967, 2227)}, RoundedCorner{position=BottomLeft, radius=113, center=Point(113, 2227)}]}  mRoundedCornerFrame=Rect(0, 0 - 1080, 2340), mPrivacyIndicatorBounds=PrivacyIndicatorBounds {static bounds=Rect(956, 0 - 1080, 84) rotation=0}, mDisplayShape=DisplayShape{ spec=-311912193 displayWidth=1440 displayHeight=3120 physicalPixelDisplaySizeRatio=1.0 rotation=0 offsetX=0 offsetY=0 scale=1.0}, mSources= { InsetsSource: {af370001 mType=navigationBars mFrame=[0,2205][1080,2340] mVisible=true mFlags= mSideHint=BOTTOM mBoundingRects=null}, InsetsSource: {af370004 mType=systemGestures mFrame=[0,0][0,0] mVisible=true mFlags= mSideHint=NONE mBoundingRects=null}, InsetsSource: {af370005 mType=mandatorySystemGestures mFrame=[0,2205][1080,2340] mVisible=true mFlags= mSideHint=BOTTOM mBoundingRects=null}, InsetsSource: {af370006 mType=tappableElement mFrame=[0,2205][1080,2340] mVisible=true mFlags= mSideHint=BOTTOM mBoundingRects=null}, InsetsSource: {af370024 mType=systemGestures mFrame=[0,0][0,0] mVisible=true mFlags= mSideHint=NONE mBoundingRects=null}, InsetsSource: {3 mType=ime mFrame=[0,1332][1080,2340] mVisible=false mFlags= mSideHint=BOTTOM mBoundingRects=null}, InsetsSource: {27 mType=displayCutout mFrame=[0,0][1080,83] mVisible=true mFlags= mSideHint=TOP mBoundingRects=null}, InsetsSource: {7940000 mType=statusBars mFrame=[0,0][1080,84] mVisible=true mFlags= mSideHint=TOP mBoundingRects=null}, InsetsSource: {7940005 mType=mandatorySystemGestures mFrame=[0,0][1080,117] mVisible=true mFlags= mSideHint=TOP mBoundingRects=null}, InsetsSource: {7940006 mType=tappableElement mFrame=[0,0][1080,84] mVisible=true mFlags= mSideHint=TOP mBoundingRects=null} }
2025-08-30 12:06:09.348 10417-10417 VRI[MainAc...y]@251da94 com.memstory                         I  handleResized, frames=ClientWindowFrames{frame=[0,0][1080,2340] display=[0,0][1080,2340] parentFrame=[0,0][0,0]} displayId=0 dragResizing=false compatScale=1.0 frameChanged=false attachedFrameChanged=false configChanged=false displayChanged=false compatScaleChanged=false dragResizingChanged=false
2025-08-30 12:06:09.349 10417-10417 InsetsSourceConsumer    com.memstory                         I  applyRequestedVisibilityToControl: visible=true, type=navigationBars, host=com.memstory/com.memstory.presentation.MainActivity
2025-08-30 12:06:09.349 10417-10417 InsetsController        com.memstory                         D  show(ime(), fromIme=true)
2025-08-30 12:06:09.349 10417-10417 InsetsController        com.memstory                         I  setRequestedVisibleTypes: visible=true, mask=ime, host=com.memstory/com.memstory.presentation.MainActivity, from=android.view.InsetsController.controlAnimationUnchecked:1497 android.view.InsetsController.applyAnimation:2218 android.view.InsetsController.applyAnimation:2150 android.view.InsetsController.show:1339 android.view.ViewRootImpl$ViewRootHandler.handleMessageImpl:8052 android.view.ViewRootImpl$ViewRootHandler.handleMessage:7987 android.os.Handler.dispatchMessage:107 android.os.Looper.loopOnce:257 android.os.Looper.loop:342 android.app.ActivityThread.main:9579 
2025-08-30 12:06:09.349 10417-10417 ImeTracker              com.memstory                         I  com.memstory:d9e93c40: onCancelled at PHASE_CLIENT_ANIMATION_CANCEL
2025-08-30 12:06:09.349 10417-10417 InsetsController        com.memstory                         I  cancelAnimation: types=ime, animType=1, host=com.memstory/com.memstory.presentation.MainActivity, from=android.view.InsetsController.cancelExistingControllers:1857 android.view.InsetsController.controlAnimationUncheckedInner:1663 android.view.InsetsController.controlAnimationUnchecked:1501 
2025-08-30 12:06:09.349 10417-10417 InsetsController        com.memstory                         I  controlAnimationUncheckedInner: Added types=ime, animType=0, host=com.memstory/com.memstory.presentation.MainActivity, from=android.view.InsetsController.controlAnimationUnchecked:1501 android.view.InsetsController.applyAnimation:2218 android.view.InsetsController.applyAnimation:2150 
2025-08-30 12:06:09.349 10417-10417 InsetsController        com.memstory                         D  hide(ime(), fromIme=true)
2025-08-30 12:06:09.350 10417-10417 InsetsController        com.memstory                         I  setRequestedVisibleTypes: visible=false, mask=ime, host=com.memstory/com.memstory.presentation.MainActivity, from=android.view.InsetsController.controlAnimationUnchecked:1497 android.view.InsetsController.applyAnimation:2218 android.view.InsetsController.applyAnimation:2150 android.view.InsetsController.hide:1451 android.view.ViewRootImpl$ViewRootHandler.handleMessageImpl:8059 android.view.ViewRootImpl$ViewRootHandler.handleMessage:7987 android.os.Handler.dispatchMessage:107 android.os.Looper.loopOnce:257 android.os.Looper.loop:342 android.app.ActivityThread.main:9579 
2025-08-30 12:06:09.350 10417-10417 ImeTracker              com.memstory                         I  com.memstory:7132fb8d: onCancelled at PHASE_CLIENT_ANIMATION_CANCEL
2025-08-30 12:06:09.350 10417-10417 InsetsController        com.memstory                         I  cancelAnimation: types=ime, animType=0, host=com.memstory/com.memstory.presentation.MainActivity, from=android.view.InsetsController.cancelExistingControllers:1857 android.view.InsetsController.controlAnimationUncheckedInner:1663 android.view.InsetsController.controlAnimationUnchecked:1501 
2025-08-30 12:06:09.350 10417-10417 InsetsController        com.memstory                         I  controlAnimationUncheckedInner: Added types=ime, animType=1, host=com.memstory/com.memstory.presentation.MainActivity, from=android.view.InsetsController.controlAnimationUnchecked:1501 android.view.InsetsController.applyAnimation:2218 android.view.InsetsController.applyAnimation:2150 
2025-08-30 12:06:09.350 10417-10417 RemoteInpu...ectionImpl com.memstory                         W  requestCursorUpdates on inactive InputConnection
2025-08-30 12:06:09.355 10417-10438 VRI[MainAc...y]@251da94 com.memstory                         I  mWNT: t=0xb400007eae35ed10 mBlastBufferQueue=0xb400007dde23f810 fn= 175 HdrRenderState mRenderHdrSdrRatio=1.0 caller= android.view.SyncRtSurfaceTransactionApplier.applyTransaction:96 android.view.SyncRtSurfaceTransactionApplier.lambda$scheduleApply$0:69 android.view.SyncRtSurfaceTransactionApplier.$r8$lambda$afI4fXg3U3-nBZQEDQMiNy-B06s:0 
2025-08-30 12:06:09.355 10417-10438 VRI[MainAc...y]@251da94 com.memstory                         I  mWNT: t=0xb400007eae35ba50 mBlastBufferQueue=0xb400007dde23f810 fn= 175 HdrRenderState mRenderHdrSdrRatio=1.0 caller= android.view.SyncRtSurfaceTransactionApplier.applyTransaction:96 android.view.SyncRtSurfaceTransactionApplier.lambda$scheduleApply$0:69 android.view.SyncRtSurfaceTransactionApplier.$r8$lambda$afI4fXg3U3-nBZQEDQMiNy-B06s:0 
2025-08-30 12:06:09.355 10417-10438 VRI[MainAc...y]@251da94 com.memstory                         I  mWNT: t=0xb400007eae35cd90 mBlastBufferQueue=0xb400007dde23f810 fn= 175 HdrRenderState mRenderHdrSdrRatio=1.0 caller= android.view.SyncRtSurfaceTransactionApplier.applyTransaction:96 android.view.SyncRtSurfaceTransactionApplier.lambda$scheduleApply$0:69 android.view.SyncRtSurfaceTransactionApplier.$r8$lambda$afI4fXg3U3-nBZQEDQMiNy-B06s:0 
2025-08-30 12:06:09.355 10417-10417 VRI[MainAc...y]@251da94 com.memstory                         I  handleResized, frames=ClientWindowFrames{frame=[0,0][1080,2340] display=[0,0][1080,2340] parentFrame=[0,0][0,0]} displayId=0 dragResizing=false compatScale=1.0 frameChanged=false attachedFrameChanged=false configChanged=false displayChanged=false compatScaleChanged=false dragResizingChanged=false
2025-08-30 12:06:09.364 10417-10437 VRI[MainAc...y]@251da94 com.memstory                         I  mWNT: t=0xb400007eae35e610 mBlastBufferQueue=0xb400007dde23f810 fn= 176 HdrRenderState mRenderHdrSdrRatio=1.0 caller= android.view.SyncRtSurfaceTransactionApplier.applyTransaction:96 android.view.SyncRtSurfaceTransactionApplier.lambda$scheduleApply$0:69 android.view.SyncRtSurfaceTransactionApplier.$r8$lambda$afI4fXg3U3-nBZQEDQMiNy-B06s:0 
2025-08-30 12:06:09.365 10417-10417 InsetsSourceConsumer    com.memstory                         I  applyRequestedVisibilityToControl: visible=true, type=navigationBars, host=com.memstory/com.memstory.presentation.MainActivity
2025-08-30 12:06:09.368 10417-10438 VRI[MainAc...y]@251da94 com.memstory                         I  mWNT: t=0xb400007eae35aa90 mBlastBufferQueue=0xb400007dde23f810 fn= 177 HdrRenderState mRenderHdrSdrRatio=1.0 caller= android.view.SyncRtSurfaceTransactionApplier.applyTransaction:96 android.view.SyncRtSurfaceTransactionApplier.lambda$scheduleApply$0:69 android.view.SyncRtSurfaceTransactionApplier.$r8$lambda$afI4fXg3U3-nBZQEDQMiNy-B06s:0 
2025-08-30 12:06:09.375 10417-10437 VRI[MainAc...y]@251da94 com.memstory                         I  mWNT: t=0xb400007eae35f410 mBlastBufferQueue=0xb400007dde23f810 fn= 178 HdrRenderState mRenderHdrSdrRatio=1.0 caller= android.view.SyncRtSurfaceTransactionApplier.applyTransaction:96 android.view.SyncRtSurfaceTransactionApplier.lambda$scheduleApply$0:69 android.view.SyncRtSurfaceTransactionApplier.$r8$lambda$afI4fXg3U3-nBZQEDQMiNy-B06s:0 
2025-08-30 12:06:09.383 10417-10438 VRI[MainAc...y]@251da94 com.memstory                         I  mWNT: t=0xb400007eae35fcd0 mBlastBufferQueue=0xb400007dde23f810 fn= 179 HdrRenderState mRenderHdrSdrRatio=1.0 caller= android.view.SyncRtSurfaceTransactionApplier.applyTransaction:96 android.view.SyncRtSurfaceTransactionApplier.lambda$scheduleApply$0:69 android.view.SyncRtSurfaceTransactionApplier.$r8$lambda$afI4fXg3U3-nBZQEDQMiNy-B06s:0 
2025-08-30 12:06:09.391 10417-10437 VRI[MainAc...y]@251da94 com.memstory                         I  mWNT: t=0xb400007eae35bf90 mBlastBufferQueue=0xb400007dde23f810 fn= 180 HdrRenderState mRenderHdrSdrRatio=1.0 caller= android.view.SyncRtSurfaceTransactionApplier.applyTransaction:96 android.view.SyncRtSurfaceTransactionApplier.lambda$scheduleApply$0:69 android.view.SyncRtSurfaceTransactionApplier.$r8$lambda$afI4fXg3U3-nBZQEDQMiNy-B06s:0 
2025-08-30 12:06:09.399 10417-10438 VRI[MainAc...y]@251da94 com.memstory                         I  mWNT: t=0xb400007eae360050 mBlastBufferQueue=0xb400007dde23f810 fn= 181 HdrRenderState mRenderHdrSdrRatio=1.0 caller= android.view.SyncRtSurfaceTransactionApplier.applyTransaction:96 android.view.SyncRtSurfaceTransactionApplier.lambda$scheduleApply$0:69 android.view.SyncRtSurfaceTransactionApplier.$r8$lambda$afI4fXg3U3-nBZQEDQMiNy-B06s:0 
2025-08-30 12:06:09.410 10417-10568 GemmaTokenizer          com.memstory                         D  Loading all 5 tokenizer files...
2025-08-30 12:06:09.410 10417-10568 GemmaTokenizer          com.memstory                         D  - tokenizer_config.json: ✅
2025-08-30 12:06:09.410 10417-10568 GemmaTokenizer          com.memstory                         D  - special_tokens_map.json: ✅
2025-08-30 12:06:09.410 10417-10568 GemmaTokenizer          com.memstory                         D  - generation_config.json: ✅
2025-08-30 12:06:09.410 10417-10568 GemmaTokenizer          com.memstory                         D  - tokenizer.json: ✅ (vocab)
2025-08-30 12:06:09.410 10417-10568 GemmaTokenizer          com.memstory                         D  - config.json: ✅ (loaded by OnnxLLMEngine)
2025-08-30 12:06:09.410 10417-10568 GemmaTokenizer          com.memstory                         D  Config loaded in Java heap: 262144 vocab size
2025-08-30 12:06:09.410 10417-10568 GemmaTokenizer          com.memstory                         D  Loading vocab mapping for decoding...
2025-08-30 12:06:09.414 10417-10437 VRI[MainAc...y]@251da94 com.memstory                         I  mWNT: t=0xb400007eae35d9d0 mBlastBufferQueue=0xb400007dde23f810 fn= 182 HdrRenderState mRenderHdrSdrRatio=1.0 caller= android.view.SyncRtSurfaceTransactionApplier.applyTransaction:96 android.view.SyncRtSurfaceTransactionApplier.lambda$scheduleApply$0:69 android.view.SyncRtSurfaceTransactionApplier.$r8$lambda$afI4fXg3U3-nBZQEDQMiNy-B06s:0 
2025-08-30 12:06:09.418 10417-10438 VRI[MainAc...y]@251da94 com.memstory                         I  mWNT: t=0xb400007eae35b190 mBlastBufferQueue=0xb400007dde23f810 fn= 182 HdrRenderState mRenderHdrSdrRatio=1.0 caller= android.view.SyncRtSurfaceTransactionApplier.applyTransaction:96 android.view.SyncRtSurfaceTransactionApplier.lambda$scheduleApply$0:69 android.view.SyncRtSurfaceTransactionApplier.$r8$lambda$afI4fXg3U3-nBZQEDQMiNy-B06s:0 
2025-08-30 12:06:09.428 10417-10424 InputTransport          com.memstory                         D  Input channel destroyed: 'ClientS', fd=105
2025-08-30 12:06:09.428 10417-10424 InputTransport          com.memstory                         D  Input channel destroyed: 'ClientS', fd=146
2025-08-30 12:06:09.428 10417-10424 InputTransport          com.memstory                         D  Input channel destroyed: 'ClientS', fd=156
2025-08-30 12:06:09.428 10417-10424 InputTransport          com.memstory                         D  Input channel destroyed: 'ClientS', fd=176
2025-08-30 12:06:09.428 10417-10437 VRI[MainAc...y]@251da94 com.memstory                         I  mWNT: t=0xb400007eae35d490 mBlastBufferQueue=0xb400007dde23f810 fn= 184 HdrRenderState mRenderHdrSdrRatio=1.0 caller= android.view.SyncRtSurfaceTransactionApplier.applyTransaction:96 android.view.SyncRtSurfaceTransactionApplier.lambda$scheduleApply$0:69 android.view.SyncRtSurfaceTransactionApplier.$r8$lambda$afI4fXg3U3-nBZQEDQMiNy-B06s:0 
2025-08-30 12:06:09.434 10417-10438 VRI[MainAc...y]@251da94 com.memstory                         I  mWNT: t=0xb400007eae23ca50 mBlastBufferQueue=0xb400007dde23f810 fn= 185 HdrRenderState mRenderHdrSdrRatio=1.0 caller= android.view.SyncRtSurfaceTransactionApplier.applyTransaction:96 android.view.SyncRtSurfaceTransactionApplier.lambda$scheduleApply$0:69 android.view.SyncRtSurfaceTransactionApplier.$r8$lambda$afI4fXg3U3-nBZQEDQMiNy-B06s:0 
2025-08-30 12:06:09.442 10417-10437 VRI[MainAc...y]@251da94 com.memstory                         I  mWNT: t=0xb400007eae23cdd0 mBlastBufferQueue=0xb400007dde23f810 fn= 186 HdrRenderState mRenderHdrSdrRatio=1.0 caller= android.view.SyncRtSurfaceTransactionApplier.applyTransaction:96 android.view.SyncRtSurfaceTransactionApplier.lambda$scheduleApply$0:69 android.view.SyncRtSurfaceTransactionApplier.$r8$lambda$afI4fXg3U3-nBZQEDQMiNy-B06s:0 
2025-08-30 12:06:09.450 10417-10438 VRI[MainAc...y]@251da94 com.memstory                         I  mWNT: t=0xb400007eae23a3d0 mBlastBufferQueue=0xb400007dde23f810 fn= 187 HdrRenderState mRenderHdrSdrRatio=1.0 caller= android.view.SyncRtSurfaceTransactionApplier.applyTransaction:96 android.view.SyncRtSurfaceTransactionApplier.lambda$scheduleApply$0:69 android.view.SyncRtSurfaceTransactionApplier.$r8$lambda$afI4fXg3U3-nBZQEDQMiNy-B06s:0 
2025-08-30 12:06:09.459 10417-10437 VRI[MainAc...y]@251da94 com.memstory                         I  mWNT: t=0xb400007eae23b550 mBlastBufferQueue=0xb400007dde23f810 fn= 188 HdrRenderState mRenderHdrSdrRatio=1.0 caller= android.view.SyncRtSurfaceTransactionApplier.applyTransaction:96 android.view.SyncRtSurfaceTransactionApplier.lambda$scheduleApply$0:69 android.view.SyncRtSurfaceTransactionApplier.$r8$lambda$afI4fXg3U3-nBZQEDQMiNy-B06s:0 
2025-08-30 12:06:09.468 10417-10438 VRI[MainAc...y]@251da94 com.memstory                         I  mWNT: t=0xb400007eae2317d0 mBlastBufferQueue=0xb400007dde23f810 fn= 189 HdrRenderState mRenderHdrSdrRatio=1.0 caller= android.view.SyncRtSurfaceTransactionApplier.applyTransaction:96 android.view.SyncRtSurfaceTransactionApplier.lambda$scheduleApply$0:69 android.view.SyncRtSurfaceTransactionApplier.$r8$lambda$afI4fXg3U3-nBZQEDQMiNy-B06s:0 
2025-08-30 12:06:09.475 10417-10437 VRI[MainAc...y]@251da94 com.memstory                         I  mWNT: t=0xb400007eae231990 mBlastBufferQueue=0xb400007dde23f810 fn= 190 HdrRenderState mRenderHdrSdrRatio=1.0 caller= android.view.SyncRtSurfaceTransactionApplier.applyTransaction:96 android.view.SyncRtSurfaceTransactionApplier.lambda$scheduleApply$0:69 android.view.SyncRtSurfaceTransactionApplier.$r8$lambda$afI4fXg3U3-nBZQEDQMiNy-B06s:0 
2025-08-30 12:06:09.484 10417-10438 VRI[MainAc...y]@251da94 com.memstory                         I  mWNT: t=0xb400007eae231ed0 mBlastBufferQueue=0xb400007dde23f810 fn= 191 HdrRenderState mRenderHdrSdrRatio=1.0 caller= android.view.SyncRtSurfaceTransactionApplier.applyTransaction:96 android.view.SyncRtSurfaceTransactionApplier.lambda$scheduleApply$0:69 android.view.SyncRtSurfaceTransactionApplier.$r8$lambda$afI4fXg3U3-nBZQEDQMiNy-B06s:0 
2025-08-30 12:06:09.492 10417-10437 VRI[MainAc...y]@251da94 com.memstory                         I  mWNT: t=0xb400007eae22d710 mBlastBufferQueue=0xb400007dde23f810 fn= 192 HdrRenderState mRenderHdrSdrRatio=1.0 caller= android.view.SyncRtSurfaceTransactionApplier.applyTransaction:96 android.view.SyncRtSurfaceTransactionApplier.lambda$scheduleApply$0:69 android.view.SyncRtSurfaceTransactionApplier.$r8$lambda$afI4fXg3U3-nBZQEDQMiNy-B06s:0 
2025-08-30 12:06:09.504 10417-10438 VRI[MainAc...y]@251da94 com.memstory                         I  mWNT: t=0xb400007eae22f310 mBlastBufferQueue=0xb400007dde23f810 fn= 193 HdrRenderState mRenderHdrSdrRatio=1.0 caller= android.view.SyncRtSurfaceTransactionApplier.applyTransaction:96 android.view.SyncRtSurfaceTransactionApplier.lambda$scheduleApply$0:69 android.view.SyncRtSurfaceTransactionApplier.$r8$lambda$afI4fXg3U3-nBZQEDQMiNy-B06s:0 
2025-08-30 12:06:09.506 10417-10437 VRI[MainAc...y]@251da94 com.memstory                         I  mWNT: t=0xb400007eae231b50 mBlastBufferQueue=0xb400007dde23f810 fn= 193 HdrRenderState mRenderHdrSdrRatio=1.0 caller= android.view.SyncRtSurfaceTransactionApplier.applyTransaction:96 android.view.SyncRtSurfaceTransactionApplier.lambda$scheduleApply$0:69 android.view.SyncRtSurfaceTransactionApplier.$r8$lambda$afI4fXg3U3-nBZQEDQMiNy-B06s:0 
2025-08-30 12:06:09.515 10417-10438 VRI[MainAc...y]@251da94 com.memstory                         I  mWNT: t=0xb400007eae260690 mBlastBufferQueue=0xb400007dde23f810 fn= 194 HdrRenderState mRenderHdrSdrRatio=1.0 caller= android.view.SyncRtSurfaceTransactionApplier.applyTransaction:96 android.view.SyncRtSurfaceTransactionApplier.lambda$scheduleApply$0:69 android.view.SyncRtSurfaceTransactionApplier.$r8$lambda$afI4fXg3U3-nBZQEDQMiNy-B06s:0 
2025-08-30 12:06:09.524 10417-10437 VRI[MainAc...y]@251da94 com.memstory                         I  mWNT: t=0xb400007eae230d50 mBlastBufferQueue=0xb400007dde23f810 fn= 195 HdrRenderState mRenderHdrSdrRatio=1.0 caller= android.view.SyncRtSurfaceTransactionApplier.applyTransaction:96 android.view.SyncRtSurfaceTransactionApplier.lambda$scheduleApply$0:69 android.view.SyncRtSurfaceTransactionApplier.$r8$lambda$afI4fXg3U3-nBZQEDQMiNy-B06s:0 
2025-08-30 12:06:09.532 10417-10438 VRI[MainAc...y]@251da94 com.memstory                         I  mWNT: t=0xb400007eae22e6d0 mBlastBufferQueue=0xb400007dde23f810 fn= 196 HdrRenderState mRenderHdrSdrRatio=1.0 caller= android.view.SyncRtSurfaceTransactionApplier.applyTransaction:96 android.view.SyncRtSurfaceTransactionApplier.lambda$scheduleApply$0:69 android.view.SyncRtSurfaceTransactionApplier.$r8$lambda$afI4fXg3U3-nBZQEDQMiNy-B06s:0 
2025-08-30 12:06:09.540 10417-10437 VRI[MainAc...y]@251da94 com.memstory                         I  mWNT: t=0xb400007eae25fc10 mBlastBufferQueue=0xb400007dde23f810 fn= 197 HdrRenderState mRenderHdrSdrRatio=1.0 caller= android.view.SyncRtSurfaceTransactionApplier.applyTransaction:96 android.view.SyncRtSurfaceTransactionApplier.lambda$scheduleApply$0:69 android.view.SyncRtSurfaceTransactionApplier.$r8$lambda$afI4fXg3U3-nBZQEDQMiNy-B06s:0 
2025-08-30 12:06:09.549 10417-10438 VRI[MainAc...y]@251da94 com.memstory                         I  mWNT: t=0xb400007eae25ff90 mBlastBufferQueue=0xb400007dde23f810 fn= 198 HdrRenderState mRenderHdrSdrRatio=1.0 caller= android.view.SyncRtSurfaceTransactionApplier.applyTransaction:96 android.view.SyncRtSurfaceTransactionApplier.lambda$scheduleApply$0:69 android.view.SyncRtSurfaceTransactionApplier.$r8$lambda$afI4fXg3U3-nBZQEDQMiNy-B06s:0 
2025-08-30 12:06:09.558 10417-10437 VRI[MainAc...y]@251da94 com.memstory                         I  mWNT: t=0xb400007eae25fdd0 mBlastBufferQueue=0xb400007dde23f810 fn= 200 HdrRenderState mRenderHdrSdrRatio=1.0 caller= android.view.SyncRtSurfaceTransactionApplier.applyTransaction:96 android.view.SyncRtSurfaceTransactionApplier.lambda$scheduleApply$0:69 android.view.SyncRtSurfaceTransactionApplier.$r8$lambda$afI4fXg3U3-nBZQEDQMiNy-B06s:0 
2025-08-30 12:06:09.565 10417-10438 VRI[MainAc...y]@251da94 com.memstory                         I  mWNT: t=0xb400007eae25ab90 mBlastBufferQueue=0xb400007dde23f810 fn= 200 HdrRenderState mRenderHdrSdrRatio=1.0 caller= android.view.SyncRtSurfaceTransactionApplier.applyTransaction:96 android.view.SyncRtSurfaceTransactionApplier.lambda$scheduleApply$0:69 android.view.SyncRtSurfaceTransactionApplier.$r8$lambda$afI4fXg3U3-nBZQEDQMiNy-B06s:0 
2025-08-30 12:06:09.576 10417-10437 VRI[MainAc...y]@251da94 com.memstory                         I  mWNT: t=0xb400007eae25dc90 mBlastBufferQueue=0xb400007dde23f810 fn= 202 HdrRenderState mRenderHdrSdrRatio=1.0 caller= android.view.SyncRtSurfaceTransactionApplier.applyTransaction:96 android.view.SyncRtSurfaceTransactionApplier.lambda$scheduleApply$0:69 android.view.SyncRtSurfaceTransactionApplier.$r8$lambda$afI4fXg3U3-nBZQEDQMiNy-B06s:0 
2025-08-30 12:06:09.583 10417-10438 VRI[MainAc...y]@251da94 com.memstory                         I  mWNT: t=0xb400007eae25efd0 mBlastBufferQueue=0xb400007dde23f810 fn= 203 HdrRenderState mRenderHdrSdrRatio=1.0 caller= android.view.SyncRtSurfaceTransactionApplier.applyTransaction:96 android.view.SyncRtSurfaceTransactionApplier.lambda$scheduleApply$0:69 android.view.SyncRtSurfaceTransactionApplier.$r8$lambda$afI4fXg3U3-nBZQEDQMiNy-B06s:0 
2025-08-30 12:06:09.590 10417-10437 VRI[MainAc...y]@251da94 com.memstory                         I  mWNT: t=0xb400007eae25ee10 mBlastBufferQueue=0xb400007dde23f810 fn= 203 HdrRenderState mRenderHdrSdrRatio=1.0 caller= android.view.SyncRtSurfaceTransactionApplier.applyTransaction:96 android.view.SyncRtSurfaceTransactionApplier.lambda$scheduleApply$0:69 android.view.SyncRtSurfaceTransactionApplier.$r8$lambda$afI4fXg3U3-nBZQEDQMiNy-B06s:0 
2025-08-30 12:06:09.599 10417-10438 VRI[MainAc...y]@251da94 com.memstory                         I  mWNT: t=0xb400007eae25a810 mBlastBufferQueue=0xb400007dde23f810 fn= 204 HdrRenderState mRenderHdrSdrRatio=1.0 caller= android.view.SyncRtSurfaceTransactionApplier.applyTransaction:96 android.view.SyncRtSurfaceTransactionApplier.lambda$scheduleApply$0:69 android.view.SyncRtSurfaceTransactionApplier.$r8$lambda$afI4fXg3U3-nBZQEDQMiNy-B06s:0 
2025-08-30 12:06:09.610 10417-10437 VRI[MainAc...y]@251da94 com.memstory                         I  mWNT: t=0xb400007eae25e8d0 mBlastBufferQueue=0xb400007dde23f810 fn= 205 HdrRenderState mRenderHdrSdrRatio=1.0 caller= android.view.SyncRtSurfaceTransactionApplier.applyTransaction:96 android.view.SyncRtSurfaceTransactionApplier.lambda$scheduleApply$0:69 android.view.SyncRtSurfaceTransactionApplier.$r8$lambda$afI4fXg3U3-nBZQEDQMiNy-B06s:0 
2025-08-30 12:06:09.615 10417-10438 VRI[MainAc...y]@251da94 com.memstory                         I  mWNT: t=0xb400007eae25c090 mBlastBufferQueue=0xb400007dde23f810 fn= 206 HdrRenderState mRenderHdrSdrRatio=1.0 caller= android.view.SyncRtSurfaceTransactionApplier.applyTransaction:96 android.view.SyncRtSurfaceTransactionApplier.lambda$scheduleApply$0:69 android.view.SyncRtSurfaceTransactionApplier.$r8$lambda$afI4fXg3U3-nBZQEDQMiNy-B06s:0 
2025-08-30 12:06:09.623 10417-10437 VRI[MainAc...y]@251da94 com.memstory                         I  mWNT: t=0xb400007eae25d050 mBlastBufferQueue=0xb400007dde23f810 fn= 207 HdrRenderState mRenderHdrSdrRatio=1.0 caller= android.view.SyncRtSurfaceTransactionApplier.applyTransaction:96 android.view.SyncRtSurfaceTransactionApplier.lambda$scheduleApply$0:69 android.view.SyncRtSurfaceTransactionApplier.$r8$lambda$afI4fXg3U3-nBZQEDQMiNy-B06s:0 
2025-08-30 12:06:09.632 10417-10438 VRI[MainAc...y]@251da94 com.memstory                         I  mWNT: t=0xb400007eae25d750 mBlastBufferQueue=0xb400007dde23f810 fn= 208 HdrRenderState mRenderHdrSdrRatio=1.0 caller= android.view.SyncRtSurfaceTransactionApplier.applyTransaction:96 android.view.SyncRtSurfaceTransactionApplier.lambda$scheduleApply$0:69 android.view.SyncRtSurfaceTransactionApplier.$r8$lambda$afI4fXg3U3-nBZQEDQMiNy-B06s:0 
2025-08-30 12:06:09.640 10417-10437 VRI[MainAc...y]@251da94 com.memstory                         I  mWNT: t=0xb400007eae260a10 mBlastBufferQueue=0xb400007dde23f810 fn= 209 HdrRenderState mRenderHdrSdrRatio=1.0 caller= android.view.SyncRtSurfaceTransactionApplier.applyTransaction:96 android.view.SyncRtSurfaceTransactionApplier.lambda$scheduleApply$0:69 android.view.SyncRtSurfaceTransactionApplier.$r8$lambda$afI4fXg3U3-nBZQEDQMiNy-B06s:0 
2025-08-30 12:06:09.649 10417-10438 VRI[MainAc...y]@251da94 com.memstory                         I  mWNT: t=0xb400007eae2627d0 mBlastBufferQueue=0xb400007dde23f810 fn= 210 HdrRenderState mRenderHdrSdrRatio=1.0 caller= android.view.SyncRtSurfaceTransactionApplier.applyTransaction:96 android.view.SyncRtSurfaceTransactionApplier.lambda$scheduleApply$0:69 android.view.SyncRtSurfaceTransactionApplier.$r8$lambda$afI4fXg3U3-nBZQEDQMiNy-B06s:0 
2025-08-30 12:06:09.656 10417-10417 InsetsController        com.memstory                         I  cancelAnimation: types=ime, animType=1, host=com.memstory/com.memstory.presentation.MainActivity, from=android.view.InsetsController.notifyFinished:1881 android.view.InsetsAnimationControlImpl.applyChangeInsets:307 android.view.InsetsController.lambda$new$3:931 
2025-08-30 12:06:09.657 10417-10417 ImeTracker              com.memstory                         I  com.memstory:4b84e125: onRequestHide at ORIGIN_CLIENT reason HIDE_SOFT_INPUT_ON_ANIMATION_STATE_CHANGED fromUser false
2025-08-30 12:06:09.657 10417-10417 InputMethodManager_LC   com.memstory                         I  notifyImeHidden: IInputMethodManagerGlobalInvoker.hideSoftInput
2025-08-30 12:06:09.657 10417-10417 ImeTracker              com.memstory                         I  com.memstory:fcf30532: onHidden
2025-08-30 12:06:09.658 10417-10437 VRI[MainAc...y]@251da94 com.memstory                         I  mWNT: t=0xb400007eae260850 mBlastBufferQueue=0xb400007dde23f810 fn= 211 HdrRenderState mRenderHdrSdrRatio=1.0 caller= android.view.SyncRtSurfaceTransactionApplier.applyTransaction:96 android.view.SyncRtSurfaceTransactionApplier.lambda$scheduleApply$0:69 android.view.SyncRtSurfaceTransactionApplier.$r8$lambda$afI4fXg3U3-nBZQEDQMiNy-B06s:0 
2025-08-30 12:06:09.703 10417-10417 InsetsController        com.memstory                         I  onStateChanged: host=com.memstory/com.memstory.presentation.MainActivity, from=android.view.ViewRootImpl.handleResized:2781, state=InsetsState: {mDisplayFrame=Rect(0, 0 - 1080, 2340), mDisplayCutout=DisplayCutout{insets=Rect(0, 83 - 0, 0) waterfall=Insets{left=0, top=0, right=0, bottom=0} boundingRect={Bounds=[Rect(0, 0 - 0, 0), Rect(515, 0 - 566, 83), Rect(0, 0 - 0, 0), Rect(0, 0 - 0, 0)]} cutoutPathParserInfo={CutoutPathParserInfo{displayWidth=1080 displayHeight=2340 physicalDisplayWidth=1080 physicalDisplayHeight=2340 density={2.8125} cutoutSpec={M 0,0 H -9.066666666666667 V 29.6 H 9.066666666666667 V 0 H 0 Z @dp} rotation={0} scale={1.0} physicalPixelDisplaySizeRatio={1.0}}} sideOverrides={}}, mRoundedCorners=RoundedCorners{[RoundedCorner{position=TopLeft, radius=113, center=Point(113, 113)}, RoundedCorner{position=TopRight, radius=113, center=Point(967, 113)}, RoundedCorner{position=BottomRight, radius=113, center=Point(967, 2227)}, RoundedCorner{position=BottomLeft, radius=113, center=Point(113, 2227)}]}  mRoundedCornerFrame=Rect(0, 0 - 1080, 2340), mPrivacyIndicatorBounds=PrivacyIndicatorBounds {static bounds=Rect(956, 0 - 1080, 84) rotation=0}, mDisplayShape=DisplayShape{ spec=-311912193 displayWidth=1440 displayHeight=3120 physicalPixelDisplaySizeRatio=1.0 rotation=0 offsetX=0 offsetY=0 scale=1.0}, mSources= { InsetsSource: {af370001 mType=navigationBars mFrame=[0,2205][1080,2340] mVisible=true mFlags= mSideHint=BOTTOM mBoundingRects=null}, InsetsSource: {af370004 mType=systemGestures mFrame=[0,0][0,0] mVisible=true mFlags= mSideHint=NONE mBoundingRects=null}, InsetsSource: {af370005 mType=mandatorySystemGestures mFrame=[0,2205][1080,2340] mVisible=true mFlags= mSideHint=BOTTOM mBoundingRects=null}, InsetsSource: {af370006 mType=tappableElement mFrame=[0,2205][1080,2340] mVisible=true mFlags= mSideHint=BOTTOM mBoundingRects=null}, InsetsSource: {af370024 mType=systemGestures mFrame=[0,0][0,0] mVisible=true mFlags= mSideHint=NONE mBoundingRects=null}, InsetsSource: {3 mType=ime mFrame=[0,0][0,0] mVisible=false mFlags= mSideHint=NONE mBoundingRects=null}, InsetsSource: {27 mType=displayCutout mFrame=[0,0][1080,83] mVisible=true mFlags= mSideHint=TOP mBoundingRects=null}, InsetsSource: {7940000 mType=statusBars mFrame=[0,0][1080,84] mVisible=true mFlags= mSideHint=TOP mBoundingRects=null}, InsetsSource: {7940005 mType=mandatorySystemGestures mFrame=[0,0][1080,117] mVisible=true mFlags= mSideHint=TOP mBoundingRects=null}, InsetsSource: {7940006 mType=tappableElement mFrame=[0,0][1080,84] mVisible=true mFlags= mSideHint=TOP mBoundingRects=null} }
2025-08-30 12:06:09.703 10417-10417 VRI[MainAc...y]@251da94 com.memstory                         I  handleResized, frames=ClientWindowFrames{frame=[0,0][1080,2340] display=[0,0][1080,2340] parentFrame=[0,0][0,0]} displayId=0 dragResizing=false compatScale=1.0 frameChanged=false attachedFrameChanged=false configChanged=false displayChanged=false compatScaleChanged=false dragResizingChanged=false
2025-08-30 12:06:09.933 10417-10423 com.memstory            com.memstory                         I  Background concurrent mark compact GC freed 23MB AllocSpace bytes, 0(0B) LOS objects, 23% free, 157MB/205MB, paused 3.824ms,1.016ms total 158.205ms
2025-08-30 12:06:10.081 10417-10568 GemmaTokenizer          com.memstory                         D  Loaded 262144 vocab entries for decoding
2025-08-30 12:06:10.081 10417-10568 GemmaTokenizer          com.memstory                         D  Tokenizer initialized with hybrid memory architecture
2025-08-30 12:06:10.081 10417-10568 OnnxLLMEngine           com.memstory                         D  Tokenizer loaded with vocab size: 262144
2025-08-30 12:06:10.081 10417-10568 CompatChangeReporter    com.memstory                         D  Compat change id reported: 312399441; UID 10600; state: ENABLED
2025-08-30 12:06:10.081 10417-10568 OnnxLLMEngine           com.memstory                         D  Copying 998MB model from assets to internal storage...
2025-08-30 12:06:10.081 10417-10568 OnnxLLMEngine           com.memstory                         D  Memory strategy: Java heap (configs) + Native heap (model weights + KV cache)
2025-08-30 12:06:10.140 10417-10423 com.memstory            com.memstory                         I  Background concurrent mark compact GC freed 109MB AllocSpace bytes, 1(59MB) LOS objects, 47% free, 52MB/100MB, paused 87us,970us total 113.401ms
2025-08-30 12:06:10.428 10417-10568 OnnxLLMEngine           com.memstory                         D  Copied 100MB...
2025-08-30 12:06:10.763 10417-10568 OnnxLLMEngine           com.memstory                         D  Copied 200MB...
2025-08-30 12:06:11.097 10417-10568 OnnxLLMEngine           com.memstory                         D  Copied 300MB...
2025-08-30 12:06:11.432 10417-10568 OnnxLLMEngine           com.memstory                         D  Copied 400MB...
2025-08-30 12:06:11.766 10417-10568 OnnxLLMEngine           com.memstory                         D  Copied 500MB...
2025-08-30 12:06:12.099 10417-10568 OnnxLLMEngine           com.memstory                         D  Copied 600MB...
2025-08-30 12:06:12.286 10417-10417 VRI[MainAc...y]@251da94 com.memstory                         I  call setFrameRateCategory for touch hint category=no preference, reason=boost timeout, vri=VRI[MainActivity]@251da94
2025-08-30 12:06:12.424 10417-10568 OnnxLLMEngine           com.memstory                         D  Copied 700MB...
2025-08-30 12:06:12.749 10417-10568 OnnxLLMEngine           com.memstory                         D  Copied 800MB...
2025-08-30 12:06:13.071 10417-10568 OnnxLLMEngine           com.memstory                         D  Copied 900MB...
2025-08-30 12:06:13.236 10417-10568 OnnxLLMEngine           com.memstory                         D  Total copied: 951MB
2025-08-30 12:06:13.246 10417-10568 OnnxLLMEngine           com.memstory                         D  Model ready for native heap loading: 997769309 bytes
2025-08-30 12:06:13.593 10417-10568 Manager                 com.memstory                         I  DeviceManager::DeviceManager
2025-08-30 12:06:13.593 10417-10568 ServerFlag              com.memstory                         W  Failed to parse result of GetServerConfigurableFlag, errno=34
2025-08-30 12:06:13.593 10417-10568 Manager                 com.memstory                         I  findAvailableDevices
2025-08-30 12:06:13.593 10417-10568 HidlServiceManagement   com.memstory                         W  hwservicemanager is not supported on the device.
2025-08-30 12:06:13.593 10417-10568 HidlServiceManagement   com.memstory                         I  Cannot list manifest for android.hardware.neuralnetworks@1.3::IDevice without hwservicemanager
2025-08-30 12:06:13.593 10417-10568 HidlServiceManagement   com.memstory                         I  Cannot list manifest for android.hardware.neuralnetworks@1.2::IDevice without hwservicemanager
2025-08-30 12:06:13.593 10417-10568 HidlServiceManagement   com.memstory                         I  Cannot list manifest for android.hardware.neuralnetworks@1.1::IDevice without hwservicemanager
2025-08-30 12:06:13.593 10417-10568 HidlServiceManagement   com.memstory                         I  Cannot list manifest for android.hardware.neuralnetworks@1.0::IDevice without hwservicemanager
2025-08-30 12:06:17.095 10417-10568 OnnxLLMEngine           com.memstory                         D  ONNX model loaded with NNAPI execution provider (NPU acceleration)
2025-08-30 12:06:17.095 10417-10568 OnnxLLMEngine           com.memstory                         D  LLM Engine initialization completed
2025-08-30 12:06:17.095 10417-10568 LLMConversationService  com.memstory                         D  LLM Service initialized successfully
2025-08-30 12:06:17.095 10417-10568 LLMConversationService  com.memstory                         D  Generating response for: tell me about korea
2025-08-30 12:06:17.095 10417-10568 LLMConversationService  com.memstory                         D  Built prompt with 326 characters
2025-08-30 12:06:17.096 10417-10568 OnnxLLMEngine           com.memstory                         D  Generating response for: You are memSTORY, a helpful AI assistant that lives entirely on the user's phone. 
                                                                                                    You help users organize their thoughts, memories, and ideas. Always be friendly, concise, and helpful.
                                                                                                    Remember that you work completely offline - you have no internet connection.
                                                                                                    
                                                                                                    User: tell me about korea
                                                                                                    User: tell me about korea
                                                                                                    memSTORY: 
2025-08-30 12:06:17.096 10417-10568 GemmaTokenizer          com.memstory                         D  Encoding text: You are memSTORY, a helpful AI assistant that lives entirely on the user's phone. 
                                                                                                    You help users organize their thoughts, memories, and ideas. Always be friendly, concise, and helpful.
                                                                                                    Remember that you work completely offline - you have no internet connection.
                                                                                                    
                                                                                                    User: tell me about korea
                                                                                                    User: tell me about korea
                                                                                                    memSTORY: 
2025-08-30 12:06:17.096 10417-10568 GemmaTokenizer          com.memstory                         D  Encoded to 54 tokens
2025-08-30 12:06:17.096 10417-10568 OnnxLLMEngine           com.memstory                         D  Input tokenized: 54 tokens
2025-08-30 12:06:17.096 10417-10568 OnnxLLMEngine           com.memstory                         D  Starting autoregressive generation with NNAPI acceleration
2025-08-30 12:06:17.096 10417-10568 OnnxLLMEngine           com.memstory                         D  === BATCH PROCESSING WITH KV CACHE ===
2025-08-30 12:06:17.096 10417-10568 OnnxLLMEngine           com.memstory                         D  Input token count: 54
2025-08-30 12:06:17.096 10417-10568 OnnxLLMEngine           com.memstory                         D  Input token IDs: 2,89087,96852,19468,97,256668,2088,94942,150951,224519...
2025-08-30 12:06:17.096 10417-10568 OnnxLLMEngine           com.memstory                         D  Max generation tokens: 512
2025-08-30 12:06:17.096 10417-10568 OnnxLLMEngine           com.memstory                         D  Initial generatedTokens size: 54
2025-08-30 12:06:17.096 10417-10568 OnnxLLMEngine           com.memstory                         D  Gemma 3 1B generation: sliding_window=512, pattern=6, cache=hybrid
2025-08-30 12:06:17.096 10417-10568 OnnxLLMEngine           com.memstory                         D  Model config: vocab=262144, layers=26, heads=4, kv_heads=1
2025-08-30 12:06:17.096 10417-10568 OnnxLLMEngine           com.memstory                         D  Using BATCH PROCESSING with dummy KV cache for mobile efficiency
2025-08-30 12:06:17.096 10417-10568 OnnxLLMEngine           com.memstory                         D  --- Generation Step 1 ---
2025-08-30 12:06:17.096 10417-10568 OnnxLLMEngine           com.memstory                         D  generatedTokens.size: 54
2025-08-30 12:06:17.096 10417-10568 OnnxLLMEngine           com.memstory                         D  inputIds.size: 54
2025-08-30 12:06:17.096 10417-10568 OnnxLLMEngine           com.memstory                         D  positionIds.size: 54
2025-08-30 12:06:17.096 10417-10568 OnnxLLMEngine           com.memstory                         D  Processing tokens: 2,89087,96852,19468,97...
2025-08-30 12:06:17.096 10417-10568 OnnxLLMEngine           com.memstory                         D  inputTensor shape: [1, 54]
2025-08-30 12:06:17.096 10417-10568 OnnxLLMEngine           com.memstory                         D  positionTensor shape: [1, 54]
2025-08-30 12:06:17.099 10417-10568 OnnxLLMEngine           com.memstory                         D  Calling ONNX Runtime inference (batch mode with dummy KV cache)...
2025-08-30 12:06:17.775 10417-10568 OnnxLLMEngine           com.memstory                         D  ONNX inference completed successfully
2025-08-30 12:06:17.775 10417-10568 OnnxLLMEngine           com.memstory                         D  ONNX outputs count: 53
2025-08-30 12:06:17.787 10417-10568 OnnxLLMEngine           com.memstory                         D  Logits shape: [1, 54, 262144]
2025-08-30 12:06:17.957 10417-10568 OnnxLLMEngine           com.memstory                         D  Added next token: 564 (generatedTokens.size now: 55)
2025-08-30 12:06:17.957 10417-10568 OnnxLLMEngine           com.memstory                         D  --- Generation Step 2 ---
2025-08-30 12:06:17.957 10417-10568 OnnxLLMEngine           com.memstory                         D  generatedTokens.size: 55
2025-08-30 12:06:17.957 10417-10568 OnnxLLMEngine           com.memstory                         D  inputIds.size: 55
2025-08-30 12:06:17.957 10417-10568 OnnxLLMEngine           com.memstory                         D  positionIds.size: 55
2025-08-30 12:06:17.957 10417-10568 OnnxLLMEngine           com.memstory                         D  Processing tokens: 2,89087,96852,19468,97...
2025-08-30 12:06:17.957 10417-10568 OnnxLLMEngine           com.memstory                         D  inputTensor shape: [1, 55]
2025-08-30 12:06:17.957 10417-10568 OnnxLLMEngine           com.memstory                         D  positionTensor shape: [1, 55]
2025-08-30 12:06:17.959 10417-10568 OnnxLLMEngine           com.memstory                         D  Calling ONNX Runtime inference (batch mode with dummy KV cache)...
2025-08-30 12:06:18.596 10417-10568 OnnxLLMEngine           com.memstory                         D  ONNX inference completed successfully
2025-08-30 12:06:18.596 10417-10568 OnnxLLMEngine           com.memstory                         D  ONNX outputs count: 53
2025-08-30 12:06:18.611 10417-10568 OnnxLLMEngine           com.memstory                         D  Logits shape: [1, 55, 262144]
2025-08-30 12:06:18.748 10417-10568 OnnxLLMEngine           com.memstory                         D  Added next token: 236789 (generatedTokens.size now: 56)
2025-08-30 12:06:18.748 10417-10568 OnnxLLMEngine           com.memstory                         D  --- Generation Step 3 ---
2025-08-30 12:06:18.748 10417-10568 OnnxLLMEngine           com.memstory                         D  generatedTokens.size: 56
2025-08-30 12:06:18.748 10417-10568 OnnxLLMEngine           com.memstory                         D  inputIds.size: 56
2025-08-30 12:06:18.748 10417-10568 OnnxLLMEngine           com.memstory                         D  positionIds.size: 56
2025-08-30 12:06:18.748 10417-10568 OnnxLLMEngine           com.memstory                         D  Processing tokens: 2,89087,96852,19468,97...
2025-08-30 12:06:18.748 10417-10568 OnnxLLMEngine           com.memstory                         D  inputTensor shape: [1, 56]
2025-08-30 12:06:18.748 10417-10568 OnnxLLMEngine           com.memstory                         D  positionTensor shape: [1, 56]
2025-08-30 12:06:18.748 10417-10568 OnnxLLMEngine           com.memstory                         D  Calling ONNX Runtime inference (batch mode with dummy KV cache)...
2025-08-30 12:06:19.365 10417-10568 OnnxLLMEngine           com.memstory                         D  ONNX inference completed successfully
2025-08-30 12:06:19.365 10417-10568 OnnxLLMEngine           com.memstory                         D  ONNX outputs count: 53
2025-08-30 12:06:19.380 10417-10568 OnnxLLMEngine           com.memstory                         D  Logits shape: [1, 56, 262144]
2025-08-30 12:06:19.519 10417-10568 OnnxLLMEngine           com.memstory                         D  Added next token: 236757 (generatedTokens.size now: 57)
2025-08-30 12:06:19.519 10417-10568 OnnxLLMEngine           com.memstory                         D  --- Generation Step 4 ---
