2025-08-30 08:22:55.167 11881-11901 VRI[MainAc...y]@251da94 com.memstory                         I  mWNT: t=0xb400007eae259310 mBlastBufferQueue=0xb400007dde23dbf0 fn= 190 HdrRenderState mRenderHdrSdrRatio=1.0 caller= android.view.SyncRtSurfaceTransactionApplier.applyTransaction:96 android.view.SyncRtSurfaceTransactionApplier.lambda$scheduleApply$0:69 android.view.SyncRtSurfaceTransactionApplier.$r8$lambda$afI4fXg3U3-nBZQEDQMiNy-B06s:0 
2025-08-30 08:22:55.178 11881-11902 VRI[MainAc...y]@251da94 com.memstory                         I  mWNT: t=0xb400007eae256750 mBlastBufferQueue=0xb400007dde23dbf0 fn= 191 HdrRenderState mRenderHdrSdrRatio=1.0 caller= android.view.SyncRtSurfaceTransactionApplier.applyTransaction:96 android.view.SyncRtSurfaceTransactionApplier.lambda$scheduleApply$0:69 android.view.SyncRtSurfaceTransactionApplier.$r8$lambda$afI4fXg3U3-nBZQEDQMiNy-B06s:0 
2025-08-30 08:22:55.180 11881-11901 VRI[MainAc...y]@251da94 com.memstory                         I  mWNT: t=0xb400007eae264c90 mBlastBufferQueue=0xb400007dde23dbf0 fn= 191 HdrRenderState mRenderHdrSdrRatio=1.0 caller= android.view.SyncRtSurfaceTransactionApplier.applyTransaction:96 android.view.SyncRtSurfaceTransactionApplier.lambda$scheduleApply$0:69 android.view.SyncRtSurfaceTransactionApplier.$r8$lambda$afI4fXg3U3-nBZQEDQMiNy-B06s:0 
2025-08-30 08:22:55.189 11881-11902 VRI[MainAc...y]@251da94 com.memstory                         I  mWNT: t=0xb400007eae2690d0 mBlastBufferQueue=0xb400007dde23dbf0 fn= 192 HdrRenderState mRenderHdrSdrRatio=1.0 caller= android.view.SyncRtSurfaceTransactionApplier.applyTransaction:96 android.view.SyncRtSurfaceTransactionApplier.lambda$scheduleApply$0:69 android.view.SyncRtSurfaceTransactionApplier.$r8$lambda$afI4fXg3U3-nBZQEDQMiNy-B06s:0 
2025-08-30 08:22:55.198 11881-11901 VRI[MainAc...y]@251da94 com.memstory                         I  mWNT: t=0xb400007eae35d490 mBlastBufferQueue=0xb400007dde23dbf0 fn= 193 HdrRenderState mRenderHdrSdrRatio=1.0 caller= android.view.SyncRtSurfaceTransactionApplier.applyTransaction:96 android.view.SyncRtSurfaceTransactionApplier.lambda$scheduleApply$0:69 android.view.SyncRtSurfaceTransactionApplier.$r8$lambda$afI4fXg3U3-nBZQEDQMiNy-B06s:0 
2025-08-30 08:22:55.206 11881-11902 VRI[MainAc...y]@251da94 com.memstory                         I  mWNT: t=0xb400007eae35eb50 mBlastBufferQueue=0xb400007dde23dbf0 fn= 194 HdrRenderState mRenderHdrSdrRatio=1.0 caller= android.view.SyncRtSurfaceTransactionApplier.applyTransaction:96 android.view.SyncRtSurfaceTransactionApplier.lambda$scheduleApply$0:69 android.view.SyncRtSurfaceTransactionApplier.$r8$lambda$afI4fXg3U3-nBZQEDQMiNy-B06s:0 
2025-08-30 08:22:55.214 11881-11901 VRI[MainAc...y]@251da94 com.memstory                         I  mWNT: t=0xb400007eae35d9d0 mBlastBufferQueue=0xb400007dde23dbf0 fn= 195 HdrRenderState mRenderHdrSdrRatio=1.0 caller= android.view.SyncRtSurfaceTransactionApplier.applyTransaction:96 android.view.SyncRtSurfaceTransactionApplier.lambda$scheduleApply$0:69 android.view.SyncRtSurfaceTransactionApplier.$r8$lambda$afI4fXg3U3-nBZQEDQMiNy-B06s:0 
2025-08-30 08:22:55.223 11881-11902 VRI[MainAc...y]@251da94 com.memstory                         I  mWNT: t=0xb400007eae35b190 mBlastBufferQueue=0xb400007dde23dbf0 fn= 196 HdrRenderState mRenderHdrSdrRatio=1.0 caller= android.view.SyncRtSurfaceTransactionApplier.applyTransaction:96 android.view.SyncRtSurfaceTransactionApplier.lambda$scheduleApply$0:69 android.view.SyncRtSurfaceTransactionApplier.$r8$lambda$afI4fXg3U3-nBZQEDQMiNy-B06s:0 
2025-08-30 08:22:55.231 11881-11901 VRI[MainAc...y]@251da94 com.memstory                         I  mWNT: t=0xb400007eae35fb10 mBlastBufferQueue=0xb400007dde23dbf0 fn= 197 HdrRenderState mRenderHdrSdrRatio=1.0 caller= android.view.SyncRtSurfaceTransactionApplier.applyTransaction:96 android.view.SyncRtSurfaceTransactionApplier.lambda$scheduleApply$0:69 android.view.SyncRtSurfaceTransactionApplier.$r8$lambda$afI4fXg3U3-nBZQEDQMiNy-B06s:0 
2025-08-30 08:22:55.239 11881-11902 VRI[MainAc...y]@251da94 com.memstory                         I  mWNT: t=0xb400007eae35b6d0 mBlastBufferQueue=0xb400007dde23dbf0 fn= 198 HdrRenderState mRenderHdrSdrRatio=1.0 caller= android.view.SyncRtSurfaceTransactionApplier.applyTransaction:96 android.view.SyncRtSurfaceTransactionApplier.lambda$scheduleApply$0:69 android.view.SyncRtSurfaceTransactionApplier.$r8$lambda$afI4fXg3U3-nBZQEDQMiNy-B06s:0 
2025-08-30 08:22:55.249 11881-11901 VRI[MainAc...y]@251da94 com.memstory                         I  mWNT: t=0xb400007eae35cbd0 mBlastBufferQueue=0xb400007dde23dbf0 fn= 200 HdrRenderState mRenderHdrSdrRatio=1.0 caller= android.view.SyncRtSurfaceTransactionApplier.applyTransaction:96 android.view.SyncRtSurfaceTransactionApplier.lambda$scheduleApply$0:69 android.view.SyncRtSurfaceTransactionApplier.$r8$lambda$afI4fXg3U3-nBZQEDQMiNy-B06s:0 
2025-08-30 08:22:55.256 11881-11902 VRI[MainAc...y]@251da94 com.memstory                         I  mWNT: t=0xb400007eae35dd50 mBlastBufferQueue=0xb400007dde23dbf0 fn= 200 HdrRenderState mRenderHdrSdrRatio=1.0 caller= android.view.SyncRtSurfaceTransactionApplier.applyTransaction:96 android.view.SyncRtSurfaceTransactionApplier.lambda$scheduleApply$0:69 android.view.SyncRtSurfaceTransactionApplier.$r8$lambda$afI4fXg3U3-nBZQEDQMiNy-B06s:0 
2025-08-30 08:22:55.264 11881-11901 VRI[MainAc...y]@251da94 com.memstory                         I  mWNT: t=0xb400007eae35ca10 mBlastBufferQueue=0xb400007dde23dbf0 fn= 201 HdrRenderState mRenderHdrSdrRatio=1.0 caller= android.view.SyncRtSurfaceTransactionApplier.applyTransaction:96 android.view.SyncRtSurfaceTransactionApplier.lambda$scheduleApply$0:69 android.view.SyncRtSurfaceTransactionApplier.$r8$lambda$afI4fXg3U3-nBZQEDQMiNy-B06s:0 
2025-08-30 08:22:55.273 11881-11902 VRI[MainAc...y]@251da94 com.memstory                         I  mWNT: t=0xb400007eae35f090 mBlastBufferQueue=0xb400007dde23dbf0 fn= 202 HdrRenderState mRenderHdrSdrRatio=1.0 caller= android.view.SyncRtSurfaceTransactionApplier.applyTransaction:96 android.view.SyncRtSurfaceTransactionApplier.lambda$scheduleApply$0:69 android.view.SyncRtSurfaceTransactionApplier.$r8$lambda$afI4fXg3U3-nBZQEDQMiNy-B06s:0 
2025-08-30 08:22:55.281 11881-11901 VRI[MainAc...y]@251da94 com.memstory                         I  mWNT: t=0xb400007eae269450 mBlastBufferQueue=0xb400007dde23dbf0 fn= 203 HdrRenderState mRenderHdrSdrRatio=1.0 caller= android.view.SyncRtSurfaceTransactionApplier.applyTransaction:96 android.view.SyncRtSurfaceTransactionApplier.lambda$scheduleApply$0:69 android.view.SyncRtSurfaceTransactionApplier.$r8$lambda$afI4fXg3U3-nBZQEDQMiNy-B06s:0 
2025-08-30 08:22:55.292 11881-11902 VRI[MainAc...y]@251da94 com.memstory                         I  mWNT: t=0xb400007eae25fc10 mBlastBufferQueue=0xb400007dde23dbf0 fn= 204 HdrRenderState mRenderHdrSdrRatio=1.0 caller= android.view.SyncRtSurfaceTransactionApplier.applyTransaction:96 android.view.SyncRtSurfaceTransactionApplier.lambda$scheduleApply$0:69 android.view.SyncRtSurfaceTransactionApplier.$r8$lambda$afI4fXg3U3-nBZQEDQMiNy-B06s:0 
2025-08-30 08:22:55.297 11881-11901 VRI[MainAc...y]@251da94 com.memstory                         I  mWNT: t=0xb400007eae25ff90 mBlastBufferQueue=0xb400007dde23dbf0 fn= 205 HdrRenderState mRenderHdrSdrRatio=1.0 caller= android.view.SyncRtSurfaceTransactionApplier.applyTransaction:96 android.view.SyncRtSurfaceTransactionApplier.lambda$scheduleApply$0:69 android.view.SyncRtSurfaceTransactionApplier.$r8$lambda$afI4fXg3U3-nBZQEDQMiNy-B06s:0 
2025-08-30 08:22:55.305 11881-11902 VRI[MainAc...y]@251da94 com.memstory                         I  mWNT: t=0xb400007eae25fdd0 mBlastBufferQueue=0xb400007dde23dbf0 fn= 206 HdrRenderState mRenderHdrSdrRatio=1.0 caller= android.view.SyncRtSurfaceTransactionApplier.applyTransaction:96 android.view.SyncRtSurfaceTransactionApplier.lambda$scheduleApply$0:69 android.view.SyncRtSurfaceTransactionApplier.$r8$lambda$afI4fXg3U3-nBZQEDQMiNy-B06s:0 
2025-08-30 08:22:55.314 11881-11901 VRI[MainAc...y]@251da94 com.memstory                         I  mWNT: t=0xb400007eae25ab90 mBlastBufferQueue=0xb400007dde23dbf0 fn= 207 HdrRenderState mRenderHdrSdrRatio=1.0 caller= android.view.SyncRtSurfaceTransactionApplier.applyTransaction:96 android.view.SyncRtSurfaceTransactionApplier.lambda$scheduleApply$0:69 android.view.SyncRtSurfaceTransactionApplier.$r8$lambda$afI4fXg3U3-nBZQEDQMiNy-B06s:0 
2025-08-30 08:22:55.323 11881-11902 VRI[MainAc...y]@251da94 com.memstory                         I  mWNT: t=0xb400007eae25dc90 mBlastBufferQueue=0xb400007dde23dbf0 fn= 208 HdrRenderState mRenderHdrSdrRatio=1.0 caller= android.view.SyncRtSurfaceTransactionApplier.applyTransaction:96 android.view.SyncRtSurfaceTransactionApplier.lambda$scheduleApply$0:69 android.view.SyncRtSurfaceTransactionApplier.$r8$lambda$afI4fXg3U3-nBZQEDQMiNy-B06s:0 
2025-08-30 08:22:55.331 11881-11901 VRI[MainAc...y]@251da94 com.memstory                         I  mWNT: t=0xb400007eae25efd0 mBlastBufferQueue=0xb400007dde23dbf0 fn= 209 HdrRenderState mRenderHdrSdrRatio=1.0 caller= android.view.SyncRtSurfaceTransactionApplier.applyTransaction:96 android.view.SyncRtSurfaceTransactionApplier.lambda$scheduleApply$0:69 android.view.SyncRtSurfaceTransactionApplier.$r8$lambda$afI4fXg3U3-nBZQEDQMiNy-B06s:0 
2025-08-30 08:22:55.339 11881-11902 VRI[MainAc...y]@251da94 com.memstory                         I  mWNT: t=0xb400007eae25ee10 mBlastBufferQueue=0xb400007dde23dbf0 fn= 210 HdrRenderState mRenderHdrSdrRatio=1.0 caller= android.view.SyncRtSurfaceTransactionApplier.applyTransaction:96 android.view.SyncRtSurfaceTransactionApplier.lambda$scheduleApply$0:69 android.view.SyncRtSurfaceTransactionApplier.$r8$lambda$afI4fXg3U3-nBZQEDQMiNy-B06s:0 
2025-08-30 08:22:55.347 11881-11881 InsetsController        com.memstory                         I  cancelAnimation: types=ime, animType=1, host=com.memstory/com.memstory.presentation.MainActivity, from=android.view.InsetsController.notifyFinished:1881 android.view.InsetsAnimationControlImpl.applyChangeInsets:307 android.view.InsetsController.lambda$new$3:931 
2025-08-30 08:22:55.348 11881-11881 ImeTracker              com.memstory                         I  com.memstory:eda12005: onRequestHide at ORIGIN_CLIENT reason HIDE_SOFT_INPUT_ON_ANIMATION_STATE_CHANGED fromUser false
2025-08-30 08:22:55.348 11881-11881 InputMethodManager_LC   com.memstory                         I  notifyImeHidden: IInputMethodManagerGlobalInvoker.hideSoftInput
2025-08-30 08:22:55.348 11881-11881 ImeTracker              com.memstory                         I  com.memstory:991d05d4: onHidden
2025-08-30 08:22:55.349 11881-11901 VRI[MainAc...y]@251da94 com.memstory                         I  mWNT: t=0xb400007eae25a810 mBlastBufferQueue=0xb400007dde23dbf0 fn= 211 HdrRenderState mRenderHdrSdrRatio=1.0 caller= android.view.SyncRtSurfaceTransactionApplier.applyTransaction:96 android.view.SyncRtSurfaceTransactionApplier.lambda$scheduleApply$0:69 android.view.SyncRtSurfaceTransactionApplier.$r8$lambda$afI4fXg3U3-nBZQEDQMiNy-B06s:0 
2025-08-30 08:22:55.384 11881-11881 InsetsController        com.memstory                         I  onStateChanged: host=com.memstory/com.memstory.presentation.MainActivity, from=android.view.ViewRootImpl.handleResized:2781, state=InsetsState: {mDisplayFrame=Rect(0, 0 - 1080, 2340), mDisplayCutout=DisplayCutout{insets=Rect(0, 83 - 0, 0) waterfall=Insets{left=0, top=0, right=0, bottom=0} boundingRect={Bounds=[Rect(0, 0 - 0, 0), Rect(515, 0 - 566, 83), Rect(0, 0 - 0, 0), Rect(0, 0 - 0, 0)]} cutoutPathParserInfo={CutoutPathParserInfo{displayWidth=1080 displayHeight=2340 physicalDisplayWidth=1080 physicalDisplayHeight=2340 density={2.8125} cutoutSpec={M 0,0 H -9.066666666666667 V 29.6 H 9.066666666666667 V 0 H 0 Z @dp} rotation={0} scale={1.0} physicalPixelDisplaySizeRatio={1.0}}} sideOverrides={}}, mRoundedCorners=RoundedCorners{[RoundedCorner{position=TopLeft, radius=113, center=Point(113, 113)}, RoundedCorner{position=TopRight, radius=113, center=Point(967, 113)}, RoundedCorner{position=BottomRight, radius=113, center=Point(967, 2227)}, RoundedCorner{position=BottomLeft, radius=113, center=Point(113, 2227)}]}  mRoundedCornerFrame=Rect(0, 0 - 1080, 2340), mPrivacyIndicatorBounds=PrivacyIndicatorBounds {static bounds=Rect(956, 0 - 1080, 84) rotation=0}, mDisplayShape=DisplayShape{ spec=-311912193 displayWidth=1440 displayHeight=3120 physicalPixelDisplaySizeRatio=1.0 rotation=0 offsetX=0 offsetY=0 scale=1.0}, mSources= { InsetsSource: {af370001 mType=navigationBars mFrame=[0,2205][1080,2340] mVisible=true mFlags= mSideHint=BOTTOM mBoundingRects=null}, InsetsSource: {af370004 mType=systemGestures mFrame=[0,0][0,0] mVisible=true mFlags= mSideHint=NONE mBoundingRects=null}, InsetsSource: {af370005 mType=mandatorySystemGestures mFrame=[0,2205][1080,2340] mVisible=true mFlags= mSideHint=BOTTOM mBoundingRects=null}, InsetsSource: {af370006 mType=tappableElement mFrame=[0,2205][1080,2340] mVisible=true mFlags= mSideHint=BOTTOM mBoundingRects=null}, InsetsSource: {af370024 mType=systemGestures mFrame=[0,0][0,0] mVisible=true mFlags= mSideHint=NONE mBoundingRects=null}, InsetsSource: {3 mType=ime mFrame=[0,0][0,0] mVisible=false mFlags= mSideHint=NONE mBoundingRects=null}, InsetsSource: {27 mType=displayCutout mFrame=[0,0][1080,83] mVisible=true mFlags= mSideHint=TOP mBoundingRects=null}, InsetsSource: {7940000 mType=statusBars mFrame=[0,0][1080,84] mVisible=true mFlags= mSideHint=TOP mBoundingRects=null}, InsetsSource: {7940005 mType=mandatorySystemGestures mFrame=[0,0][1080,117] mVisible=true mFlags= mSideHint=TOP mBoundingRects=null}, InsetsSource: {7940006 mType=tappableElement mFrame=[0,0][1080,84] mVisible=true mFlags= mSideHint=TOP mBoundingRects=null} }
2025-08-30 08:22:55.384 11881-11881 VRI[MainAc...y]@251da94 com.memstory                         I  handleResized, frames=ClientWindowFrames{frame=[0,0][1080,2340] display=[0,0][1080,2340] parentFrame=[0,0][0,0]} displayId=0 dragResizing=false compatScale=1.0 frameChanged=false attachedFrameChanged=false configChanged=false displayChanged=false compatScaleChanged=false dragResizingChanged=false
2025-08-30 08:22:55.607 11881-11888 com.memstory            com.memstory                         I  Background concurrent mark compact GC freed 22MB AllocSpace bytes, 0(0B) LOS objects, 23% free, 155MB/203MB, paused 4.028ms,996us total 157.021ms
2025-08-30 08:22:55.766 11881-12087 GemmaTokenizer          com.memstory                         D  Loaded 262144 vocab entries for decoding
2025-08-30 08:22:55.766 11881-12087 GemmaTokenizer          com.memstory                         D  Tokenizer initialized with hybrid memory architecture
2025-08-30 08:22:55.766 11881-12087 OnnxLLMEngine           com.memstory                         D  Tokenizer loaded with vocab size: 262144
2025-08-30 08:22:55.766 11881-12087 CompatChangeReporter    com.memstory                         D  Compat change id reported: 312399441; UID 10591; state: ENABLED
2025-08-30 08:22:55.766 11881-12087 OnnxLLMEngine           com.memstory                         D  Copying 998MB model from assets to internal storage...
2025-08-30 08:22:55.766 11881-12087 OnnxLLMEngine           com.memstory                         D  Memory strategy: Java heap (configs) + Native heap (model weights + KV cache)
2025-08-30 08:22:55.931 11881-11888 com.memstory            com.memstory                         I  Background concurrent mark compact GC freed 14MB AllocSpace bytes, 0(0B) LOS objects, 18% free, 207MB/255MB, paused 84us,837us total 233.531ms
2025-08-30 08:22:56.124 11881-12087 OnnxLLMEngine           com.memstory                         D  Copied 100MB...
2025-08-30 08:22:56.463 11881-12087 OnnxLLMEngine           com.memstory                         D  Copied 200MB...
2025-08-30 08:22:56.799 11881-12087 OnnxLLMEngine           com.memstory                         D  Copied 300MB...
2025-08-30 08:22:57.137 11881-12087 OnnxLLMEngine           com.memstory                         D  Copied 400MB...
2025-08-30 08:22:57.473 11881-12087 OnnxLLMEngine           com.memstory                         D  Copied 500MB...
2025-08-30 08:22:57.807 11881-12087 OnnxLLMEngine           com.memstory                         D  Copied 600MB...
2025-08-30 08:22:57.969 11881-11881 VRI[MainAc...y]@251da94 com.memstory                         I  call setFrameRateCategory for touch hint category=no preference, reason=boost timeout, vri=VRI[MainActivity]@251da94
2025-08-30 08:22:58.128 11881-12087 OnnxLLMEngine           com.memstory                         D  Copied 700MB...
2025-08-30 08:22:58.451 11881-12087 OnnxLLMEngine           com.memstory                         D  Copied 800MB...
2025-08-30 08:22:58.773 11881-12087 OnnxLLMEngine           com.memstory                         D  Copied 900MB...
2025-08-30 08:22:58.937 11881-12087 OnnxLLMEngine           com.memstory                         D  Total copied: 951MB
2025-08-30 08:22:58.955 11881-12087 OnnxLLMEngine           com.memstory                         D  Model ready for native heap loading: 997769309 bytes
2025-08-30 08:22:59.251 11881-12087 Manager                 com.memstory                         I  DeviceManager::DeviceManager
2025-08-30 08:22:59.251 11881-12087 ServerFlag              com.memstory                         W  Failed to parse result of GetServerConfigurableFlag, errno=34
2025-08-30 08:22:59.251 11881-12087 Manager                 com.memstory                         I  findAvailableDevices
2025-08-30 08:22:59.251 11881-12087 HidlServiceManagement   com.memstory                         W  hwservicemanager is not supported on the device.
2025-08-30 08:22:59.251 11881-12087 HidlServiceManagement   com.memstory                         I  Cannot list manifest for android.hardware.neuralnetworks@1.3::IDevice without hwservicemanager
2025-08-30 08:22:59.251 11881-12087 HidlServiceManagement   com.memstory                         I  Cannot list manifest for android.hardware.neuralnetworks@1.2::IDevice without hwservicemanager
2025-08-30 08:22:59.251 11881-12087 HidlServiceManagement   com.memstory                         I  Cannot list manifest for android.hardware.neuralnetworks@1.1::IDevice without hwservicemanager
2025-08-30 08:22:59.251 11881-12087 HidlServiceManagement   com.memstory                         I  Cannot list manifest for android.hardware.neuralnetworks@1.0::IDevice without hwservicemanager
2025-08-30 08:23:02.861 11881-12087 OnnxLLMEngine           com.memstory                         D  ONNX model loaded with NNAPI execution provider (NPU acceleration)
2025-08-30 08:23:02.861 11881-12087 OnnxLLMEngine           com.memstory                         D  LLM Engine initialization completed
2025-08-30 08:23:02.861 11881-12087 LLMConversationService  com.memstory                         D  LLM Service initialized successfully
2025-08-30 08:23:02.861 11881-12087 LLMConversationService  com.memstory                         D  Generating response for: tell me about korea
2025-08-30 08:23:02.861 11881-12087 LLMConversationService  com.memstory                         D  Built prompt with 326 characters
2025-08-30 08:23:02.861 11881-12087 OnnxLLMEngine           com.memstory                         D  Generating response for: You are memSTORY, a helpful AI assistant that lives entirely on the user's phone. 
                                                                                                    You help users organize their thoughts, memories, and ideas. Always be friendly, concise, and helpful.
                                                                                                    Remember that you work completely offline - you have no internet connection.
                                                                                                    
                                                                                                    User: tell me about korea
                                                                                                    User: tell me about korea
                                                                                                    memSTORY: 
2025-08-30 08:23:02.861 11881-12087 GemmaTokenizer          com.memstory                         D  Encoding text: You are memSTORY, a helpful AI assistant that lives entirely on the user's phone. 
                                                                                                    You help users organize their thoughts, memories, and ideas. Always be friendly, concise, and helpful.
                                                                                                    Remember that you work completely offline - you have no internet connection.
                                                                                                    
                                                                                                    User: tell me about korea
                                                                                                    User: tell me about korea
                                                                                                    memSTORY: 
2025-08-30 08:23:02.861 11881-12087 GemmaTokenizer          com.memstory                         D  Encoded to 54 tokens
2025-08-30 08:23:02.861 11881-12087 OnnxLLMEngine           com.memstory                         D  Input tokenized: 54 tokens
2025-08-30 08:23:02.861 11881-12087 OnnxLLMEngine           com.memstory                         D  Starting autoregressive generation with NNAPI acceleration
2025-08-30 08:23:02.862 11881-12087 OnnxLLMEngine           com.memstory                         D  Gemma 3 1B generation: sliding_window=512, cache=hybrid
2025-08-30 08:23:03.730 11881-12087 OnnxLLMEngine           com.memstory                         D  First inference completed, switching from dummy to actual KV cache
2025-08-30 08:23:10.548 11881-12087 onnxruntime             com.memstory                         E   [E:onnxruntime:, sequential_executor.cc:572 ExecuteKernel] Non-zero status code returned while running Cast node. Name:'past_key_values.5.value_fp16' Status Message: /onnxruntime_src/onnxruntime/core/framework/op_kernel.cc:83 virtual OrtValue *onnxruntime::OpKernelContext::OutputMLValue(int, const TensorShape &) status.IsOK() was false. Shape mismatch attempting to re-use buffer. {1,1,512,256} != {1,1,523,256}. Validate usage of dim_value (values should be > 0) and dim_param (all values with the same string should equate to the same size) in shapes in the model.
2025-08-30 08:23:10.549 11881-12087 OnnxLLMEngine           com.memstory                         E  Error generating token 9: Error code - ORT_RUNTIME_EXCEPTION - message: Non-zero status code returned while running Cast node. Name:'past_key_values.5.value_fp16' Status Message: /onnxruntime_src/onnxruntime/core/framework/op_kernel.cc:83 virtual OrtValue *onnxruntime::OpKernelContext::OutputMLValue(int, const TensorShape &) status.IsOK() was false. Shape mismatch attempting to re-use buffer. {1,1,512,256} != {1,1,523,256}. Validate usage of dim_value (values should be > 0) and dim_param (all values with the same string should equate to the same size) in shapes in the model.
2025-08-30 08:23:10.549 11881-12087 GemmaTokenizer          com.memstory                         D  Decoding 9 tokens
2025-08-30 08:23:10.549 11881-12087 GemmaTokenizer          com.memstory                         D  Decoded text: materialized in a
                                                                                                    A <thead> Tiffany
2025-08-30 08:23:10.549 11881-12087 OnnxLLMEngine           com.memstory                         D  Generation completed:
                                                                                                    - Input tokens: 54
                                                                                                    - Generated tokens: 9
                                                                                                    - Total conversation tokens: 63
                                                                                                    - KV cache size: 1.5996094MB
2025-08-30 08:23:10.549 11881-12087 OnnxLLMEngine           com.memstory                         D  Response generated: materialized in a
                                                                                                    A <thead> Tiffany
2025-08-30 08:23:10.549 11881-12087 LLMConversationService  com.memstory                         D  Generated response in 7688ms: materialized in a
                                                                                                    A <thead> Tiffany