2025-08-30 08:52:10.253 16461-16461 ImeTracker              com.memstory                         I  com.memstory:61681f10: onRequestHide at ORIGIN_CLIENT reason HIDE_SOFT_INPUT_BY_INSETS_API fromUser false
2025-08-30 08:52:10.253 16461-16461 InsetsController        com.memstory                         I  setRequestedVisibleTypes: visible=false, mask=ime, host=com.memstory/com.memstory.presentation.MainActivity, from=android.view.InsetsController.controlAnimationUnchecked:1497 android.view.InsetsController.applyAnimation:2218 android.view.InsetsController.applyAnimation:2150 android.view.InsetsController.hide:1451 android.view.InsetsController.hide:1367 androidx.core.view.SoftwareKeyboardControllerCompat$Impl30.hide:227 androidx.core.view.SoftwareKeyboardControllerCompat.hide:81 androidx.compose.ui.text.input.InputMethodManagerImpl.hideSoftInput:88 androidx.compose.ui.text.input.TextInputServiceAndroid.setKeyboardVisibleImmediately:459 androidx.compose.ui.text.input.TextInputServiceAndroid.processInputCommands:345 
2025-08-30 08:52:10.253 16461-16461 ImeTracker              com.memstory                         I  com.memstory:a7a0faef: onRequestHide at ORIGIN_CLIENT reason HIDE_SOFT_INPUT_REQUEST_HIDE_WITH_CONTROL fromUser false
2025-08-30 08:52:10.253 16461-16461 InputMethodManager_LC   com.memstory                         I  notifyImeHidden: IInputMethodManagerGlobalInvoker.hideSoftInput
2025-08-30 08:52:10.254 16461-16461 InsetsController        com.memstory                         I  controlAnimationUncheckedInner: Added types=ime, animType=1, host=com.memstory/com.memstory.presentation.MainActivity, from=android.view.InsetsController.controlAnimationUnchecked:1501 android.view.InsetsController.applyAnimation:2218 android.view.InsetsController.applyAnimation:2150 
2025-08-30 08:52:10.254 16461-16461 InputMethodManagerUtils com.memstory                         D  startInputInner - Id : 0
2025-08-30 08:52:10.254 16461-16461 InputMethodManager      com.memstory                         I  startInputInner - IInputMethodManagerGlobalInvoker.startInputOrWindowGainedFocus
2025-08-30 08:52:10.255 16461-16461 RemoteInpu...ectionImpl com.memstory                         W  getExtractedText on inactive InputConnection
2025-08-30 08:52:10.255 16461-16482 VRI[MainAc...y]@251da94 com.memstory                         I  mWNT: t=0xb400007eae3490d0 mBlastBufferQueue=0xb400007dde23dbf0 fn= 2155 HdrRenderState mRenderHdrSdrRatio=1.0 caller= android.view.SyncRtSurfaceTransactionApplier.applyTransaction:96 android.view.SyncRtSurfaceTransactionApplier.lambda$scheduleApply$0:69 android.view.SyncRtSurfaceTransactionApplier.$r8$lambda$afI4fXg3U3-nBZQEDQMiNy-B06s:0 
2025-08-30 08:52:10.256 16461-16475 InputTransport          com.memstory                         D  Input channel constructed: 'ClientS', fd=155
2025-08-30 08:52:10.258 16461-16483 VRI[MainAc...y]@251da94 com.memstory                         I  mWNT: t=0xb400007eae259bd0 mBlastBufferQueue=0xb400007dde23dbf0 fn= 2155 HdrRenderState mRenderHdrSdrRatio=1.0 caller= android.view.SyncRtSurfaceTransactionApplier.applyTransaction:96 android.view.SyncRtSurfaceTransactionApplier.lambda$scheduleApply$0:69 android.view.SyncRtSurfaceTransactionApplier.$r8$lambda$afI4fXg3U3-nBZQEDQMiNy-B06s:0 
2025-08-30 08:52:10.258 16461-16461 InsetsController        com.memstory                         I  onStateChanged: host=com.memstory/com.memstory.presentation.MainActivity, from=android.view.ViewRootImpl.handleResized:2781, state=InsetsState: {mDisplayFrame=Rect(0, 0 - 1080, 2340), mDisplayCutout=DisplayCutout{insets=Rect(0, 83 - 0, 0) waterfall=Insets{left=0, top=0, right=0, bottom=0} boundingRect={Bounds=[Rect(0, 0 - 0, 0), Rect(515, 0 - 566, 83), Rect(0, 0 - 0, 0), Rect(0, 0 - 0, 0)]} cutoutPathParserInfo={CutoutPathParserInfo{displayWidth=1080 displayHeight=2340 physicalDisplayWidth=1080 physicalDisplayHeight=2340 density={2.8125} cutoutSpec={M 0,0 H -9.066666666666667 V 29.6 H 9.066666666666667 V 0 H 0 Z @dp} rotation={0} scale={1.0} physicalPixelDisplaySizeRatio={1.0}}} sideOverrides={}}, mRoundedCorners=RoundedCorners{[RoundedCorner{position=TopLeft, radius=113, center=Point(113, 113)}, RoundedCorner{position=TopRight, radius=113, center=Point(967, 113)}, RoundedCorner{position=BottomRight, radius=113, center=Point(967, 2227)}, RoundedCorner{position=BottomLeft, radius=113, center=Point(113, 2227)}]}  mRoundedCornerFrame=Rect(0, 0 - 1080, 2340), mPrivacyIndicatorBounds=PrivacyIndicatorBounds {static bounds=Rect(956, 0 - 1080, 84) rotation=0}, mDisplayShape=DisplayShape{ spec=-311912193 displayWidth=1440 displayHeight=3120 physicalPixelDisplaySizeRatio=1.0 rotation=0 offsetX=0 offsetY=0 scale=1.0}, mSources= { InsetsSource: {af370001 mType=navigationBars mFrame=[0,2205][1080,2340] mVisible=true mFlags= mSideHint=BOTTOM mBoundingRects=null}, InsetsSource: {af370004 mType=systemGestures mFrame=[0,0][0,0] mVisible=true mFlags= mSideHint=NONE mBoundingRects=null}, InsetsSource: {af370005 mType=mandatorySystemGestures mFrame=[0,2205][1080,2340] mVisible=true mFlags= mSideHint=BOTTOM mBoundingRects=null}, InsetsSource: {af370006 mType=tappableElement mFrame=[0,2205][1080,2340] mVisible=true mFlags= mSideHint=BOTTOM mBoundingRects=null}, InsetsSource: {af370024 mType=systemGestures mFrame=[0,0][0,0] mVisible=true mFlags= mSideHint=NONE mBoundingRects=null}, InsetsSource: {3 mType=ime mFrame=[0,1332][1080,2340] mVisible=false mFlags= mSideHint=BOTTOM mBoundingRects=null}, InsetsSource: {27 mType=displayCutout mFrame=[0,0][1080,83] mVisible=true mFlags= mSideHint=TOP mBoundingRects=null}, InsetsSource: {7940000 mType=statusBars mFrame=[0,0][1080,84] mVisible=true mFlags= mSideHint=TOP mBoundingRects=null}, InsetsSource: {7940005 mType=mandatorySystemGestures mFrame=[0,0][1080,117] mVisible=true mFlags= mSideHint=TOP mBoundingRects=null}, InsetsSource: {7940006 mType=tappableElement mFrame=[0,0][1080,84] mVisible=true mFlags= mSideHint=TOP mBoundingRects=null} }
2025-08-30 08:52:10.258 16461-16461 VRI[MainAc...y]@251da94 com.memstory                         I  handleResized, frames=ClientWindowFrames{frame=[0,0][1080,2340] display=[0,0][1080,2340] parentFrame=[0,0][0,0]} displayId=0 dragResizing=false compatScale=1.0 frameChanged=false attachedFrameChanged=false configChanged=false displayChanged=false compatScaleChanged=false dragResizingChanged=false
2025-08-30 08:52:10.262 16461-16482 VRI[MainAc...y]@251da94 com.memstory                         I  mWNT: t=0xb400007eae255b10 mBlastBufferQueue=0xb400007dde23dbf0 fn= 2156 HdrRenderState mRenderHdrSdrRatio=1.0 caller= android.view.SyncRtSurfaceTransactionApplier.applyTransaction:96 android.view.SyncRtSurfaceTransactionApplier.lambda$scheduleApply$0:69 android.view.SyncRtSurfaceTransactionApplier.$r8$lambda$afI4fXg3U3-nBZQEDQMiNy-B06s:0 
2025-08-30 08:52:10.270 16461-16483 VRI[MainAc...y]@251da94 com.memstory                         I  mWNT: t=0xb400007eae2578d0 mBlastBufferQueue=0xb400007dde23dbf0 fn= 2157 HdrRenderState mRenderHdrSdrRatio=1.0 caller= android.view.SyncRtSurfaceTransactionApplier.applyTransaction:96 android.view.SyncRtSurfaceTransactionApplier.lambda$scheduleApply$0:69 android.view.SyncRtSurfaceTransactionApplier.$r8$lambda$afI4fXg3U3-nBZQEDQMiNy-B06s:0 
2025-08-30 08:52:10.270 16461-16461 InsetsSourceConsumer    com.memstory                         I  applyRequestedVisibilityToControl: visible=true, type=navigationBars, host=com.memstory/com.memstory.presentation.MainActivity
2025-08-30 08:52:10.270 16461-16461 RemoteInpu...ectionImpl com.memstory                         W  requestCursorUpdates on inactive InputConnection
2025-08-30 08:52:10.270 16461-16461 RemoteInpu...ectionImpl com.memstory                         W  requestCursorUpdates on inactive InputConnection
2025-08-30 08:52:10.270 16461-16461 InsetsController        com.memstory                         D  show(ime(), fromIme=true)
2025-08-30 08:52:10.271 16461-16461 InsetsController        com.memstory                         I  setRequestedVisibleTypes: visible=true, mask=ime, host=com.memstory/com.memstory.presentation.MainActivity, from=android.view.InsetsController.controlAnimationUnchecked:1497 android.view.InsetsController.applyAnimation:2218 android.view.InsetsController.applyAnimation:2150 android.view.InsetsController.show:1339 android.view.ViewRootImpl$ViewRootHandler.handleMessageImpl:8052 android.view.ViewRootImpl$ViewRootHandler.handleMessage:7987 android.os.Handler.dispatchMessage:107 android.os.Looper.loopOnce:257 android.os.Looper.loop:342 android.app.ActivityThread.main:9579 
2025-08-30 08:52:10.271 16461-16461 ImeTracker              com.memstory                         I  com.memstory:61681f10: onCancelled at PHASE_CLIENT_ANIMATION_CANCEL
2025-08-30 08:52:10.271 16461-16461 InsetsController        com.memstory                         I  cancelAnimation: types=ime, animType=1, host=com.memstory/com.memstory.presentation.MainActivity, from=android.view.InsetsController.cancelExistingControllers:1857 android.view.InsetsController.controlAnimationUncheckedInner:1663 android.view.InsetsController.controlAnimationUnchecked:1501 
2025-08-30 08:52:10.271 16461-16461 InsetsController        com.memstory                         I  controlAnimationUncheckedInner: Added types=ime, animType=0, host=com.memstory/com.memstory.presentation.MainActivity, from=android.view.InsetsController.controlAnimationUnchecked:1501 android.view.InsetsController.applyAnimation:2218 android.view.InsetsController.applyAnimation:2150 
2025-08-30 08:52:10.271 16461-16461 InsetsController        com.memstory                         D  hide(ime(), fromIme=true)
2025-08-30 08:52:10.271 16461-16461 InsetsController        com.memstory                         I  setRequestedVisibleTypes: visible=false, mask=ime, host=com.memstory/com.memstory.presentation.MainActivity, from=android.view.InsetsController.controlAnimationUnchecked:1497 android.view.InsetsController.applyAnimation:2218 android.view.InsetsController.applyAnimation:2150 android.view.InsetsController.hide:1451 android.view.ViewRootImpl$ViewRootHandler.handleMessageImpl:8059 android.view.ViewRootImpl$ViewRootHandler.handleMessage:7987 android.os.Handler.dispatchMessage:107 android.os.Looper.loopOnce:257 android.os.Looper.loop:342 android.app.ActivityThread.main:9579 
2025-08-30 08:52:10.271 16461-16461 ImeTracker              com.memstory                         I  com.memstory:9a17168a: onCancelled at PHASE_CLIENT_ANIMATION_CANCEL
2025-08-30 08:52:10.271 16461-16461 InsetsController        com.memstory                         I  cancelAnimation: types=ime, animType=0, host=com.memstory/com.memstory.presentation.MainActivity, from=android.view.InsetsController.cancelExistingControllers:1857 android.view.InsetsController.controlAnimationUncheckedInner:1663 android.view.InsetsController.controlAnimationUnchecked:1501 
2025-08-30 08:52:10.272 16461-16461 InsetsController        com.memstory                         I  controlAnimationUncheckedInner: Added types=ime, animType=1, host=com.memstory/com.memstory.presentation.MainActivity, from=android.view.InsetsController.controlAnimationUnchecked:1501 android.view.InsetsController.applyAnimation:2218 android.view.InsetsController.applyAnimation:2150 
2025-08-30 08:52:10.280 16461-16482 VRI[MainAc...y]@251da94 com.memstory                         I  mWNT: t=0xb400007eae259a10 mBlastBufferQueue=0xb400007dde23dbf0 fn= 2158 HdrRenderState mRenderHdrSdrRatio=1.0 caller= android.view.SyncRtSurfaceTransactionApplier.applyTransaction:96 android.view.SyncRtSurfaceTransactionApplier.lambda$scheduleApply$0:69 android.view.SyncRtSurfaceTransactionApplier.$r8$lambda$afI4fXg3U3-nBZQEDQMiNy-B06s:0 
2025-08-30 08:52:10.280 16461-16482 VRI[MainAc...y]@251da94 com.memstory                         I  mWNT: t=0xb400007eae35d810 mBlastBufferQueue=0xb400007dde23dbf0 fn= 2158 HdrRenderState mRenderHdrSdrRatio=1.0 caller= android.view.SyncRtSurfaceTransactionApplier.applyTransaction:96 android.view.SyncRtSurfaceTransactionApplier.lambda$scheduleApply$0:69 android.view.SyncRtSurfaceTransactionApplier.$r8$lambda$afI4fXg3U3-nBZQEDQMiNy-B06s:0 
2025-08-30 08:52:10.280 16461-16482 VRI[MainAc...y]@251da94 com.memstory                         I  mWNT: t=0xb400007eae35ba50 mBlastBufferQueue=0xb400007dde23dbf0 fn= 2158 HdrRenderState mRenderHdrSdrRatio=1.0 caller= android.view.SyncRtSurfaceTransactionApplier.applyTransaction:96 android.view.SyncRtSurfaceTransactionApplier.lambda$scheduleApply$0:69 android.view.SyncRtSurfaceTransactionApplier.$r8$lambda$afI4fXg3U3-nBZQEDQMiNy-B06s:0 
2025-08-30 08:52:10.280 16461-16461 InsetsController        com.memstory                         I  onStateChanged: host=com.memstory/com.memstory.presentation.MainActivity, from=android.view.ViewRootImpl.handleResized:2781, state=InsetsState: {mDisplayFrame=Rect(0, 0 - 1080, 2340), mDisplayCutout=DisplayCutout{insets=Rect(0, 83 - 0, 0) waterfall=Insets{left=0, top=0, right=0, bottom=0} boundingRect={Bounds=[Rect(0, 0 - 0, 0), Rect(515, 0 - 566, 83), Rect(0, 0 - 0, 0), Rect(0, 0 - 0, 0)]} cutoutPathParserInfo={CutoutPathParserInfo{displayWidth=1080 displayHeight=2340 physicalDisplayWidth=1080 physicalDisplayHeight=2340 density={2.8125} cutoutSpec={M 0,0 H -9.066666666666667 V 29.6 H 9.066666666666667 V 0 H 0 Z @dp} rotation={0} scale={1.0} physicalPixelDisplaySizeRatio={1.0}}} sideOverrides={}}, mRoundedCorners=RoundedCorners{[RoundedCorner{position=TopLeft, radius=113, center=Point(113, 113)}, RoundedCorner{position=TopRight, radius=113, center=Point(967, 113)}, RoundedCorner{position=BottomRight, radius=113, center=Point(967, 2227)}, RoundedCorner{position=BottomLeft, radius=113, center=Point(113, 2227)}]}  mRoundedCornerFrame=Rect(0, 0 - 1080, 2340), mPrivacyIndicatorBounds=PrivacyIndicatorBounds {static bounds=Rect(956, 0 - 1080, 84) rotation=0}, mDisplayShape=DisplayShape{ spec=-311912193 displayWidth=1440 displayHeight=3120 physicalPixelDisplaySizeRatio=1.0 rotation=0 offsetX=0 offsetY=0 scale=1.0}, mSources= { InsetsSource: {af370001 mType=navigationBars mFrame=[0,2205][1080,2340] mVisible=true mFlags= mSideHint=BOTTOM mBoundingRects=null}, InsetsSource: {af370004 mType=systemGestures mFrame=[0,0][0,0] mVisible=true mFlags= mSideHint=NONE mBoundingRects=null}, InsetsSource: {af370005 mType=mandatorySystemGestures mFrame=[0,2205][1080,2340] mVisible=true mFlags= mSideHint=BOTTOM mBoundingRects=null}, InsetsSource: {af370006 mType=tappableElement mFrame=[0,2205][1080,2340] mVisible=true mFlags= mSideHint=BOTTOM mBoundingRects=null}, InsetsSource: {af370024 mType=systemGestures mFrame=[0,0][0,0] mVisible=true mFlags= mSideHint=NONE mBoundingRects=null}, InsetsSource: {3 mType=ime mFrame=[0,1332][1080,2340] mVisible=true mFlags= mSideHint=BOTTOM mBoundingRects=null}, InsetsSource: {27 mType=displayCutout mFrame=[0,0][1080,83] mVisible=true mFlags= mSideHint=TOP mBoundingRects=null}, InsetsSource: {7940000 mType=statusBars mFrame=[0,0][1080,84] mVisible=true mFlags= mSideHint=TOP mBoundingRects=null}, InsetsSource: {7940005 mType=mandatorySystemGestures mFrame=[0,0][1080,117] mVisible=true mFlags= mSideHint=TOP mBoundingRects=null}, InsetsSource: {7940006 mType=tappableElement mFrame=[0,0][1080,84] mVisible=true mFlags= mSideHint=TOP mBoundingRects=null} }
2025-08-30 08:52:10.280 16461-16461 VRI[MainAc...y]@251da94 com.memstory                         I  handleResized, frames=ClientWindowFrames{frame=[0,0][1080,2340] display=[0,0][1080,2340] parentFrame=[0,0][0,0]} displayId=0 dragResizing=false compatScale=1.0 frameChanged=false attachedFrameChanged=false configChanged=false displayChanged=false compatScaleChanged=false dragResizingChanged=false
2025-08-30 08:52:10.280 16461-16461 VRI[MainAc...y]@251da94 com.memstory                         I  handleResized, frames=ClientWindowFrames{frame=[0,0][1080,2340] display=[0,0][1080,2340] parentFrame=[0,0][0,0]} displayId=0 dragResizing=false compatScale=1.0 frameChanged=false attachedFrameChanged=false configChanged=false displayChanged=false compatScaleChanged=false dragResizingChanged=false
2025-08-30 08:52:10.281 16461-16461 InsetsSourceConsumer    com.memstory                         I  applyRequestedVisibilityToControl: visible=true, type=navigationBars, host=com.memstory/com.memstory.presentation.MainActivity
2025-08-30 08:52:10.287 16461-16483 VRI[MainAc...y]@251da94 com.memstory                         I  mWNT: t=0xb400007eae35e610 mBlastBufferQueue=0xb400007dde23dbf0 fn= 2159 HdrRenderState mRenderHdrSdrRatio=1.0 caller= android.view.SyncRtSurfaceTransactionApplier.applyTransaction:96 android.view.SyncRtSurfaceTransactionApplier.lambda$scheduleApply$0:69 android.view.SyncRtSurfaceTransactionApplier.$r8$lambda$afI4fXg3U3-nBZQEDQMiNy-B06s:0 
2025-08-30 08:52:10.295 16461-16482 VRI[MainAc...y]@251da94 com.memstory                         I  mWNT: t=0xb400007eae35ed10 mBlastBufferQueue=0xb400007dde23dbf0 fn= 2160 HdrRenderState mRenderHdrSdrRatio=1.0 caller= android.view.SyncRtSurfaceTransactionApplier.applyTransaction:96 android.view.SyncRtSurfaceTransactionApplier.lambda$scheduleApply$0:69 android.view.SyncRtSurfaceTransactionApplier.$r8$lambda$afI4fXg3U3-nBZQEDQMiNy-B06s:0 
2025-08-30 08:52:10.303 16461-16483 VRI[MainAc...y]@251da94 com.memstory                         I  mWNT: t=0xb400007eae3577d0 mBlastBufferQueue=0xb400007dde23dbf0 fn= 2161 HdrRenderState mRenderHdrSdrRatio=1.0 caller= android.view.SyncRtSurfaceTransactionApplier.applyTransaction:96 android.view.SyncRtSurfaceTransactionApplier.lambda$scheduleApply$0:69 android.view.SyncRtSurfaceTransactionApplier.$r8$lambda$afI4fXg3U3-nBZQEDQMiNy-B06s:0 
2025-08-30 08:52:10.311 16461-16482 VRI[MainAc...y]@251da94 com.memstory                         I  mWNT: t=0xb400007eae349610 mBlastBufferQueue=0xb400007dde23dbf0 fn= 2162 HdrRenderState mRenderHdrSdrRatio=1.0 caller= android.view.SyncRtSurfaceTransactionApplier.applyTransaction:96 android.view.SyncRtSurfaceTransactionApplier.lambda$scheduleApply$0:69 android.view.SyncRtSurfaceTransactionApplier.$r8$lambda$afI4fXg3U3-nBZQEDQMiNy-B06s:0 
2025-08-30 08:52:10.320 16461-16483 VRI[MainAc...y]@251da94 com.memstory                         I  mWNT: t=0xb400007eae35cbd0 mBlastBufferQueue=0xb400007dde23dbf0 fn= 2163 HdrRenderState mRenderHdrSdrRatio=1.0 caller= android.view.SyncRtSurfaceTransactionApplier.applyTransaction:96 android.view.SyncRtSurfaceTransactionApplier.lambda$scheduleApply$0:69 android.view.SyncRtSurfaceTransactionApplier.$r8$lambda$afI4fXg3U3-nBZQEDQMiNy-B06s:0 
2025-08-30 08:52:10.328 16461-16482 VRI[MainAc...y]@251da94 com.memstory                         I  mWNT: t=0xb400007eae35eb50 mBlastBufferQueue=0xb400007dde23dbf0 fn= 2164 HdrRenderState mRenderHdrSdrRatio=1.0 caller= android.view.SyncRtSurfaceTransactionApplier.applyTransaction:96 android.view.SyncRtSurfaceTransactionApplier.lambda$scheduleApply$0:69 android.view.SyncRtSurfaceTransactionApplier.$r8$lambda$afI4fXg3U3-nBZQEDQMiNy-B06s:0 
2025-08-30 08:52:10.336 16461-16483 VRI[MainAc...y]@251da94 com.memstory                         I  mWNT: t=0xb400007eae35d490 mBlastBufferQueue=0xb400007dde23dbf0 fn= 2165 HdrRenderState mRenderHdrSdrRatio=1.0 caller= android.view.SyncRtSurfaceTransactionApplier.applyTransaction:96 android.view.SyncRtSurfaceTransactionApplier.lambda$scheduleApply$0:69 android.view.SyncRtSurfaceTransactionApplier.$r8$lambda$afI4fXg3U3-nBZQEDQMiNy-B06s:0 
2025-08-30 08:52:10.345 16461-16482 VRI[MainAc...y]@251da94 com.memstory                         I  mWNT: t=0xb400007eae359910 mBlastBufferQueue=0xb400007dde23dbf0 fn= 2166 HdrRenderState mRenderHdrSdrRatio=1.0 caller= android.view.SyncRtSurfaceTransactionApplier.applyTransaction:96 android.view.SyncRtSurfaceTransactionApplier.lambda$scheduleApply$0:69 android.view.SyncRtSurfaceTransactionApplier.$r8$lambda$afI4fXg3U3-nBZQEDQMiNy-B06s:0 
2025-08-30 08:52:10.353 16461-16483 VRI[MainAc...y]@251da94 com.memstory                         I  mWNT: t=0xb400007eae35fb10 mBlastBufferQueue=0xb400007dde23dbf0 fn= 2167 HdrRenderState mRenderHdrSdrRatio=1.0 caller= android.view.SyncRtSurfaceTransactionApplier.applyTransaction:96 android.view.SyncRtSurfaceTransactionApplier.lambda$scheduleApply$0:69 android.view.SyncRtSurfaceTransactionApplier.$r8$lambda$afI4fXg3U3-nBZQEDQMiNy-B06s:0 
2025-08-30 08:52:10.361 16461-16482 VRI[MainAc...y]@251da94 com.memstory                         I  mWNT: t=0xb400007eae35db90 mBlastBufferQueue=0xb400007dde23dbf0 fn= 2168 HdrRenderState mRenderHdrSdrRatio=1.0 caller= android.view.SyncRtSurfaceTransactionApplier.applyTransaction:96 android.view.SyncRtSurfaceTransactionApplier.lambda$scheduleApply$0:69 android.view.SyncRtSurfaceTransactionApplier.$r8$lambda$afI4fXg3U3-nBZQEDQMiNy-B06s:0 
2025-08-30 08:52:10.370 16461-16483 VRI[MainAc...y]@251da94 com.memstory                         I  mWNT: t=0xb400007eae35dd50 mBlastBufferQueue=0xb400007dde23dbf0 fn= 2169 HdrRenderState mRenderHdrSdrRatio=1.0 caller= android.view.SyncRtSurfaceTransactionApplier.applyTransaction:96 android.view.SyncRtSurfaceTransactionApplier.lambda$scheduleApply$0:69 android.view.SyncRtSurfaceTransactionApplier.$r8$lambda$afI4fXg3U3-nBZQEDQMiNy-B06s:0 
2025-08-30 08:52:10.378 16461-16482 VRI[MainAc...y]@251da94 com.memstory                         I  mWNT: t=0xb400007eae35eed0 mBlastBufferQueue=0xb400007dde23dbf0 fn= 2170 HdrRenderState mRenderHdrSdrRatio=1.0 caller= android.view.SyncRtSurfaceTransactionApplier.applyTransaction:96 android.view.SyncRtSurfaceTransactionApplier.lambda$scheduleApply$0:69 android.view.SyncRtSurfaceTransactionApplier.$r8$lambda$afI4fXg3U3-nBZQEDQMiNy-B06s:0 
2025-08-30 08:52:10.386 16461-16483 VRI[MainAc...y]@251da94 com.memstory                         I  mWNT: t=0xb400007eae35c150 mBlastBufferQueue=0xb400007dde23dbf0 fn= 2171 HdrRenderState mRenderHdrSdrRatio=1.0 caller= android.view.SyncRtSurfaceTransactionApplier.applyTransaction:96 android.view.SyncRtSurfaceTransactionApplier.lambda$scheduleApply$0:69 android.view.SyncRtSurfaceTransactionApplier.$r8$lambda$afI4fXg3U3-nBZQEDQMiNy-B06s:0 
2025-08-30 08:52:10.395 16461-16482 VRI[MainAc...y]@251da94 com.memstory                         I  mWNT: t=0xb400007eae35cf50 mBlastBufferQueue=0xb400007dde23dbf0 fn= 2172 HdrRenderState mRenderHdrSdrRatio=1.0 caller= android.view.SyncRtSurfaceTransactionApplier.applyTransaction:96 android.view.SyncRtSurfaceTransactionApplier.lambda$scheduleApply$0:69 android.view.SyncRtSurfaceTransactionApplier.$r8$lambda$afI4fXg3U3-nBZQEDQMiNy-B06s:0 
2025-08-30 08:52:10.403 16461-16483 VRI[MainAc...y]@251da94 com.memstory                         I  mWNT: t=0xb400007eae35fe90 mBlastBufferQueue=0xb400007dde23dbf0 fn= 2172 HdrRenderState mRenderHdrSdrRatio=1.0 caller= android.view.SyncRtSurfaceTransactionApplier.applyTransaction:96 android.view.SyncRtSurfaceTransactionApplier.lambda$scheduleApply$0:69 android.view.SyncRtSurfaceTransactionApplier.$r8$lambda$afI4fXg3U3-nBZQEDQMiNy-B06s:0 
2025-08-30 08:52:10.411 16461-16482 VRI[MainAc...y]@251da94 com.memstory                         I  mWNT: t=0xb400007eae35df10 mBlastBufferQueue=0xb400007dde23dbf0 fn= 2173 HdrRenderState mRenderHdrSdrRatio=1.0 caller= android.view.SyncRtSurfaceTransactionApplier.applyTransaction:96 android.view.SyncRtSurfaceTransactionApplier.lambda$scheduleApply$0:69 android.view.SyncRtSurfaceTransactionApplier.$r8$lambda$afI4fXg3U3-nBZQEDQMiNy-B06s:0 
2025-08-30 08:52:10.418 16461-16483 VRI[MainAc...y]@251da94 com.memstory                         I  mWNT: t=0xb400007eae35c850 mBlastBufferQueue=0xb400007dde23dbf0 fn= 2174 HdrRenderState mRenderHdrSdrRatio=1.0 caller= android.view.SyncRtSurfaceTransactionApplier.applyTransaction:96 android.view.SyncRtSurfaceTransactionApplier.lambda$scheduleApply$0:69 android.view.SyncRtSurfaceTransactionApplier.$r8$lambda$afI4fXg3U3-nBZQEDQMiNy-B06s:0 
2025-08-30 08:52:10.427 16461-16482 VRI[MainAc...y]@251da94 com.memstory                         I  mWNT: t=0xb400007eae35d650 mBlastBufferQueue=0xb400007dde23dbf0 fn= 2175 HdrRenderState mRenderHdrSdrRatio=1.0 caller= android.view.SyncRtSurfaceTransactionApplier.applyTransaction:96 android.view.SyncRtSurfaceTransactionApplier.lambda$scheduleApply$0:69 android.view.SyncRtSurfaceTransactionApplier.$r8$lambda$afI4fXg3U3-nBZQEDQMiNy-B06s:0 
2025-08-30 08:52:10.434 16461-16483 VRI[MainAc...y]@251da94 com.memstory                         I  mWNT: t=0xb400007eae3611d0 mBlastBufferQueue=0xb400007dde23dbf0 fn= 2176 HdrRenderState mRenderHdrSdrRatio=1.0 caller= android.view.SyncRtSurfaceTransactionApplier.applyTransaction:96 android.view.SyncRtSurfaceTransactionApplier.lambda$scheduleApply$0:69 android.view.SyncRtSurfaceTransactionApplier.$r8$lambda$afI4fXg3U3-nBZQEDQMiNy-B06s:0 
2025-08-30 08:52:10.443 16461-16482 VRI[MainAc...y]@251da94 com.memstory                         I  mWNT: t=0xb400007eae360750 mBlastBufferQueue=0xb400007dde23dbf0 fn= 2177 HdrRenderState mRenderHdrSdrRatio=1.0 caller= android.view.SyncRtSurfaceTransactionApplier.applyTransaction:96 android.view.SyncRtSurfaceTransactionApplier.lambda$scheduleApply$0:69 android.view.SyncRtSurfaceTransactionApplier.$r8$lambda$afI4fXg3U3-nBZQEDQMiNy-B06s:0 
2025-08-30 08:52:10.451 16461-16483 VRI[MainAc...y]@251da94 com.memstory                         I  mWNT: t=0xb400007eae365b50 mBlastBufferQueue=0xb400007dde23dbf0 fn= 2178 HdrRenderState mRenderHdrSdrRatio=1.0 caller= android.view.SyncRtSurfaceTransactionApplier.applyTransaction:96 android.view.SyncRtSurfaceTransactionApplier.lambda$scheduleApply$0:69 android.view.SyncRtSurfaceTransactionApplier.$r8$lambda$afI4fXg3U3-nBZQEDQMiNy-B06s:0 
2025-08-30 08:52:10.460 16461-16482 VRI[MainAc...y]@251da94 com.memstory                         I  mWNT: t=0xb400007eae3657d0 mBlastBufferQueue=0xb400007dde23dbf0 fn= 2179 HdrRenderState mRenderHdrSdrRatio=1.0 caller= android.view.SyncRtSurfaceTransactionApplier.applyTransaction:96 android.view.SyncRtSurfaceTransactionApplier.lambda$scheduleApply$0:69 android.view.SyncRtSurfaceTransactionApplier.$r8$lambda$afI4fXg3U3-nBZQEDQMiNy-B06s:0 
2025-08-30 08:52:10.468 16461-16483 VRI[MainAc...y]@251da94 com.memstory                         I  mWNT: t=0xb400007eae361a90 mBlastBufferQueue=0xb400007dde23dbf0 fn= 2180 HdrRenderState mRenderHdrSdrRatio=1.0 caller= android.view.SyncRtSurfaceTransactionApplier.applyTransaction:96 android.view.SyncRtSurfaceTransactionApplier.lambda$scheduleApply$0:69 android.view.SyncRtSurfaceTransactionApplier.$r8$lambda$afI4fXg3U3-nBZQEDQMiNy-B06s:0 
2025-08-30 08:52:10.476 16461-16482 VRI[MainAc...y]@251da94 com.memstory                         I  mWNT: t=0xb400007eae361710 mBlastBufferQueue=0xb400007dde23dbf0 fn= 2181 HdrRenderState mRenderHdrSdrRatio=1.0 caller= android.view.SyncRtSurfaceTransactionApplier.applyTransaction:96 android.view.SyncRtSurfaceTransactionApplier.lambda$scheduleApply$0:69 android.view.SyncRtSurfaceTransactionApplier.$r8$lambda$afI4fXg3U3-nBZQEDQMiNy-B06s:0 
2025-08-30 08:52:10.484 16461-16483 VRI[MainAc...y]@251da94 com.memstory                         I  mWNT: t=0xb400007eae361010 mBlastBufferQueue=0xb400007dde23dbf0 fn= 2182 HdrRenderState mRenderHdrSdrRatio=1.0 caller= android.view.SyncRtSurfaceTransactionApplier.applyTransaction:96 android.view.SyncRtSurfaceTransactionApplier.lambda$scheduleApply$0:69 android.view.SyncRtSurfaceTransactionApplier.$r8$lambda$afI4fXg3U3-nBZQEDQMiNy-B06s:0 
2025-08-30 08:52:10.493 16461-16482 VRI[MainAc...y]@251da94 com.memstory                         I  mWNT: t=0xb400007eae363850 mBlastBufferQueue=0xb400007dde23dbf0 fn= 2183 HdrRenderState mRenderHdrSdrRatio=1.0 caller= android.view.SyncRtSurfaceTransactionApplier.applyTransaction:96 android.view.SyncRtSurfaceTransactionApplier.lambda$scheduleApply$0:69 android.view.SyncRtSurfaceTransactionApplier.$r8$lambda$afI4fXg3U3-nBZQEDQMiNy-B06s:0 
2025-08-30 08:52:10.501 16461-16483 VRI[MainAc...y]@251da94 com.memstory                         I  mWNT: t=0xb400007eae363150 mBlastBufferQueue=0xb400007dde23dbf0 fn= 2184 HdrRenderState mRenderHdrSdrRatio=1.0 caller= android.view.SyncRtSurfaceTransactionApplier.applyTransaction:96 android.view.SyncRtSurfaceTransactionApplier.lambda$scheduleApply$0:69 android.view.SyncRtSurfaceTransactionApplier.$r8$lambda$afI4fXg3U3-nBZQEDQMiNy-B06s:0 
2025-08-30 08:52:10.509 16461-16482 VRI[MainAc...y]@251da94 com.memstory                         I  mWNT: t=0xb400007eae3650d0 mBlastBufferQueue=0xb400007dde23dbf0 fn= 2185 HdrRenderState mRenderHdrSdrRatio=1.0 caller= android.view.SyncRtSurfaceTransactionApplier.applyTransaction:96 android.view.SyncRtSurfaceTransactionApplier.lambda$scheduleApply$0:69 android.view.SyncRtSurfaceTransactionApplier.$r8$lambda$afI4fXg3U3-nBZQEDQMiNy-B06s:0 
2025-08-30 08:52:10.518 16461-16483 VRI[MainAc...y]@251da94 com.memstory                         I  mWNT: t=0xb400007eae361fd0 mBlastBufferQueue=0xb400007dde23dbf0 fn= 2186 HdrRenderState mRenderHdrSdrRatio=1.0 caller= android.view.SyncRtSurfaceTransactionApplier.applyTransaction:96 android.view.SyncRtSurfaceTransactionApplier.lambda$scheduleApply$0:69 android.view.SyncRtSurfaceTransactionApplier.$r8$lambda$afI4fXg3U3-nBZQEDQMiNy-B06s:0 
2025-08-30 08:52:10.526 16461-16482 VRI[MainAc...y]@251da94 com.memstory                         I  mWNT: t=0xb400007eae363f50 mBlastBufferQueue=0xb400007dde23dbf0 fn= 2187 HdrRenderState mRenderHdrSdrRatio=1.0 caller= android.view.SyncRtSurfaceTransactionApplier.applyTransaction:96 android.view.SyncRtSurfaceTransactionApplier.lambda$scheduleApply$0:69 android.view.SyncRtSurfaceTransactionApplier.$r8$lambda$afI4fXg3U3-nBZQEDQMiNy-B06s:0 
2025-08-30 08:52:10.535 16461-16483 VRI[MainAc...y]@251da94 com.memstory                         I  mWNT: t=0xb400007eae258350 mBlastBufferQueue=0xb400007dde23dbf0 fn= 2188 HdrRenderState mRenderHdrSdrRatio=1.0 caller= android.view.SyncRtSurfaceTransactionApplier.applyTransaction:96 android.view.SyncRtSurfaceTransactionApplier.lambda$scheduleApply$0:69 android.view.SyncRtSurfaceTransactionApplier.$r8$lambda$afI4fXg3U3-nBZQEDQMiNy-B06s:0 
2025-08-30 08:52:10.543 16461-16482 VRI[MainAc...y]@251da94 com.memstory                         I  mWNT: t=0xb400007eae263090 mBlastBufferQueue=0xb400007dde23dbf0 fn= 2189 HdrRenderState mRenderHdrSdrRatio=1.0 caller= android.view.SyncRtSurfaceTransactionApplier.applyTransaction:96 android.view.SyncRtSurfaceTransactionApplier.lambda$scheduleApply$0:69 android.view.SyncRtSurfaceTransactionApplier.$r8$lambda$afI4fXg3U3-nBZQEDQMiNy-B06s:0 
2025-08-30 08:52:10.551 16461-16483 VRI[MainAc...y]@251da94 com.memstory                         I  mWNT: t=0xb400007eae25a650 mBlastBufferQueue=0xb400007dde23dbf0 fn= 2190 HdrRenderState mRenderHdrSdrRatio=1.0 caller= android.view.SyncRtSurfaceTransactionApplier.applyTransaction:96 android.view.SyncRtSurfaceTransactionApplier.lambda$scheduleApply$0:69 android.view.SyncRtSurfaceTransactionApplier.$r8$lambda$afI4fXg3U3-nBZQEDQMiNy-B06s:0 
2025-08-30 08:52:10.560 16461-16482 VRI[MainAc...y]@251da94 com.memstory                         I  mWNT: t=0xb400007eae257fd0 mBlastBufferQueue=0xb400007dde23dbf0 fn= 2191 HdrRenderState mRenderHdrSdrRatio=1.0 caller= android.view.SyncRtSurfaceTransactionApplier.applyTransaction:96 android.view.SyncRtSurfaceTransactionApplier.lambda$scheduleApply$0:69 android.view.SyncRtSurfaceTransactionApplier.$r8$lambda$afI4fXg3U3-nBZQEDQMiNy-B06s:0 
2025-08-30 08:52:10.568 16461-16483 VRI[MainAc...y]@251da94 com.memstory                         I  mWNT: t=0xb400007eae2571d0 mBlastBufferQueue=0xb400007dde23dbf0 fn= 2192 HdrRenderState mRenderHdrSdrRatio=1.0 caller= android.view.SyncRtSurfaceTransactionApplier.applyTransaction:96 android.view.SyncRtSurfaceTransactionApplier.lambda$scheduleApply$0:69 android.view.SyncRtSurfaceTransactionApplier.$r8$lambda$afI4fXg3U3-nBZQEDQMiNy-B06s:0 
2025-08-30 08:52:10.576 16461-16482 VRI[MainAc...y]@251da94 com.memstory                         I  mWNT: t=0xb400007eae256e50 mBlastBufferQueue=0xb400007dde23dbf0 fn= 2193 HdrRenderState mRenderHdrSdrRatio=1.0 caller= android.view.SyncRtSurfaceTransactionApplier.applyTransaction:96 android.view.SyncRtSurfaceTransactionApplier.lambda$scheduleApply$0:69 android.view.SyncRtSurfaceTransactionApplier.$r8$lambda$afI4fXg3U3-nBZQEDQMiNy-B06s:0 
2025-08-30 08:52:10.584 16461-16461 InsetsController        com.memstory                         I  cancelAnimation: types=ime, animType=1, host=com.memstory/com.memstory.presentation.MainActivity, from=android.view.InsetsController.notifyFinished:1881 android.view.InsetsAnimationControlImpl.applyChangeInsets:307 android.view.InsetsController.lambda$new$3:931 
2025-08-30 08:52:10.585 16461-16461 ImeTracker              com.memstory                         I  com.memstory:4b93707d: onRequestHide at ORIGIN_CLIENT reason HIDE_SOFT_INPUT_ON_ANIMATION_STATE_CHANGED fromUser false
2025-08-30 08:52:10.585 16461-16461 InputMethodManager_LC   com.memstory                         I  notifyImeHidden: IInputMethodManagerGlobalInvoker.hideSoftInput
2025-08-30 08:52:10.585 16461-16461 ImeTracker              com.memstory                         I  com.memstory:a7a0faef: onHidden
2025-08-30 08:52:10.585 16461-16483 VRI[MainAc...y]@251da94 com.memstory                         I  mWNT: t=0xb400007eae259690 mBlastBufferQueue=0xb400007dde23dbf0 fn= 2194 HdrRenderState mRenderHdrSdrRatio=1.0 caller= android.view.SyncRtSurfaceTransactionApplier.applyTransaction:96 android.view.SyncRtSurfaceTransactionApplier.lambda$scheduleApply$0:69 android.view.SyncRtSurfaceTransactionApplier.$r8$lambda$afI4fXg3U3-nBZQEDQMiNy-B06s:0 
2025-08-30 08:52:10.621 16461-16461 InsetsController        com.memstory                         I  onStateChanged: host=com.memstory/com.memstory.presentation.MainActivity, from=android.view.ViewRootImpl.handleResized:2781, state=InsetsState: {mDisplayFrame=Rect(0, 0 - 1080, 2340), mDisplayCutout=DisplayCutout{insets=Rect(0, 83 - 0, 0) waterfall=Insets{left=0, top=0, right=0, bottom=0} boundingRect={Bounds=[Rect(0, 0 - 0, 0), Rect(515, 0 - 566, 83), Rect(0, 0 - 0, 0), Rect(0, 0 - 0, 0)]} cutoutPathParserInfo={CutoutPathParserInfo{displayWidth=1080 displayHeight=2340 physicalDisplayWidth=1080 physicalDisplayHeight=2340 density={2.8125} cutoutSpec={M 0,0 H -9.066666666666667 V 29.6 H 9.066666666666667 V 0 H 0 Z @dp} rotation={0} scale={1.0} physicalPixelDisplaySizeRatio={1.0}}} sideOverrides={}}, mRoundedCorners=RoundedCorners{[RoundedCorner{position=TopLeft, radius=113, center=Point(113, 113)}, RoundedCorner{position=TopRight, radius=113, center=Point(967, 113)}, RoundedCorner{position=BottomRight, radius=113, center=Point(967, 2227)}, RoundedCorner{position=BottomLeft, radius=113, center=Point(113, 2227)}]}  mRoundedCornerFrame=Rect(0, 0 - 1080, 2340), mPrivacyIndicatorBounds=PrivacyIndicatorBounds {static bounds=Rect(956, 0 - 1080, 84) rotation=0}, mDisplayShape=DisplayShape{ spec=-311912193 displayWidth=1440 displayHeight=3120 physicalPixelDisplaySizeRatio=1.0 rotation=0 offsetX=0 offsetY=0 scale=1.0}, mSources= { InsetsSource: {af370001 mType=navigationBars mFrame=[0,2205][1080,2340] mVisible=true mFlags= mSideHint=BOTTOM mBoundingRects=null}, InsetsSource: {af370004 mType=systemGestures mFrame=[0,0][0,0] mVisible=true mFlags= mSideHint=NONE mBoundingRects=null}, InsetsSource: {af370005 mType=mandatorySystemGestures mFrame=[0,2205][1080,2340] mVisible=true mFlags= mSideHint=BOTTOM mBoundingRects=null}, InsetsSource: {af370006 mType=tappableElement mFrame=[0,2205][1080,2340] mVisible=true mFlags= mSideHint=BOTTOM mBoundingRects=null}, InsetsSource: {af370024 mType=systemGestures mFrame=[0,0][0,0] mVisible=true mFlags= mSideHint=NONE mBoundingRects=null}, InsetsSource: {3 mType=ime mFrame=[0,0][0,0] mVisible=false mFlags= mSideHint=NONE mBoundingRects=null}, InsetsSource: {27 mType=displayCutout mFrame=[0,0][1080,83] mVisible=true mFlags= mSideHint=TOP mBoundingRects=null}, InsetsSource: {7940000 mType=statusBars mFrame=[0,0][1080,84] mVisible=true mFlags= mSideHint=TOP mBoundingRects=null}, InsetsSource: {7940005 mType=mandatorySystemGestures mFrame=[0,0][1080,117] mVisible=true mFlags= mSideHint=TOP mBoundingRects=null}, InsetsSource: {7940006 mType=tappableElement mFrame=[0,0][1080,84] mVisible=true mFlags= mSideHint=TOP mBoundingRects=null} }
2025-08-30 08:52:10.621 16461-16461 VRI[MainAc...y]@251da94 com.memstory                         I  handleResized, frames=ClientWindowFrames{frame=[0,0][1080,2340] display=[0,0][1080,2340] parentFrame=[0,0][0,0]} displayId=0 dragResizing=false compatScale=1.0 frameChanged=false attachedFrameChanged=false configChanged=false displayChanged=false compatScaleChanged=false dragResizingChanged=false
2025-08-30 08:52:10.860 16461-16469 InputTransport          com.memstory                         D  Input channel destroyed: 'ClientS', fd=156
2025-08-30 08:52:10.860 16461-16469 InputTransport          com.memstory                         D  Input channel destroyed: 'ClientS', fd=148
2025-08-30 08:52:10.860 16461-16469 InputTransport          com.memstory                         D  Input channel destroyed: 'ClientS', fd=155
2025-08-30 08:52:10.952 16461-16789 OnnxLLMEngine           com.memstory                         D  First inference completed, switching from dummy to actual KV cache
2025-08-30 08:52:13.186 16461-16461 VRI[MainAc...y]@251da94 com.memstory                         I  call setFrameRateCategory for touch hint category=no preference, reason=boost timeout, vri=VRI[MainActivity]@251da94
2025-08-30 08:52:17.984 16461-16789 onnxruntime             com.memstory                         E   [E:onnxruntime:, sequential_executor.cc:572 ExecuteKernel] Non-zero status code returned while running Cast node. Name:'past_key_values.5.value_fp16' Status Message: /onnxruntime_src/onnxruntime/core/framework/op_kernel.cc:83 virtual OrtValue *onnxruntime::OpKernelContext::OutputMLValue(int, const TensorShape &) status.IsOK() was false. Shape mismatch attempting to re-use buffer. {1,1,512,256} != {1,1,568,256}. Validate usage of dim_value (values should be > 0) and dim_param (all values with the same string should equate to the same size) in shapes in the model.
2025-08-30 08:52:17.984 16461-16789 OnnxLLMEngine           com.memstory                         E  Error generating token 9: Error code - ORT_RUNTIME_EXCEPTION - message: Non-zero status code returned while running Cast node. Name:'past_key_values.5.value_fp16' Status Message: /onnxruntime_src/onnxruntime/core/framework/op_kernel.cc:83 virtual OrtValue *onnxruntime::OpKernelContext::OutputMLValue(int, const TensorShape &) status.IsOK() was false. Shape mismatch attempting to re-use buffer. {1,1,512,256} != {1,1,568,256}. Validate usage of dim_value (values should be > 0) and dim_param (all values with the same string should equate to the same size) in shapes in the model.
2025-08-30 08:52:17.984 16461-16789 GemmaTokenizer          com.memstory                         D  Decoding 9 tokens
2025-08-30 08:52:17.984 16461-16789 GemmaTokenizer          com.memstory                         D  Decoded text: </footer>
                                                                                                    
                                                                                                    *   **Metal
                                                                                                    *
2025-08-30 08:52:17.985 16461-16789 OnnxLLMEngine           com.memstory                         D  Generation completed:
                                                                                                    - Input tokens: 59
                                                                                                    - Generated tokens: 9
                                                                                                    - Total conversation tokens: 68
                                                                                                    - KV cache size: 1.7265625MB
2025-08-30 08:52:17.985 16461-16789 OnnxLLMEngine           com.memstory                         D  Response generated: </footer>
                                                                                                    
                                                                                                    *   **Metal
                                                                                                    *
2025-08-30 08:52:17.985 16461-16789 LLMConversationService  com.memstory                         D  Generated response in 7799ms: </footer>
                                                                                                    
                                                                                                    *   **Metal
                                                                                                    *
2025-08-30 08:56:00.042 16461-16461 VRI[MainAc...y]@251da94 com.memstory                         I  onDisplayChanged oldDisplayState=2 new1DisplayState=2
2025-08-30 09:01:50.308 16461-16461 VRI[MainAc...y]@251da94 com.memstory                         I  onDisplayChanged oldDisplayState=2 newDisplayState=2
2025-08-30 09:02:00.026 16461-16461 VRI[MainAc...y]@251da94 com.memstory                         I  onDisplayChanged oldDisplayState=2 newDisplayState=2
2025-08-30 09:02:10.316 16461-16461 VRI[MainAc...y]@251da94 com.memstory                         I  onDisplayChanged oldDisplayState=2 newDisplayState=2
2025-08-30 09:02:10.582 16461-16480 HWUI                    com.memstory                         D  CacheManager::trimMemory(20)
2025-08-30 09:02:10.585 16461-16461 VRI[MainAc...y]@251da94 com.memstory                         I  handleAppVisibility mAppVisible = true visible = false
2025-08-30 09:02:10.585 16461-16461 VRI[MainAc...y]@251da94 com.memstory                         D  visibilityChanged oldVisibility=true newVisibility=false
2025-08-30 09:02:10.599 16461-16480 HWUI                    com.memstory                         D  CacheManager::trimMemory(20)
2025-08-30 09:02:10.602 16461-16461 VRI[MainAc...y]@251da94 com.memstory                         I  Relayout returned: old=(0,0,1080,2340) new=(0,0,1080,2340) relayoutAsync=false req=(1080,2340)8 dur=1 res=0x2 s={false 0x0} ch=true seqId=0
2025-08-30 09:02:10.602 16461-16461 VRI[MainAc...y]@251da94 com.memstory                         D  Not drawing due to not visible. Reason=!mAppVisible && !mForceDecorViewVisibility
2025-08-30 09:02:10.602 16461-16461 VRI[MainAc...y]@251da94 com.memstory                         I  onDisplayChanged oldDisplayState=2 newDisplayState=1
2025-08-30 09:02:10.603 16461-16461 VRI[MainAc...y]@251da94 com.memstory                         I  stopped(true) old = false
2025-08-30 09:02:10.603 16461-16461 VRI[MainAc...y]@251da94 com.memstory                         D  WindowStopped on com.memstory/com.memstory.presentation.MainActivity set to true
2025-08-30 09:02:10.603 16461-16480 HWUI                    com.memstory                         D  CacheManager::trimMemory(20)
2025-08-30 09:02:10.754 16461-16461 ImeFocusController      com.memstory                         I  onPreWindowFocus: skipped hasWindowFocus=false mHasImeFocus=true
2025-08-30 09:02:10.755 16461-16461 ImeFocusController      com.memstory                         I  onPostWindowFocus: skipped hasWindowFocus=false mHasImeFocus=true
2025-08-30 09:02:10.755 16461-16461 VRI[MainAc...y]@251da94 com.memstory                         I  onDisplayChanged oldDisplayState=1 newDisplayState=1
2025-08-30 09:02:10.836 16461-16461 VRI[MainAc...y]@251da94 com.memstory                         I  onDisplayChanged oldDisplayState=1 newDisplayState=1