2025-08-30 08:50:59.017 16461-16789 LLMConversationService  com.memstory                         D  Initializing LLM Conversation Service...
2025-08-30 08:50:59.018 16461-16789 OnnxLLMEngine           com.memstory                         D  Initializing ONNX LLM Engine...
2025-08-30 08:50:59.023 16461-16461 InputMethodManagerUtils com.memstory                         D  startInputInner - Id : 0
2025-08-30 08:50:59.023 16461-16461 InputMethodManager      com.memstory                         I  startInputInner - IInputMethodManagerGlobalInvoker.startInputOrWindowGainedFocus
2025-08-30 08:50:59.026 16461-16475 InputTransport          com.memstory                         D  Input channel constructed: 'ClientS', fd=157
2025-08-30 08:50:59.029 16461-16789 libc                    com.memstory                         W  Access denied finding property "ro.mediatek.platform"
2025-08-30 08:50:59.032 16461-16789 nativeloader            com.memstory                         D  Load /data/app/~~Bllx6ye9XDAfXT_WOjjtsw==/com.memstory-Hv4Qlc7PtedZoa8Tee3ZIQ==/base.apk!/lib/arm64-v8a/libonnxruntime4j_jni.so using class loader ns clns-7 (caller=/data/app/~~Bllx6ye9XDAfXT_WOjjtsw==/com.memstory-Hv4Qlc7PtedZoa8Tee3ZIQ==/base.apk): ok
2025-08-30 08:50:59.049 16461-16789 OnnxLLMEngine           com.memstory                         D  Model config loaded: vocab_size=262144
2025-08-30 08:50:59.049 16461-16789 GemmaTokenizer          com.memstory                         D  Initializing hybrid tokenizer...
2025-08-30 08:50:59.049 16461-16789 GemmaTokenizer          com.memstory                         D  Java heap: Config objects (~1MB)
2025-08-30 08:50:59.049 16461-16789 GemmaTokenizer          com.memstory                         D  Native heap: Vocabulary data (~33MB)
2025-08-30 08:50:59.057 16461-16461 InsetsController        com.memstory                         D  hide(ime(), fromIme=false)
2025-08-30 08:50:59.057 16461-16461 ImeTracker              com.memstory                         I  com.memstory:174f1e32: onRequestHide at ORIGIN_CLIENT reason HIDE_SOFT_INPUT_BY_INSETS_API fromUser false
2025-08-30 08:50:59.057 16461-16461 InsetsController        com.memstory                         I  setRequestedVisibleTypes: visible=false, mask=ime, host=com.memstory/com.memstory.presentation.MainActivity, from=android.view.InsetsController.controlAnimationUnchecked:1497 android.view.InsetsController.applyAnimation:2218 android.view.InsetsController.applyAnimation:2150 android.view.InsetsController.hide:1451 android.view.InsetsController.hide:1367 androidx.core.view.SoftwareKeyboardControllerCompat$Impl30.hide:227 androidx.core.view.SoftwareKeyboardControllerCompat.hide:81 androidx.compose.ui.text.input.InputMethodManagerImpl.hideSoftInput:88 androidx.compose.ui.text.input.TextInputServiceAndroid.setKeyboardVisibleImmediately:459 androidx.compose.ui.text.input.TextInputServiceAndroid.processInputCommands:345 
2025-08-30 08:50:59.057 16461-16461 ImeTracker              com.memstory                         I  com.memstory:c1ddf033: onRequestHide at ORIGIN_CLIENT reason HIDE_SOFT_INPUT_REQUEST_HIDE_WITH_CONTROL fromUser false
2025-08-30 08:50:59.057 16461-16461 InputMethodManager_LC   com.memstory                         I  notifyImeHidden: IInputMethodManagerGlobalInvoker.hideSoftInput
2025-08-30 08:50:59.057 16461-16461 InsetsController        com.memstory                         I  controlAnimationUncheckedInner: Added types=ime, animType=1, host=com.memstory/com.memstory.presentation.MainActivity, from=android.view.InsetsController.controlAnimationUnchecked:1501 android.view.InsetsController.applyAnimation:2218 android.view.InsetsController.applyAnimation:2150 
2025-08-30 08:50:59.058 16461-16461 InputMethodManagerUtils com.memstory                         D  startInputInner - Id : 0
2025-08-30 08:50:59.058 16461-16461 InputMethodManager      com.memstory                         I  startInputInner - IInputMethodManagerGlobalInvoker.startInputOrWindowGainedFocus
2025-08-30 08:50:59.058 16461-16461 InteractionJankMonitor  com.memstory                         W  Initializing without READ_DEVICE_CONFIG permission. enabled=false, interval=1, missedFrameThreshold=3, frameTimeThreshold=64, package=com.memstory
2025-08-30 08:50:59.061 16461-16472 InputTransport          com.memstory                         D  Input channel constructed: 'ClientS', fd=179
2025-08-30 08:50:59.067 16461-16482 VRI[MainAc...y]@251da94 com.memstory                         I  mWNT: t=0xb400007eae26acd0 mBlastBufferQueue=0xb400007dde23dbf0 fn= 199 HdrRenderState mRenderHdrSdrRatio=1.0 caller= android.view.SyncRtSurfaceTransactionApplier.applyTransaction:96 android.view.SyncRtSurfaceTransactionApplier.lambda$scheduleApply$0:69 android.view.SyncRtSurfaceTransactionApplier.$r8$lambda$afI4fXg3U3-nBZQEDQMiNy-B06s:0 
2025-08-30 08:50:59.067 16461-16461 RemoteInpu...ectionImpl com.memstory                         W  getExtractedText on inactive InputConnection
2025-08-30 08:50:59.072 16461-16483 VRI[MainAc...y]@251da94 com.memstory                         I  mWNT: t=0xb400007eae2635d0 mBlastBufferQueue=0xb400007dde23dbf0 fn= 200 HdrRenderState mRenderHdrSdrRatio=1.0 caller= android.view.SyncRtSurfaceTransactionApplier.applyTransaction:96 android.view.SyncRtSurfaceTransactionApplier.lambda$scheduleApply$0:69 android.view.SyncRtSurfaceTransactionApplier.$r8$lambda$afI4fXg3U3-nBZQEDQMiNy-B06s:0 
2025-08-30 08:50:59.072 16461-16461 InsetsController        com.memstory                         I  onStateChanged: host=com.memstory/com.memstory.presentation.MainActivity, from=android.view.ViewRootImpl.handleResized:2781, state=InsetsState: {mDisplayFrame=Rect(0, 0 - 1080, 2340), mDisplayCutout=DisplayCutout{insets=Rect(0, 83 - 0, 0) waterfall=Insets{left=0, top=0, right=0, bottom=0} boundingRect={Bounds=[Rect(0, 0 - 0, 0), Rect(515, 0 - 566, 83), Rect(0, 0 - 0, 0), Rect(0, 0 - 0, 0)]} cutoutPathParserInfo={CutoutPathParserInfo{displayWidth=1080 displayHeight=2340 physicalDisplayWidth=1080 physicalDisplayHeight=2340 density={2.8125} cutoutSpec={M 0,0 H -9.066666666666667 V 29.6 H 9.066666666666667 V 0 H 0 Z @dp} rotation={0} scale={1.0} physicalPixelDisplaySizeRatio={1.0}}} sideOverrides={}}, mRoundedCorners=RoundedCorners{[RoundedCorner{position=TopLeft, radius=113, center=Point(113, 113)}, RoundedCorner{position=TopRight, radius=113, center=Point(967, 113)}, RoundedCorner{position=BottomRight, radius=113, center=Point(967, 2227)}, RoundedCorner{position=BottomLeft, radius=113, center=Point(113, 2227)}]}  mRoundedCornerFrame=Rect(0, 0 - 1080, 2340), mPrivacyIndicatorBounds=PrivacyIndicatorBounds {static bounds=Rect(956, 0 - 1080, 84) rotation=0}, mDisplayShape=DisplayShape{ spec=-311912193 displayWidth=1440 displayHeight=3120 physicalPixelDisplaySizeRatio=1.0 rotation=0 offsetX=0 offsetY=0 scale=1.0}, mSources= { InsetsSource: {af370001 mType=navigationBars mFrame=[0,2205][1080,2340] mVisible=true mFlags= mSideHint=BOTTOM mBoundingRects=null}, InsetsSource: {af370004 mType=systemGestures mFrame=[0,0][0,0] mVisible=true mFlags= mSideHint=NONE mBoundingRects=null}, InsetsSource: {af370005 mType=mandatorySystemGestures mFrame=[0,2205][1080,2340] mVisible=true mFlags= mSideHint=BOTTOM mBoundingRects=null}, InsetsSource: {af370006 mType=tappableElement mFrame=[0,2205][1080,2340] mVisible=true mFlags= mSideHint=BOTTOM mBoundingRects=null}, InsetsSource: {af370024 mType=systemGestures mFrame=[0,0][0,0] mVisible=true mFlags= mSideHint=NONE mBoundingRects=null}, InsetsSource: {3 mType=ime mFrame=[0,1332][1080,2340] mVisible=false mFlags= mSideHint=BOTTOM mBoundingRects=null}, InsetsSource: {27 mType=displayCutout mFrame=[0,0][1080,83] mVisible=true mFlags= mSideHint=TOP mBoundingRects=null}, InsetsSource: {7940000 mType=statusBars mFrame=[0,0][1080,84] mVisible=true mFlags= mSideHint=TOP mBoundingRects=null}, InsetsSource: {7940005 mType=mandatorySystemGestures mFrame=[0,0][1080,117] mVisible=true mFlags= mSideHint=TOP mBoundingRects=null}, InsetsSource: {7940006 mType=tappableElement mFrame=[0,0][1080,84] mVisible=true mFlags= mSideHint=TOP mBoundingRects=null} }
2025-08-30 08:50:59.073 16461-16461 VRI[MainAc...y]@251da94 com.memstory                         I  handleResized, frames=ClientWindowFrames{frame=[0,0][1080,2340] display=[0,0][1080,2340] parentFrame=[0,0][0,0]} displayId=0 dragResizing=false compatScale=1.0 frameChanged=false attachedFrameChanged=false configChanged=false displayChanged=false compatScaleChanged=false dragResizingChanged=false
2025-08-30 08:50:59.073 16461-16461 InsetsSourceConsumer    com.memstory                         I  applyRequestedVisibilityToControl: visible=true, type=navigationBars, host=com.memstory/com.memstory.presentation.MainActivity
2025-08-30 08:50:59.076 16461-16461 RemoteInpu...ectionImpl com.memstory                         W  requestCursorUpdates on inactive InputConnection
2025-08-30 08:50:59.080 16461-16461 RemoteInpu...ectionImpl com.memstory                         W  requestCursorUpdates on inactive InputConnection
2025-08-30 08:50:59.080 16461-16482 VRI[MainAc...y]@251da94 com.memstory                         I  mWNT: t=0xb400007eae349610 mBlastBufferQueue=0xb400007dde23dbf0 fn= 201 HdrRenderState mRenderHdrSdrRatio=1.0 caller= android.view.SyncRtSurfaceTransactionApplier.applyTransaction:96 android.view.SyncRtSurfaceTransactionApplier.lambda$scheduleApply$0:69 android.view.SyncRtSurfaceTransactionApplier.$r8$lambda$afI4fXg3U3-nBZQEDQMiNy-B06s:0 
2025-08-30 08:50:59.080 16461-16461 InsetsController        com.memstory                         D  show(ime(), fromIme=true)
2025-08-30 08:50:59.080 16461-16461 InsetsController        com.memstory                         I  setRequestedVisibleTypes: visible=true, mask=ime, host=com.memstory/com.memstory.presentation.MainActivity, from=android.view.InsetsController.controlAnimationUnchecked:1497 android.view.InsetsController.applyAnimation:2218 android.view.InsetsController.applyAnimation:2150 android.view.InsetsController.show:1339 android.view.ViewRootImpl$ViewRootHandler.handleMessageImpl:8052 android.view.ViewRootImpl$ViewRootHandler.handleMessage:7987 android.os.Handler.dispatchMessage:107 android.os.Looper.loopOnce:257 android.os.Looper.loop:342 android.app.ActivityThread.main:9579 
2025-08-30 08:50:59.080 16461-16461 ImeTracker              com.memstory                         I  com.memstory:174f1e32: onCancelled at PHASE_CLIENT_ANIMATION_CANCEL
2025-08-30 08:50:59.081 16461-16461 InsetsController        com.memstory                         I  cancelAnimation: types=ime, animType=1, host=com.memstory/com.memstory.presentation.MainActivity, from=android.view.InsetsController.cancelExistingControllers:1857 android.view.InsetsController.controlAnimationUncheckedInner:1663 android.view.InsetsController.controlAnimationUnchecked:1501 
2025-08-30 08:50:59.081 16461-16461 InsetsController        com.memstory                         I  controlAnimationUncheckedInner: Added types=ime, animType=0, host=com.memstory/com.memstory.presentation.MainActivity, from=android.view.InsetsController.controlAnimationUnchecked:1501 android.view.InsetsController.applyAnimation:2218 android.view.InsetsController.applyAnimation:2150 
2025-08-30 08:50:59.081 16461-16461 InsetsController        com.memstory                         D  hide(ime(), fromIme=true)
2025-08-30 08:50:59.081 16461-16461 InsetsController        com.memstory                         I  setRequestedVisibleTypes: visible=false, mask=ime, host=com.memstory/com.memstory.presentation.MainActivity, from=android.view.InsetsController.controlAnimationUnchecked:1497 android.view.InsetsController.applyAnimation:2218 android.view.InsetsController.applyAnimation:2150 android.view.InsetsController.hide:1451 android.view.ViewRootImpl$ViewRootHandler.handleMessageImpl:8059 android.view.ViewRootImpl$ViewRootHandler.handleMessage:7987 android.os.Handler.dispatchMessage:107 android.os.Looper.loopOnce:257 android.os.Looper.loop:342 android.app.ActivityThread.main:9579 
2025-08-30 08:50:59.081 16461-16461 ImeTracker              com.memstory                         I  com.memstory:31b4d340: onCancelled at PHASE_CLIENT_ANIMATION_CANCEL
2025-08-30 08:50:59.081 16461-16461 InsetsController        com.memstory                         I  cancelAnimation: types=ime, animType=0, host=com.memstory/com.memstory.presentation.MainActivity, from=android.view.InsetsController.cancelExistingControllers:1857 android.view.InsetsController.controlAnimationUncheckedInner:1663 android.view.InsetsController.controlAnimationUnchecked:1501 
2025-08-30 08:50:59.081 16461-16461 InsetsController        com.memstory                         I  controlAnimationUncheckedInner: Added types=ime, animType=1, host=com.memstory/com.memstory.presentation.MainActivity, from=android.view.InsetsController.controlAnimationUnchecked:1501 android.view.InsetsController.applyAnimation:2218 android.view.InsetsController.applyAnimation:2150 
2025-08-30 08:50:59.085 16461-16483 VRI[MainAc...y]@251da94 com.memstory                         I  mWNT: t=0xb400007eae34c8d0 mBlastBufferQueue=0xb400007dde23dbf0 fn= 202 HdrRenderState mRenderHdrSdrRatio=1.0 caller= android.view.SyncRtSurfaceTransactionApplier.applyTransaction:96 android.view.SyncRtSurfaceTransactionApplier.lambda$scheduleApply$0:69 android.view.SyncRtSurfaceTransactionApplier.$r8$lambda$afI4fXg3U3-nBZQEDQMiNy-B06s:0 
2025-08-30 08:50:59.085 16461-16483 VRI[MainAc...y]@251da94 com.memstory                         I  mWNT: t=0xb400007eae357290 mBlastBufferQueue=0xb400007dde23dbf0 fn= 202 HdrRenderState mRenderHdrSdrRatio=1.0 caller= android.view.SyncRtSurfaceTransactionApplier.applyTransaction:96 android.view.SyncRtSurfaceTransactionApplier.lambda$scheduleApply$0:69 android.view.SyncRtSurfaceTransactionApplier.$r8$lambda$afI4fXg3U3-nBZQEDQMiNy-B06s:0 
2025-08-30 08:50:59.085 16461-16483 VRI[MainAc...y]@251da94 com.memstory                         I  mWNT: t=0xb400007eae350290 mBlastBufferQueue=0xb400007dde23dbf0 fn= 202 HdrRenderState mRenderHdrSdrRatio=1.0 caller= android.view.SyncRtSurfaceTransactionApplier.applyTransaction:96 android.view.SyncRtSurfaceTransactionApplier.lambda$scheduleApply$0:69 android.view.SyncRtSurfaceTransactionApplier.$r8$lambda$afI4fXg3U3-nBZQEDQMiNy-B06s:0 
2025-08-30 08:50:59.086 16461-16461 VRI[MainAc...y]@251da94 com.memstory                         I  handleResized, frames=ClientWindowFrames{frame=[0,0][1080,2340] display=[0,0][1080,2340] parentFrame=[0,0][0,0]} displayId=0 dragResizing=false compatScale=1.0 frameChanged=false attachedFrameChanged=false configChanged=false displayChanged=false compatScaleChanged=false dragResizingChanged=false
2025-08-30 08:50:59.092 16461-16482 VRI[MainAc...y]@251da94 com.memstory                         I  mWNT: t=0xb400007eae3577d0 mBlastBufferQueue=0xb400007dde23dbf0 fn= 203 HdrRenderState mRenderHdrSdrRatio=1.0 caller= android.view.SyncRtSurfaceTransactionApplier.applyTransaction:96 android.view.SyncRtSurfaceTransactionApplier.lambda$scheduleApply$0:69 android.view.SyncRtSurfaceTransactionApplier.$r8$lambda$afI4fXg3U3-nBZQEDQMiNy-B06s:0 
2025-08-30 08:50:59.093 16461-16461 InsetsSourceConsumer    com.memstory                         I  applyRequestedVisibilityToControl: visible=true, type=navigationBars, host=com.memstory/com.memstory.presentation.MainActivity
2025-08-30 08:50:59.106 16461-16483 VRI[MainAc...y]@251da94 com.memstory                         I  mWNT: t=0xb400007eae35ba50 mBlastBufferQueue=0xb400007dde23dbf0 fn= 204 HdrRenderState mRenderHdrSdrRatio=1.0 caller= android.view.SyncRtSurfaceTransactionApplier.applyTransaction:96 android.view.SyncRtSurfaceTransactionApplier.lambda$scheduleApply$0:69 android.view.SyncRtSurfaceTransactionApplier.$r8$lambda$afI4fXg3U3-nBZQEDQMiNy-B06s:0 
2025-08-30 08:50:59.114 16461-16482 VRI[MainAc...y]@251da94 com.memstory                         I  mWNT: t=0xb400007eae35ed10 mBlastBufferQueue=0xb400007dde23dbf0 fn= 205 HdrRenderState mRenderHdrSdrRatio=1.0 caller= android.view.SyncRtSurfaceTransactionApplier.applyTransaction:96 android.view.SyncRtSurfaceTransactionApplier.lambda$scheduleApply$0:69 android.view.SyncRtSurfaceTransactionApplier.$r8$lambda$afI4fXg3U3-nBZQEDQMiNy-B06s:0 
2025-08-30 08:50:59.117 16461-16483 VRI[MainAc...y]@251da94 com.memstory                         I  mWNT: t=0xb400007eae35cd90 mBlastBufferQueue=0xb400007dde23dbf0 fn= 206 HdrRenderState mRenderHdrSdrRatio=1.0 caller= android.view.SyncRtSurfaceTransactionApplier.applyTransaction:96 android.view.SyncRtSurfaceTransactionApplier.lambda$scheduleApply$0:69 android.view.SyncRtSurfaceTransactionApplier.$r8$lambda$afI4fXg3U3-nBZQEDQMiNy-B06s:0 
2025-08-30 08:50:59.125 16461-16482 VRI[MainAc...y]@251da94 com.memstory                         I  mWNT: t=0xb400007eae35e610 mBlastBufferQueue=0xb400007dde23dbf0 fn= 207 HdrRenderState mRenderHdrSdrRatio=1.0 caller= android.view.SyncRtSurfaceTransactionApplier.applyTransaction:96 android.view.SyncRtSurfaceTransactionApplier.lambda$scheduleApply$0:69 android.view.SyncRtSurfaceTransactionApplier.$r8$lambda$afI4fXg3U3-nBZQEDQMiNy-B06s:0 
2025-08-30 08:50:59.137 16461-16483 VRI[MainAc...y]@251da94 com.memstory                         I  mWNT: t=0xb400007eae35aa90 mBlastBufferQueue=0xb400007dde23dbf0 fn= 208 HdrRenderState mRenderHdrSdrRatio=1.0 caller= android.view.SyncRtSurfaceTransactionApplier.applyTransaction:96 android.view.SyncRtSurfaceTransactionApplier.lambda$scheduleApply$0:69 android.view.SyncRtSurfaceTransactionApplier.$r8$lambda$afI4fXg3U3-nBZQEDQMiNy-B06s:0 
2025-08-30 08:50:59.139 16461-16789 GemmaTokenizer          com.memstory                         D  Loading all 5 tokenizer files...
2025-08-30 08:50:59.139 16461-16789 GemmaTokenizer          com.memstory                         D  - tokenizer_config.json: ✅
2025-08-30 08:50:59.139 16461-16789 GemmaTokenizer          com.memstory                         D  - special_tokens_map.json: ✅
2025-08-30 08:50:59.139 16461-16789 GemmaTokenizer          com.memstory                         D  - generation_config.json: ✅
2025-08-30 08:50:59.139 16461-16789 GemmaTokenizer          com.memstory                         D  - tokenizer.json: ✅ (vocab)
2025-08-30 08:50:59.139 16461-16789 GemmaTokenizer          com.memstory                         D  - config.json: ✅ (loaded by OnnxLLMEngine)
2025-08-30 08:50:59.139 16461-16789 GemmaTokenizer          com.memstory                         D  Config loaded in Java heap: 262144 vocab size
2025-08-30 08:50:59.139 16461-16789 GemmaTokenizer          com.memstory                         D  Loading vocab mapping for decoding...
2025-08-30 08:50:59.143 16461-16482 VRI[MainAc...y]@251da94 com.memstory                         I  mWNT: t=0xb400007eae35f410 mBlastBufferQueue=0xb400007dde23dbf0 fn= 209 HdrRenderState mRenderHdrSdrRatio=1.0 caller= android.view.SyncRtSurfaceTransactionApplier.applyTransaction:96 android.view.SyncRtSurfaceTransactionApplier.lambda$scheduleApply$0:69 android.view.SyncRtSurfaceTransactionApplier.$r8$lambda$afI4fXg3U3-nBZQEDQMiNy-B06s:0 
2025-08-30 08:50:59.156 16461-16483 VRI[MainAc...y]@251da94 com.memstory                         I  mWNT: t=0xb400007eae35f410 mBlastBufferQueue=0xb400007dde23dbf0 fn= 210 HdrRenderState mRenderHdrSdrRatio=1.0 caller= android.view.SyncRtSurfaceTransactionApplier.applyTransaction:96 android.view.SyncRtSurfaceTransactionApplier.lambda$scheduleApply$0:69 android.view.SyncRtSurfaceTransactionApplier.$r8$lambda$afI4fXg3U3-nBZQEDQMiNy-B06s:0 
2025-08-30 08:50:59.156 16461-16469 InputTransport          com.memstory                         D  Input channel destroyed: 'ClientS', fd=146
2025-08-30 08:50:59.156 16461-16469 InputTransport          com.memstory                         D  Input channel destroyed: 'ClientS', fd=150
2025-08-30 08:50:59.157 16461-16469 InputTransport          com.memstory                         D  Input channel destroyed: 'ClientS', fd=157
2025-08-30 08:50:59.157 16461-16469 InputTransport          com.memstory                         D  Input channel destroyed: 'ClientS', fd=179
2025-08-30 08:50:59.162 16461-16482 VRI[MainAc...y]@251da94 com.memstory                         I  mWNT: t=0xb400007eae25a110 mBlastBufferQueue=0xb400007dde23dbf0 fn= 211 HdrRenderState mRenderHdrSdrRatio=1.0 caller= android.view.SyncRtSurfaceTransactionApplier.applyTransaction:96 android.view.SyncRtSurfaceTransactionApplier.lambda$scheduleApply$0:69 android.view.SyncRtSurfaceTransactionApplier.$r8$lambda$afI4fXg3U3-nBZQEDQMiNy-B06s:0 
2025-08-30 08:50:59.168 16461-16483 VRI[MainAc...y]@251da94 com.memstory                         I  mWNT: t=0xb400007eae25a110 mBlastBufferQueue=0xb400007dde23dbf0 fn= 212 HdrRenderState mRenderHdrSdrRatio=1.0 caller= android.view.SyncRtSurfaceTransactionApplier.applyTransaction:96 android.view.SyncRtSurfaceTransactionApplier.lambda$scheduleApply$0:69 android.view.SyncRtSurfaceTransactionApplier.$r8$lambda$afI4fXg3U3-nBZQEDQMiNy-B06s:0 
2025-08-30 08:50:59.176 16461-16482 VRI[MainAc...y]@251da94 com.memstory                         I  mWNT: t=0xb400007eae255e90 mBlastBufferQueue=0xb400007dde23dbf0 fn= 213 HdrRenderState mRenderHdrSdrRatio=1.0 caller= android.view.SyncRtSurfaceTransactionApplier.applyTransaction:96 android.view.SyncRtSurfaceTransactionApplier.lambda$scheduleApply$0:69 android.view.SyncRtSurfaceTransactionApplier.$r8$lambda$afI4fXg3U3-nBZQEDQMiNy-B06s:0 
2025-08-30 08:50:59.185 16461-16483 VRI[MainAc...y]@251da94 com.memstory                         I  mWNT: t=0xb400007eae255e90 mBlastBufferQueue=0xb400007dde23dbf0 fn= 214 HdrRenderState mRenderHdrSdrRatio=1.0 caller= android.view.SyncRtSurfaceTransactionApplier.applyTransaction:96 android.view.SyncRtSurfaceTransactionApplier.lambda$scheduleApply$0:69 android.view.SyncRtSurfaceTransactionApplier.$r8$lambda$afI4fXg3U3-nBZQEDQMiNy-B06s:0 
2025-08-30 08:50:59.196 16461-16482 VRI[MainAc...y]@251da94 com.memstory                         I  mWNT: t=0xb400007eae231ed0 mBlastBufferQueue=0xb400007dde23dbf0 fn= 215 HdrRenderState mRenderHdrSdrRatio=1.0 caller= android.view.SyncRtSurfaceTransactionApplier.applyTransaction:96 android.view.SyncRtSurfaceTransactionApplier.lambda$scheduleApply$0:69 android.view.SyncRtSurfaceTransactionApplier.$r8$lambda$afI4fXg3U3-nBZQEDQMiNy-B06s:0 
2025-08-30 08:50:59.201 16461-16483 VRI[MainAc...y]@251da94 com.memstory                         I  mWNT: t=0xb400007eae2317d0 mBlastBufferQueue=0xb400007dde23dbf0 fn= 216 HdrRenderState mRenderHdrSdrRatio=1.0 caller= android.view.SyncRtSurfaceTransactionApplier.applyTransaction:96 android.view.SyncRtSurfaceTransactionApplier.lambda$scheduleApply$0:69 android.view.SyncRtSurfaceTransactionApplier.$r8$lambda$afI4fXg3U3-nBZQEDQMiNy-B06s:0 
2025-08-30 08:50:59.209 16461-16482 VRI[MainAc...y]@251da94 com.memstory                         I  mWNT: t=0xb400007eae23cdd0 mBlastBufferQueue=0xb400007dde23dbf0 fn= 217 HdrRenderState mRenderHdrSdrRatio=1.0 caller= android.view.SyncRtSurfaceTransactionApplier.applyTransaction:96 android.view.SyncRtSurfaceTransactionApplier.lambda$scheduleApply$0:69 android.view.SyncRtSurfaceTransactionApplier.$r8$lambda$afI4fXg3U3-nBZQEDQMiNy-B06s:0 
2025-08-30 08:50:59.219 16461-16483 VRI[MainAc...y]@251da94 com.memstory                         I  mWNT: t=0xb400007eae231990 mBlastBufferQueue=0xb400007dde23dbf0 fn= 218 HdrRenderState mRenderHdrSdrRatio=1.0 caller= android.view.SyncRtSurfaceTransactionApplier.applyTransaction:96 android.view.SyncRtSurfaceTransactionApplier.lambda$scheduleApply$0:69 android.view.SyncRtSurfaceTransactionApplier.$r8$lambda$afI4fXg3U3-nBZQEDQMiNy-B06s:0 
2025-08-30 08:50:59.227 16461-16482 VRI[MainAc...y]@251da94 com.memstory                         I  mWNT: t=0xb400007eae22d710 mBlastBufferQueue=0xb400007dde23dbf0 fn= 219 HdrRenderState mRenderHdrSdrRatio=1.0 caller= android.view.SyncRtSurfaceTransactionApplier.applyTransaction:96 android.view.SyncRtSurfaceTransactionApplier.lambda$scheduleApply$0:69 android.view.SyncRtSurfaceTransactionApplier.$r8$lambda$afI4fXg3U3-nBZQEDQMiNy-B06s:0 
2025-08-30 08:50:59.233 16461-16483 VRI[MainAc...y]@251da94 com.memstory                         I  mWNT: t=0xb400007eae22f310 mBlastBufferQueue=0xb400007dde23dbf0 fn= 220 HdrRenderState mRenderHdrSdrRatio=1.0 caller= android.view.SyncRtSurfaceTransactionApplier.applyTransaction:96 android.view.SyncRtSurfaceTransactionApplier.lambda$scheduleApply$0:69 android.view.SyncRtSurfaceTransactionApplier.$r8$lambda$afI4fXg3U3-nBZQEDQMiNy-B06s:0 
2025-08-30 08:50:59.240 16461-16482 VRI[MainAc...y]@251da94 com.memstory                         I  mWNT: t=0xb400007eae268b90 mBlastBufferQueue=0xb400007dde23dbf0 fn= 220 HdrRenderState mRenderHdrSdrRatio=1.0 caller= android.view.SyncRtSurfaceTransactionApplier.applyTransaction:96 android.view.SyncRtSurfaceTransactionApplier.lambda$scheduleApply$0:69 android.view.SyncRtSurfaceTransactionApplier.$r8$lambda$afI4fXg3U3-nBZQEDQMiNy-B06s:0 
2025-08-30 08:50:59.249 16461-16483 VRI[MainAc...y]@251da94 com.memstory                         I  mWNT: t=0xb400007eae230f10 mBlastBufferQueue=0xb400007dde23dbf0 fn= 221 HdrRenderState mRenderHdrSdrRatio=1.0 caller= android.view.SyncRtSurfaceTransactionApplier.applyTransaction:96 android.view.SyncRtSurfaceTransactionApplier.lambda$scheduleApply$0:69 android.view.SyncRtSurfaceTransactionApplier.$r8$lambda$afI4fXg3U3-nBZQEDQMiNy-B06s:0 
2025-08-30 08:50:59.258 16461-16482 VRI[MainAc...y]@251da94 com.memstory                         I  mWNT: t=0xb400007eae230d50 mBlastBufferQueue=0xb400007dde23dbf0 fn= 222 HdrRenderState mRenderHdrSdrRatio=1.0 caller= android.view.SyncRtSurfaceTransactionApplier.applyTransaction:96 android.view.SyncRtSurfaceTransactionApplier.lambda$scheduleApply$0:69 android.view.SyncRtSurfaceTransactionApplier.$r8$lambda$afI4fXg3U3-nBZQEDQMiNy-B06s:0 
2025-08-30 08:50:59.266 16461-16483 VRI[MainAc...y]@251da94 com.memstory                         I  mWNT: t=0xb400007eae22e6d0 mBlastBufferQueue=0xb400007dde23dbf0 fn= 223 HdrRenderState mRenderHdrSdrRatio=1.0 caller= android.view.SyncRtSurfaceTransactionApplier.applyTransaction:96 android.view.SyncRtSurfaceTransactionApplier.lambda$scheduleApply$0:69 android.view.SyncRtSurfaceTransactionApplier.$r8$lambda$afI4fXg3U3-nBZQEDQMiNy-B06s:0 
2025-08-30 08:50:59.274 16461-16482 VRI[MainAc...y]@251da94 com.memstory                         I  mWNT: t=0xb400007eae259690 mBlastBufferQueue=0xb400007dde23dbf0 fn= 224 HdrRenderState mRenderHdrSdrRatio=1.0 caller= android.view.SyncRtSurfaceTransactionApplier.applyTransaction:96 android.view.SyncRtSurfaceTransactionApplier.lambda$scheduleApply$0:69 android.view.SyncRtSurfaceTransactionApplier.$r8$lambda$afI4fXg3U3-nBZQEDQMiNy-B06s:0 
2025-08-30 08:50:59.284 16461-16483 VRI[MainAc...y]@251da94 com.memstory                         I  mWNT: t=0xb400007eae2658d0 mBlastBufferQueue=0xb400007dde23dbf0 fn= 226 HdrRenderState mRenderHdrSdrRatio=1.0 caller= android.view.SyncRtSurfaceTransactionApplier.applyTransaction:96 android.view.SyncRtSurfaceTransactionApplier.lambda$scheduleApply$0:69 android.view.SyncRtSurfaceTransactionApplier.$r8$lambda$afI4fXg3U3-nBZQEDQMiNy-B06s:0 
2025-08-30 08:50:59.291 16461-16482 VRI[MainAc...y]@251da94 com.memstory                         I  mWNT: t=0xb400007eae256e50 mBlastBufferQueue=0xb400007dde23dbf0 fn= 226 HdrRenderState mRenderHdrSdrRatio=1.0 caller= android.view.SyncRtSurfaceTransactionApplier.applyTransaction:96 android.view.SyncRtSurfaceTransactionApplier.lambda$scheduleApply$0:69 android.view.SyncRtSurfaceTransactionApplier.$r8$lambda$afI4fXg3U3-nBZQEDQMiNy-B06s:0 
2025-08-30 08:50:59.302 16461-16483 VRI[MainAc...y]@251da94 com.memstory                         I  mWNT: t=0xb400007eae258510 mBlastBufferQueue=0xb400007dde23dbf0 fn= 228 HdrRenderState mRenderHdrSdrRatio=1.0 caller= android.view.SyncRtSurfaceTransactionApplier.applyTransaction:96 android.view.SyncRtSurfaceTransactionApplier.lambda$scheduleApply$0:69 android.view.SyncRtSurfaceTransactionApplier.$r8$lambda$afI4fXg3U3-nBZQEDQMiNy-B06s:0 
2025-08-30 08:50:59.308 16461-16482 VRI[MainAc...y]@251da94 com.memstory                         I  mWNT: t=0xb400007eae2571d0 mBlastBufferQueue=0xb400007dde23dbf0 fn= 228 HdrRenderState mRenderHdrSdrRatio=1.0 caller= android.view.SyncRtSurfaceTransactionApplier.applyTransaction:96 android.view.SyncRtSurfaceTransactionApplier.lambda$scheduleApply$0:69 android.view.SyncRtSurfaceTransactionApplier.$r8$lambda$afI4fXg3U3-nBZQEDQMiNy-B06s:0 
2025-08-30 08:50:59.316 16461-16483 VRI[MainAc...y]@251da94 com.memstory                         I  mWNT: t=0xb400007eae258890 mBlastBufferQueue=0xb400007dde23dbf0 fn= 229 HdrRenderState mRenderHdrSdrRatio=1.0 caller= android.view.SyncRtSurfaceTransactionApplier.applyTransaction:96 android.view.SyncRtSurfaceTransactionApplier.lambda$scheduleApply$0:69 android.view.SyncRtSurfaceTransactionApplier.$r8$lambda$afI4fXg3U3-nBZQEDQMiNy-B06s:0 
2025-08-30 08:50:59.325 16461-16482 VRI[MainAc...y]@251da94 com.memstory                         I  mWNT: t=0xb400007eae257fd0 mBlastBufferQueue=0xb400007dde23dbf0 fn= 230 HdrRenderState mRenderHdrSdrRatio=1.0 caller= android.view.SyncRtSurfaceTransactionApplier.applyTransaction:96 android.view.SyncRtSurfaceTransactionApplier.lambda$scheduleApply$0:69 android.view.SyncRtSurfaceTransactionApplier.$r8$lambda$afI4fXg3U3-nBZQEDQMiNy-B06s:0 
2025-08-30 08:50:59.337 16461-16483 VRI[MainAc...y]@251da94 com.memstory                         I  mWNT: t=0xb400007eae255950 mBlastBufferQueue=0xb400007dde23dbf0 fn= 231 HdrRenderState mRenderHdrSdrRatio=1.0 caller= android.view.SyncRtSurfaceTransactionApplier.applyTransaction:96 android.view.SyncRtSurfaceTransactionApplier.lambda$scheduleApply$0:69 android.view.SyncRtSurfaceTransactionApplier.$r8$lambda$afI4fXg3U3-nBZQEDQMiNy-B06s:0 
2025-08-30 08:50:59.340 16461-16482 VRI[MainAc...y]@251da94 com.memstory                         I  mWNT: t=0xb400007eae25a650 mBlastBufferQueue=0xb400007dde23dbf0 fn= 232 HdrRenderState mRenderHdrSdrRatio=1.0 caller= android.view.SyncRtSurfaceTransactionApplier.applyTransaction:96 android.view.SyncRtSurfaceTransactionApplier.lambda$scheduleApply$0:69 android.view.SyncRtSurfaceTransactionApplier.$r8$lambda$afI4fXg3U3-nBZQEDQMiNy-B06s:0 
2025-08-30 08:50:59.349 16461-16483 VRI[MainAc...y]@251da94 com.memstory                         I  mWNT: t=0xb400007eae25a2d0 mBlastBufferQueue=0xb400007dde23dbf0 fn= 233 HdrRenderState mRenderHdrSdrRatio=1.0 caller= android.view.SyncRtSurfaceTransactionApplier.applyTransaction:96 android.view.SyncRtSurfaceTransactionApplier.lambda$scheduleApply$0:69 android.view.SyncRtSurfaceTransactionApplier.$r8$lambda$afI4fXg3U3-nBZQEDQMiNy-B06s:0 
2025-08-30 08:50:59.358 16461-16482 VRI[MainAc...y]@251da94 com.memstory                         I  mWNT: t=0xb400007eae258350 mBlastBufferQueue=0xb400007dde23dbf0 fn= 234 HdrRenderState mRenderHdrSdrRatio=1.0 caller= android.view.SyncRtSurfaceTransactionApplier.applyTransaction:96 android.view.SyncRtSurfaceTransactionApplier.lambda$scheduleApply$0:69 android.view.SyncRtSurfaceTransactionApplier.$r8$lambda$afI4fXg3U3-nBZQEDQMiNy-B06s:0 
2025-08-30 08:50:59.366 16461-16483 VRI[MainAc...y]@251da94 com.memstory                         I  mWNT: t=0xb400007eae25e390 mBlastBufferQueue=0xb400007dde23dbf0 fn= 235 HdrRenderState mRenderHdrSdrRatio=1.0 caller= android.view.SyncRtSurfaceTransactionApplier.applyTransaction:96 android.view.SyncRtSurfaceTransactionApplier.lambda$scheduleApply$0:69 android.view.SyncRtSurfaceTransactionApplier.$r8$lambda$afI4fXg3U3-nBZQEDQMiNy-B06s:0 
2025-08-30 08:50:59.374 16461-16482 VRI[MainAc...y]@251da94 com.memstory                         I  mWNT: t=0xb400007eae263090 mBlastBufferQueue=0xb400007dde23dbf0 fn= 236 HdrRenderState mRenderHdrSdrRatio=1.0 caller= android.view.SyncRtSurfaceTransactionApplier.applyTransaction:96 android.view.SyncRtSurfaceTransactionApplier.lambda$scheduleApply$0:69 android.view.SyncRtSurfaceTransactionApplier.$r8$lambda$afI4fXg3U3-nBZQEDQMiNy-B06s:0 
2025-08-30 08:50:59.383 16461-16483 VRI[MainAc...y]@251da94 com.memstory                         I  mWNT: t=0xb400007eae34c8d0 mBlastBufferQueue=0xb400007dde23dbf0 fn= 237 HdrRenderState mRenderHdrSdrRatio=1.0 caller= android.view.SyncRtSurfaceTransactionApplier.applyTransaction:96 android.view.SyncRtSurfaceTransactionApplier.lambda$scheduleApply$0:69 android.view.SyncRtSurfaceTransactionApplier.$r8$lambda$afI4fXg3U3-nBZQEDQMiNy-B06s:0 
2025-08-30 08:50:59.391 16461-16461 InsetsController        com.memstory                         I  cancelAnimation: types=ime, animType=1, host=com.memstory/com.memstory.presentation.MainActivity, from=android.view.InsetsController.notifyFinished:1881 android.view.InsetsAnimationControlImpl.applyChangeInsets:307 android.view.InsetsController.lambda$new$3:931 
2025-08-30 08:50:59.391 16461-16461 ImeTracker              com.memstory                         I  com.memstory:f436ee02: onRequestHide at ORIGIN_CLIENT reason HIDE_SOFT_INPUT_ON_ANIMATION_STATE_CHANGED fromUser false
2025-08-30 08:50:59.391 16461-16461 InputMethodManager_LC   com.memstory                         I  notifyImeHidden: IInputMethodManagerGlobalInvoker.hideSoftInput
2025-08-30 08:50:59.391 16461-16461 ImeTracker              com.memstory                         I  com.memstory:c1ddf033: onHidden
2025-08-30 08:50:59.393 16461-16482 VRI[MainAc...y]@251da94 com.memstory                         I  mWNT: t=0xb400007eae35b890 mBlastBufferQueue=0xb400007dde23dbf0 fn= 238 HdrRenderState mRenderHdrSdrRatio=1.0 caller= android.view.SyncRtSurfaceTransactionApplier.applyTransaction:96 android.view.SyncRtSurfaceTransactionApplier.lambda$scheduleApply$0:69 android.view.SyncRtSurfaceTransactionApplier.$r8$lambda$afI4fXg3U3-nBZQEDQMiNy-B06s:0 
2025-08-30 08:50:59.436 16461-16461 InsetsController        com.memstory                         I  onStateChanged: host=com.memstory/com.memstory.presentation.MainActivity, from=android.view.ViewRootImpl.handleResized:2781, state=InsetsState: {mDisplayFrame=Rect(0, 0 - 1080, 2340), mDisplayCutout=DisplayCutout{insets=Rect(0, 83 - 0, 0) waterfall=Insets{left=0, top=0, right=0, bottom=0} boundingRect={Bounds=[Rect(0, 0 - 0, 0), Rect(515, 0 - 566, 83), Rect(0, 0 - 0, 0), Rect(0, 0 - 0, 0)]} cutoutPathParserInfo={CutoutPathParserInfo{displayWidth=1080 displayHeight=2340 physicalDisplayWidth=1080 physicalDisplayHeight=2340 density={2.8125} cutoutSpec={M 0,0 H -9.066666666666667 V 29.6 H 9.066666666666667 V 0 H 0 Z @dp} rotation={0} scale={1.0} physicalPixelDisplaySizeRatio={1.0}}} sideOverrides={}}, mRoundedCorners=RoundedCorners{[RoundedCorner{position=TopLeft, radius=113, center=Point(113, 113)}, RoundedCorner{position=TopRight, radius=113, center=Point(967, 113)}, RoundedCorner{position=BottomRight, radius=113, center=Point(967, 2227)}, RoundedCorner{position=BottomLeft, radius=113, center=Point(113, 2227)}]}  mRoundedCornerFrame=Rect(0, 0 - 1080, 2340), mPrivacyIndicatorBounds=PrivacyIndicatorBounds {static bounds=Rect(956, 0 - 1080, 84) rotation=0}, mDisplayShape=DisplayShape{ spec=-311912193 displayWidth=1440 displayHeight=3120 physicalPixelDisplaySizeRatio=1.0 rotation=0 offsetX=0 offsetY=0 scale=1.0}, mSources= { InsetsSource: {af370001 mType=navigationBars mFrame=[0,2205][1080,2340] mVisible=true mFlags= mSideHint=BOTTOM mBoundingRects=null}, InsetsSource: {af370004 mType=systemGestures mFrame=[0,0][0,0] mVisible=true mFlags= mSideHint=NONE mBoundingRects=null}, InsetsSource: {af370005 mType=mandatorySystemGestures mFrame=[0,2205][1080,2340] mVisible=true mFlags= mSideHint=BOTTOM mBoundingRects=null}, InsetsSource: {af370006 mType=tappableElement mFrame=[0,2205][1080,2340] mVisible=true mFlags= mSideHint=BOTTOM mBoundingRects=null}, InsetsSource: {af370024 mType=systemGestures mFrame=[0,0][0,0] mVisible=true mFlags= mSideHint=NONE mBoundingRects=null}, InsetsSource: {3 mType=ime mFrame=[0,0][0,0] mVisible=false mFlags= mSideHint=NONE mBoundingRects=null}, InsetsSource: {27 mType=displayCutout mFrame=[0,0][1080,83] mVisible=true mFlags= mSideHint=TOP mBoundingRects=null}, InsetsSource: {7940000 mType=statusBars mFrame=[0,0][1080,84] mVisible=true mFlags= mSideHint=TOP mBoundingRects=null}, InsetsSource: {7940005 mType=mandatorySystemGestures mFrame=[0,0][1080,117] mVisible=true mFlags= mSideHint=TOP mBoundingRects=null}, InsetsSource: {7940006 mType=tappableElement mFrame=[0,0][1080,84] mVisible=true mFlags= mSideHint=TOP mBoundingRects=null} }
2025-08-30 08:50:59.436 16461-16461 VRI[MainAc...y]@251da94 com.memstory                         I  handleResized, frames=ClientWindowFrames{frame=[0,0][1080,2340] display=[0,0][1080,2340] parentFrame=[0,0][0,0]} displayId=0 dragResizing=false compatScale=1.0 frameChanged=false attachedFrameChanged=false configChanged=false displayChanged=false compatScaleChanged=false dragResizingChanged=false
2025-08-30 08:50:59.660 16461-16468 com.memstory            com.memstory                         I  Background concurrent mark compact GC freed 23MB AllocSpace bytes, 0(0B) LOS objects, 23% free, 157MB/205MB, paused 3.835ms,1.016ms total 157.110ms
2025-08-30 08:50:59.798 16461-16789 GemmaTokenizer          com.memstory                         D  Loaded 262144 vocab entries for decoding
2025-08-30 08:50:59.799 16461-16789 GemmaTokenizer          com.memstory                         D  Tokenizer initialized with hybrid memory architecture
2025-08-30 08:50:59.799 16461-16789 OnnxLLMEngine           com.memstory                         D  Tokenizer loaded with vocab size: 262144
2025-08-30 08:50:59.799 16461-16789 CompatChangeReporter    com.memstory                         D  Compat change id reported: 312399441; UID 10595; state: ENABLED
2025-08-30 08:50:59.799 16461-16789 OnnxLLMEngine           com.memstory                         D  Copying 998MB model from assets to internal storage...
2025-08-30 08:50:59.799 16461-16789 OnnxLLMEngine           com.memstory                         D  Memory strategy: Java heap (configs) + Native heap (model weights + KV cache)
2025-08-30 08:50:59.868 16461-16468 com.memstory            com.memstory                         I  Background concurrent mark compact GC freed 109MB AllocSpace bytes, 0(0B) LOS objects, 30% free, 111MB/159MB, paused 4.165ms,981us total 119.166ms
2025-08-30 08:51:00.152 16461-16789 OnnxLLMEngine           com.memstory                         D  Copied 100MB...
2025-08-30 08:51:00.490 16461-16789 OnnxLLMEngine           com.memstory                         D  Copied 200MB...
2025-08-30 08:51:00.838 16461-16789 OnnxLLMEngine           com.memstory                         D  Copied 300MB...
2025-08-30 08:51:01.195 16461-16789 OnnxLLMEngine           com.memstory                         D  Copied 400MB...
2025-08-30 08:51:01.531 16461-16789 OnnxLLMEngine           com.memstory                         D  Copied 500MB...
2025-08-30 08:51:01.866 16461-16789 OnnxLLMEngine           com.memstory                         D  Copied 600MB...
2025-08-30 08:51:02.017 16461-16461 VRI[MainAc...y]@251da94 com.memstory                         I  call setFrameRateCategory for touch hint category=no preference, reason=boost timeout, vri=VRI[MainActivity]@251da94
2025-08-30 08:51:02.190 16461-16789 OnnxLLMEngine           com.memstory                         D  Copied 700MB...
2025-08-30 08:51:02.516 16461-16789 OnnxLLMEngine           com.memstory                         D  Copied 800MB...
2025-08-30 08:51:02.840 16461-16789 OnnxLLMEngine           com.memstory                         D  Copied 900MB...
2025-08-30 08:51:03.004 16461-16789 OnnxLLMEngine           com.memstory                         D  Total copied: 951MB
2025-08-30 08:51:03.017 16461-16789 OnnxLLMEngine           com.memstory                         D  Model ready for native heap loading: 997769309 bytes
2025-08-30 08:51:03.340 16461-16789 Manager                 com.memstory                         I  DeviceManager::DeviceManager
2025-08-30 08:51:03.340 16461-16789 ServerFlag              com.memstory                         W  Failed to parse result of GetServerConfigurableFlag, errno=34
2025-08-30 08:51:03.340 16461-16789 Manager                 com.memstory                         I  findAvailableDevices
2025-08-30 08:51:03.340 16461-16789 HidlServiceManagement   com.memstory                         W  hwservicemanager is not supported on the device.
2025-08-30 08:51:03.340 16461-16789 HidlServiceManagement   com.memstory                         I  Cannot list manifest for android.hardware.neuralnetworks@1.3::IDevice without hwservicemanager
2025-08-30 08:51:03.340 16461-16789 HidlServiceManagement   com.memstory                         I  Cannot list manifest for android.hardware.neuralnetworks@1.2::IDevice without hwservicemanager
2025-08-30 08:51:03.340 16461-16789 HidlServiceManagement   com.memstory                         I  Cannot list manifest for android.hardware.neuralnetworks@1.1::IDevice without hwservicemanager
2025-08-30 08:51:03.340 16461-16789 HidlServiceManagement   com.memstory                         I  Cannot list manifest for android.hardware.neuralnetworks@1.0::IDevice without hwservicemanager
2025-08-30 08:51:06.952 16461-16789 OnnxLLMEngine           com.memstory                         D  ONNX model loaded with NNAPI execution provider (NPU acceleration)
2025-08-30 08:51:06.952 16461-16789 OnnxLLMEngine           com.memstory                         D  LLM Engine initialization completed
2025-08-30 08:51:06.953 16461-16789 LLMConversationService  com.memstory                         D  LLM Service initialized successfully
2025-08-30 08:51:06.953 16461-16789 LLMConversationService  com.memstory                         D  Generating response for: tell me about korea
2025-08-30 08:51:06.953 16461-16789 LLMConversationService  com.memstory                         D  Built prompt with 326 characters
2025-08-30 08:51:06.953 16461-16789 OnnxLLMEngine           com.memstory                         D  Generating response for: You are memSTORY, a helpful AI assistant that lives entirely on the user's phone. 
                                                                                                    You help users organize their thoughts, memories, and ideas. Always be friendly, concise, and helpful.
                                                                                                    Remember that you work completely offline - you have no internet connection.
                                                                                                    
                                                                                                    User: tell me about korea
                                                                                                    User: tell me about korea
                                                                                                    memSTORY: 
2025-08-30 08:51:06.953 16461-16789 GemmaTokenizer          com.memstory                         D  Encoding text: You are memSTORY, a helpful AI assistant that lives entirely on the user's phone. 
                                                                                                    You help users organize their thoughts, memories, and ideas. Always be friendly, concise, and helpful.
                                                                                                    Remember that you work completely offline - you have no internet connection.
                                                                                                    
                                                                                                    User: tell me about korea
                                                                                                    User: tell me about korea
                                                                                                    memSTORY: 
2025-08-30 08:51:06.953 16461-16789 GemmaTokenizer          com.memstory                         D  Encoded to 54 tokens
2025-08-30 08:51:06.953 16461-16789 OnnxLLMEngine           com.memstory                         D  Input tokenized: 54 tokens
2025-08-30 08:51:06.953 16461-16789 OnnxLLMEngine           com.memstory                         D  Starting autoregressive generation with NNAPI acceleration
2025-08-30 08:51:06.953 16461-16789 OnnxLLMEngine           com.memstory                         D  Gemma 3 1B generation: sliding_window=512, pattern=6, cache=hybrid
2025-08-30 08:51:06.953 16461-16789 OnnxLLMEngine           com.memstory                         D  Model config: vocab=262144, layers=26, heads=4, kv_heads=1
2025-08-30 08:51:06.953 16461-16789 OnnxLLMEngine           com.memstory                         D  Starting fresh KV cache for new generation (prevent token accumulation)
2025-08-30 08:51:07.825 16461-16789 OnnxLLMEngine           com.memstory                         D  First inference completed, switching from dummy to actual KV cache
2025-08-30 08:51:14.662 16461-16789 onnxruntime             com.memstory                         E   [E:onnxruntime:, sequential_executor.cc:572 ExecuteKernel] Non-zero status code returned while running Cast node. Name:'past_key_values.5.value_fp16' Status Message: /onnxruntime_src/onnxruntime/core/framework/op_kernel.cc:83 virtual OrtValue *onnxruntime::OpKernelContext::OutputMLValue(int, const TensorShape &) status.IsOK() was false. Shape mismatch attempting to re-use buffer. {1,1,512,256} != {1,1,523,256}. Validate usage of dim_value (values should be > 0) and dim_param (all values with the same string should equate to the same size) in shapes in the model.
2025-08-30 08:51:14.662 16461-16789 OnnxLLMEngine           com.memstory                         E  Error generating token 9: Error code - ORT_RUNTIME_EXCEPTION - message: Non-zero status code returned while running Cast node. Name:'past_key_values.5.value_fp16' Status Message: /onnxruntime_src/onnxruntime/core/framework/op_kernel.cc:83 virtual OrtValue *onnxruntime::OpKernelContext::OutputMLValue(int, const TensorShape &) status.IsOK() was false. Shape mismatch attempting to re-use buffer. {1,1,512,256} != {1,1,523,256}. Validate usage of dim_value (values should be > 0) and dim_param (all values with the same string should equate to the same size) in shapes in the model.
2025-08-30 08:51:14.662 16461-16789 GemmaTokenizer          com.memstory                         D  Decoding 9 tokens
2025-08-30 08:51:14.662 16461-16789 GemmaTokenizer          com.memstory                         D  Decoded text: 's information 
                                                                                                    
                                                                                                    <h2>
                                                                                                    **
2025-08-30 08:51:14.663 16461-16789 OnnxLLMEngine           com.memstory                         D  Generation completed:
                                                                                                    - Input tokens: 54
                                                                                                    - Generated tokens: 9
                                                                                                    - Total conversation tokens: 63
                                                                                                    - KV cache size: 1.5996094MB
2025-08-30 08:51:14.663 16461-16789 OnnxLLMEngine           com.memstory                         D  Response generated: 's information 
                                                                                                    
                                                                                                    <h2>
                                                                                                    **
2025-08-30 08:51:14.663 16461-16789 LLMConversationService  com.memstory                         D  Generated response in 7710ms: 's information 
                                                                                                    
                                                                                                    <h2>
                                                                                                    **