2025-08-30 07:53:31.616  6531-6531  VRI[MainAc...y]@251da94 com.memstory                         I  handleResized, frames=ClientWindowFrames{frame=[0,0][1080,2340] display=[0,0][1080,2340] parentFrame=[0,0][0,0]} displayId=0 dragResizing=false compatScale=1.0 frameChanged=false attachedFrameChanged=false configChanged=false displayChanged=false compatScaleChanged=false dragResizingChanged=false
2025-08-30 07:53:31.621  6531-6555  VRI[MainAc...y]@251da94 com.memstory                         I  mWNT: t=0xb400007eae35b350 mBlastBufferQueue=0xb400007dde251150 fn= 170 HdrRenderState mRenderHdrSdrRatio=1.0 caller= android.view.SyncRtSurfaceTransactionApplier.applyTransaction:96 android.view.SyncRtSurfaceTransactionApplier.lambda$scheduleApply$0:69 android.view.SyncRtSurfaceTransactionApplier.$r8$lambda$afI4fXg3U3-nBZQEDQMiNy-B06s:0 
2025-08-30 07:53:31.621  6531-6531  InsetsSourceConsumer    com.memstory                         I  applyRequestedVisibilityToControl: visible=true, type=navigationBars, host=com.memstory/com.memstory.presentation.MainActivity
2025-08-30 07:53:31.632  6531-6552  VRI[MainAc...y]@251da94 com.memstory                         I  mWNT: t=0xb400007eae35f790 mBlastBufferQueue=0xb400007dde251150 fn= 171 HdrRenderState mRenderHdrSdrRatio=1.0 caller= android.view.SyncRtSurfaceTransactionApplier.applyTransaction:96 android.view.SyncRtSurfaceTransactionApplier.lambda$scheduleApply$0:69 android.view.SyncRtSurfaceTransactionApplier.$r8$lambda$afI4fXg3U3-nBZQEDQMiNy-B06s:0 
2025-08-30 07:53:31.637  6531-6555  VRI[MainAc...y]@251da94 com.memstory                         I  mWNT: t=0xb400007eae35f250 mBlastBufferQueue=0xb400007dde251150 fn= 172 HdrRenderState mRenderHdrSdrRatio=1.0 caller= android.view.SyncRtSurfaceTransactionApplier.applyTransaction:96 android.view.SyncRtSurfaceTransactionApplier.lambda$scheduleApply$0:69 android.view.SyncRtSurfaceTransactionApplier.$r8$lambda$afI4fXg3U3-nBZQEDQMiNy-B06s:0 
2025-08-30 07:53:31.645  6531-6552  VRI[MainAc...y]@251da94 com.memstory                         I  mWNT: t=0xb400007eae25d050 mBlastBufferQueue=0xb400007dde251150 fn= 173 HdrRenderState mRenderHdrSdrRatio=1.0 caller= android.view.SyncRtSurfaceTransactionApplier.applyTransaction:96 android.view.SyncRtSurfaceTransactionApplier.lambda$scheduleApply$0:69 android.view.SyncRtSurfaceTransactionApplier.$r8$lambda$afI4fXg3U3-nBZQEDQMiNy-B06s:0 
2025-08-30 07:53:31.653  6531-6555  VRI[MainAc...y]@251da94 com.memstory                         I  mWNT: t=0xb400007eae25ab90 mBlastBufferQueue=0xb400007dde251150 fn= 174 HdrRenderState mRenderHdrSdrRatio=1.0 caller= android.view.SyncRtSurfaceTransactionApplier.applyTransaction:96 android.view.SyncRtSurfaceTransactionApplier.lambda$scheduleApply$0:69 android.view.SyncRtSurfaceTransactionApplier.$r8$lambda$afI4fXg3U3-nBZQEDQMiNy-B06s:0 
2025-08-30 07:53:31.666  6531-6552  VRI[MainAc...y]@251da94 com.memstory                         I  mWNT: t=0xb400007eae35bf90 mBlastBufferQueue=0xb400007dde251150 fn= 175 HdrRenderState mRenderHdrSdrRatio=1.0 caller= android.view.SyncRtSurfaceTransactionApplier.applyTransaction:96 android.view.SyncRtSurfaceTransactionApplier.lambda$scheduleApply$0:69 android.view.SyncRtSurfaceTransactionApplier.$r8$lambda$afI4fXg3U3-nBZQEDQMiNy-B06s:0 
2025-08-30 07:53:31.672  6531-6743  GemmaTokenizer          com.memstory                         D  Config loaded in Java heap: 262144 vocab size
2025-08-30 07:53:31.672  6531-6743  GemmaTokenizer          com.memstory                         D  Tokenizer initialized with hybrid memory architecture
2025-08-30 07:53:31.672  6531-6743  OnnxLLMEngine           com.memstory                         D  Tokenizer loaded with vocab size: 262144
2025-08-30 07:53:31.673  6531-6743  CompatChangeReporter    com.memstory                         D  Compat change id reported: 312399441; UID 10589; state: ENABLED
2025-08-30 07:53:31.673  6531-6743  OnnxLLMEngine           com.memstory                         D  Copying 998MB model from assets to internal storage...
2025-08-30 07:53:31.673  6531-6743  OnnxLLMEngine           com.memstory                         D  Memory strategy: Java heap (configs) + Native heap (model weights + KV cache)
2025-08-30 07:53:31.673  6531-6555  VRI[MainAc...y]@251da94 com.memstory                         I  mWNT: t=0xb400007eae35fb10 mBlastBufferQueue=0xb400007dde251150 fn= 176 HdrRenderState mRenderHdrSdrRatio=1.0 caller= android.view.SyncRtSurfaceTransactionApplier.applyTransaction:96 android.view.SyncRtSurfaceTransactionApplier.lambda$scheduleApply$0:69 android.view.SyncRtSurfaceTransactionApplier.$r8$lambda$afI4fXg3U3-nBZQEDQMiNy-B06s:0 
2025-08-30 07:53:31.679  6531-6552  VRI[MainAc...y]@251da94 com.memstory                         I  mWNT: t=0xb400007eae35d490 mBlastBufferQueue=0xb400007dde251150 fn= 177 HdrRenderState mRenderHdrSdrRatio=1.0 caller= android.view.SyncRtSurfaceTransactionApplier.applyTransaction:96 android.view.SyncRtSurfaceTransactionApplier.lambda$scheduleApply$0:69 android.view.SyncRtSurfaceTransactionApplier.$r8$lambda$afI4fXg3U3-nBZQEDQMiNy-B06s:0 
2025-08-30 07:53:31.688  6531-6555  VRI[MainAc...y]@251da94 com.memstory                         I  mWNT: t=0xb400007eae35d9d0 mBlastBufferQueue=0xb400007dde251150 fn= 178 HdrRenderState mRenderHdrSdrRatio=1.0 caller= android.view.SyncRtSurfaceTransactionApplier.applyTransaction:96 android.view.SyncRtSurfaceTransactionApplier.lambda$scheduleApply$0:69 android.view.SyncRtSurfaceTransactionApplier.$r8$lambda$afI4fXg3U3-nBZQEDQMiNy-B06s:0 
2025-08-30 07:53:31.697  6531-6552  VRI[MainAc...y]@251da94 com.memstory                         I  mWNT: t=0xb400007eae35db90 mBlastBufferQueue=0xb400007dde251150 fn= 179 HdrRenderState mRenderHdrSdrRatio=1.0 caller= android.view.SyncRtSurfaceTransactionApplier.applyTransaction:96 android.view.SyncRtSurfaceTransactionApplier.lambda$scheduleApply$0:69 android.view.SyncRtSurfaceTransactionApplier.$r8$lambda$afI4fXg3U3-nBZQEDQMiNy-B06s:0 
2025-08-30 07:53:31.704  6531-6555  VRI[MainAc...y]@251da94 com.memstory                         I  mWNT: t=0xb400007eae35dd50 mBlastBufferQueue=0xb400007dde251150 fn= 180 HdrRenderState mRenderHdrSdrRatio=1.0 caller= android.view.SyncRtSurfaceTransactionApplier.applyTransaction:96 android.view.SyncRtSurfaceTransactionApplier.lambda$scheduleApply$0:69 android.view.SyncRtSurfaceTransactionApplier.$r8$lambda$afI4fXg3U3-nBZQEDQMiNy-B06s:0 
2025-08-30 07:53:31.713  6531-6552  VRI[MainAc...y]@251da94 com.memstory                         I  mWNT: t=0xb400007eae35eb50 mBlastBufferQueue=0xb400007dde251150 fn= 181 HdrRenderState mRenderHdrSdrRatio=1.0 caller= android.view.SyncRtSurfaceTransactionApplier.applyTransaction:96 android.view.SyncRtSurfaceTransactionApplier.lambda$scheduleApply$0:69 android.view.SyncRtSurfaceTransactionApplier.$r8$lambda$afI4fXg3U3-nBZQEDQMiNy-B06s:0 
2025-08-30 07:53:31.721  6531-6555  VRI[MainAc...y]@251da94 com.memstory                         I  mWNT: t=0xb400007eae35cbd0 mBlastBufferQueue=0xb400007dde251150 fn= 182 HdrRenderState mRenderHdrSdrRatio=1.0 caller= android.view.SyncRtSurfaceTransactionApplier.applyTransaction:96 android.view.SyncRtSurfaceTransactionApplier.lambda$scheduleApply$0:69 android.view.SyncRtSurfaceTransactionApplier.$r8$lambda$afI4fXg3U3-nBZQEDQMiNy-B06s:0 
2025-08-30 07:53:31.730  6531-6552  VRI[MainAc...y]@251da94 com.memstory                         I  mWNT: t=0xb400007eae35b6d0 mBlastBufferQueue=0xb400007dde251150 fn= 183 HdrRenderState mRenderHdrSdrRatio=1.0 caller= android.view.SyncRtSurfaceTransactionApplier.applyTransaction:96 android.view.SyncRtSurfaceTransactionApplier.lambda$scheduleApply$0:69 android.view.SyncRtSurfaceTransactionApplier.$r8$lambda$afI4fXg3U3-nBZQEDQMiNy-B06s:0 
2025-08-30 07:53:31.740  6531-6555  VRI[MainAc...y]@251da94 com.memstory                         I  mWNT: t=0xb400007eae35ca10 mBlastBufferQueue=0xb400007dde251150 fn= 184 HdrRenderState mRenderHdrSdrRatio=1.0 caller= android.view.SyncRtSurfaceTransactionApplier.applyTransaction:96 android.view.SyncRtSurfaceTransactionApplier.lambda$scheduleApply$0:69 android.view.SyncRtSurfaceTransactionApplier.$r8$lambda$afI4fXg3U3-nBZQEDQMiNy-B06s:0 
2025-08-30 07:53:31.749  6531-6552  VRI[MainAc...y]@251da94 com.memstory                         I  mWNT: t=0xb400007eae35f090 mBlastBufferQueue=0xb400007dde251150 fn= 185 HdrRenderState mRenderHdrSdrRatio=1.0 caller= android.view.SyncRtSurfaceTransactionApplier.applyTransaction:96 android.view.SyncRtSurfaceTransactionApplier.lambda$scheduleApply$0:69 android.view.SyncRtSurfaceTransactionApplier.$r8$lambda$afI4fXg3U3-nBZQEDQMiNy-B06s:0 
2025-08-30 07:53:31.756  6531-6555  VRI[MainAc...y]@251da94 com.memstory                         I  mWNT: t=0xb400007eae35c310 mBlastBufferQueue=0xb400007dde251150 fn= 186 HdrRenderState mRenderHdrSdrRatio=1.0 caller= android.view.SyncRtSurfaceTransactionApplier.applyTransaction:96 android.view.SyncRtSurfaceTransactionApplier.lambda$scheduleApply$0:69 android.view.SyncRtSurfaceTransactionApplier.$r8$lambda$afI4fXg3U3-nBZQEDQMiNy-B06s:0 
2025-08-30 07:53:31.763  6531-6552  VRI[MainAc...y]@251da94 com.memstory                         I  mWNT: t=0xb400007eae35e0d0 mBlastBufferQueue=0xb400007dde251150 fn= 187 HdrRenderState mRenderHdrSdrRatio=1.0 caller= android.view.SyncRtSurfaceTransactionApplier.applyTransaction:96 android.view.SyncRtSurfaceTransactionApplier.lambda$scheduleApply$0:69 android.view.SyncRtSurfaceTransactionApplier.$r8$lambda$afI4fXg3U3-nBZQEDQMiNy-B06s:0 
2025-08-30 07:53:31.768  6531-6555  VRI[MainAc...y]@251da94 com.memstory                         I  mWNT: t=0xb400007eae35e450 mBlastBufferQueue=0xb400007dde251150 fn= 187 HdrRenderState mRenderHdrSdrRatio=1.0 caller= android.view.SyncRtSurfaceTransactionApplier.applyTransaction:96 android.view.SyncRtSurfaceTransactionApplier.lambda$scheduleApply$0:69 android.view.SyncRtSurfaceTransactionApplier.$r8$lambda$afI4fXg3U3-nBZQEDQMiNy-B06s:0 
2025-08-30 07:53:31.776  6531-6552  VRI[MainAc...y]@251da94 com.memstory                         I  mWNT: t=0xb400007eae2a2790 mBlastBufferQueue=0xb400007dde251150 fn= 188 HdrRenderState mRenderHdrSdrRatio=1.0 caller= android.view.SyncRtSurfaceTransactionApplier.applyTransaction:96 android.view.SyncRtSurfaceTransactionApplier.lambda$scheduleApply$0:69 android.view.SyncRtSurfaceTransactionApplier.$r8$lambda$afI4fXg3U3-nBZQEDQMiNy-B06s:0 
2025-08-30 07:53:31.786  6531-6555  VRI[MainAc...y]@251da94 com.memstory                         I  mWNT: t=0xb400007eae35e990 mBlastBufferQueue=0xb400007dde251150 fn= 189 HdrRenderState mRenderHdrSdrRatio=1.0 caller= android.view.SyncRtSurfaceTransactionApplier.applyTransaction:96 android.view.SyncRtSurfaceTransactionApplier.lambda$scheduleApply$0:69 android.view.SyncRtSurfaceTransactionApplier.$r8$lambda$afI4fXg3U3-nBZQEDQMiNy-B06s:0 
2025-08-30 07:53:31.794  6531-6552  VRI[MainAc...y]@251da94 com.memstory                         I  mWNT: t=0xb400007eae35f5d0 mBlastBufferQueue=0xb400007dde251150 fn= 190 HdrRenderState mRenderHdrSdrRatio=1.0 caller= android.view.SyncRtSurfaceTransactionApplier.applyTransaction:96 android.view.SyncRtSurfaceTransactionApplier.lambda$scheduleApply$0:69 android.view.SyncRtSurfaceTransactionApplier.$r8$lambda$afI4fXg3U3-nBZQEDQMiNy-B06s:0 
2025-08-30 07:53:31.802  6531-6555  VRI[MainAc...y]@251da94 com.memstory                         I  mWNT: t=0xb400007eae35eed0 mBlastBufferQueue=0xb400007dde251150 fn= 191 HdrRenderState mRenderHdrSdrRatio=1.0 caller= android.view.SyncRtSurfaceTransactionApplier.applyTransaction:96 android.view.SyncRtSurfaceTransactionApplier.lambda$scheduleApply$0:69 android.view.SyncRtSurfaceTransactionApplier.$r8$lambda$afI4fXg3U3-nBZQEDQMiNy-B06s:0 
2025-08-30 07:53:31.811  6531-6552  VRI[MainAc...y]@251da94 com.memstory                         I  mWNT: t=0xb400007eae35c150 mBlastBufferQueue=0xb400007dde251150 fn= 192 HdrRenderState mRenderHdrSdrRatio=1.0 caller= android.view.SyncRtSurfaceTransactionApplier.applyTransaction:96 android.view.SyncRtSurfaceTransactionApplier.lambda$scheduleApply$0:69 android.view.SyncRtSurfaceTransactionApplier.$r8$lambda$afI4fXg3U3-nBZQEDQMiNy-B06s:0 
2025-08-30 07:53:31.819  6531-6555  VRI[MainAc...y]@251da94 com.memstory                         I  mWNT: t=0xb400007eae35cf50 mBlastBufferQueue=0xb400007dde251150 fn= 193 HdrRenderState mRenderHdrSdrRatio=1.0 caller= android.view.SyncRtSurfaceTransactionApplier.applyTransaction:96 android.view.SyncRtSurfaceTransactionApplier.lambda$scheduleApply$0:69 android.view.SyncRtSurfaceTransactionApplier.$r8$lambda$afI4fXg3U3-nBZQEDQMiNy-B06s:0 
2025-08-30 07:53:31.828  6531-6552  VRI[MainAc...y]@251da94 com.memstory                         I  mWNT: t=0xb400007eae35fe90 mBlastBufferQueue=0xb400007dde251150 fn= 194 HdrRenderState mRenderHdrSdrRatio=1.0 caller= android.view.SyncRtSurfaceTransactionApplier.applyTransaction:96 android.view.SyncRtSurfaceTransactionApplier.lambda$scheduleApply$0:69 android.view.SyncRtSurfaceTransactionApplier.$r8$lambda$afI4fXg3U3-nBZQEDQMiNy-B06s:0 
2025-08-30 07:53:31.836  6531-6555  VRI[MainAc...y]@251da94 com.memstory                         I  mWNT: t=0xb400007eae35d650 mBlastBufferQueue=0xb400007dde251150 fn= 195 HdrRenderState mRenderHdrSdrRatio=1.0 caller= android.view.SyncRtSurfaceTransactionApplier.applyTransaction:96 android.view.SyncRtSurfaceTransactionApplier.lambda$scheduleApply$0:69 android.view.SyncRtSurfaceTransactionApplier.$r8$lambda$afI4fXg3U3-nBZQEDQMiNy-B06s:0 
2025-08-30 07:53:31.847  6531-6552  VRI[MainAc...y]@251da94 com.memstory                         I  mWNT: t=0xb400007eae35df10 mBlastBufferQueue=0xb400007dde251150 fn= 196 HdrRenderState mRenderHdrSdrRatio=1.0 caller= android.view.SyncRtSurfaceTransactionApplier.applyTransaction:96 android.view.SyncRtSurfaceTransactionApplier.lambda$scheduleApply$0:69 android.view.SyncRtSurfaceTransactionApplier.$r8$lambda$afI4fXg3U3-nBZQEDQMiNy-B06s:0 
2025-08-30 07:53:31.852  6531-6555  VRI[MainAc...y]@251da94 com.memstory                         I  mWNT: t=0xb400007eae35c850 mBlastBufferQueue=0xb400007dde251150 fn= 197 HdrRenderState mRenderHdrSdrRatio=1.0 caller= android.view.SyncRtSurfaceTransactionApplier.applyTransaction:96 android.view.SyncRtSurfaceTransactionApplier.lambda$scheduleApply$0:69 android.view.SyncRtSurfaceTransactionApplier.$r8$lambda$afI4fXg3U3-nBZQEDQMiNy-B06s:0 
2025-08-30 07:53:31.861  6531-6552  VRI[MainAc...y]@251da94 com.memstory                         I  mWNT: t=0xb400007eae269450 mBlastBufferQueue=0xb400007dde251150 fn= 198 HdrRenderState mRenderHdrSdrRatio=1.0 caller= android.view.SyncRtSurfaceTransactionApplier.applyTransaction:96 android.view.SyncRtSurfaceTransactionApplier.lambda$scheduleApply$0:69 android.view.SyncRtSurfaceTransactionApplier.$r8$lambda$afI4fXg3U3-nBZQEDQMiNy-B06s:0 
2025-08-30 07:53:31.874  6531-6555  VRI[MainAc...y]@251da94 com.memstory                         I  mWNT: t=0xb400007eae26a790 mBlastBufferQueue=0xb400007dde251150 fn= 199 HdrRenderState mRenderHdrSdrRatio=1.0 caller= android.view.SyncRtSurfaceTransactionApplier.applyTransaction:96 android.view.SyncRtSurfaceTransactionApplier.lambda$scheduleApply$0:69 android.view.SyncRtSurfaceTransactionApplier.$r8$lambda$afI4fXg3U3-nBZQEDQMiNy-B06s:0 
2025-08-30 07:53:31.877  6531-6552  VRI[MainAc...y]@251da94 com.memstory                         I  mWNT: t=0xb400007eae265e10 mBlastBufferQueue=0xb400007dde251150 fn= 200 HdrRenderState mRenderHdrSdrRatio=1.0 caller= android.view.SyncRtSurfaceTransactionApplier.applyTransaction:96 android.view.SyncRtSurfaceTransactionApplier.lambda$scheduleApply$0:69 android.view.SyncRtSurfaceTransactionApplier.$r8$lambda$afI4fXg3U3-nBZQEDQMiNy-B06s:0 
2025-08-30 07:53:31.886  6531-6555  VRI[MainAc...y]@251da94 com.memstory                         I  mWNT: t=0xb400007eae269610 mBlastBufferQueue=0xb400007dde251150 fn= 201 HdrRenderState mRenderHdrSdrRatio=1.0 caller= android.view.SyncRtSurfaceTransactionApplier.applyTransaction:96 android.view.SyncRtSurfaceTransactionApplier.lambda$scheduleApply$0:69 android.view.SyncRtSurfaceTransactionApplier.$r8$lambda$afI4fXg3U3-nBZQEDQMiNy-B06s:0 
2025-08-30 07:53:31.895  6531-6552  VRI[MainAc...y]@251da94 com.memstory                         I  mWNT: t=0xb400007eae268810 mBlastBufferQueue=0xb400007dde251150 fn= 202 HdrRenderState mRenderHdrSdrRatio=1.0 caller= android.view.SyncRtSurfaceTransactionApplier.applyTransaction:96 android.view.SyncRtSurfaceTransactionApplier.lambda$scheduleApply$0:69 android.view.SyncRtSurfaceTransactionApplier.$r8$lambda$afI4fXg3U3-nBZQEDQMiNy-B06s:0 
2025-08-30 07:53:31.903  6531-6555  VRI[MainAc...y]@251da94 com.memstory                         I  mWNT: t=0xb400007eae266c10 mBlastBufferQueue=0xb400007dde251150 fn= 203 HdrRenderState mRenderHdrSdrRatio=1.0 caller= android.view.SyncRtSurfaceTransactionApplier.applyTransaction:96 android.view.SyncRtSurfaceTransactionApplier.lambda$scheduleApply$0:69 android.view.SyncRtSurfaceTransactionApplier.$r8$lambda$afI4fXg3U3-nBZQEDQMiNy-B06s:0 
2025-08-30 07:53:31.911  6531-6552  VRI[MainAc...y]@251da94 com.memstory                         I  mWNT: t=0xb400007eae266510 mBlastBufferQueue=0xb400007dde251150 fn= 204 HdrRenderState mRenderHdrSdrRatio=1.0 caller= android.view.SyncRtSurfaceTransactionApplier.applyTransaction:96 android.view.SyncRtSurfaceTransactionApplier.lambda$scheduleApply$0:69 android.view.SyncRtSurfaceTransactionApplier.$r8$lambda$afI4fXg3U3-nBZQEDQMiNy-B06s:0 
2025-08-30 07:53:31.918  6531-6531  InsetsController        com.memstory                         I  cancelAnimation: types=ime, animType=1, host=com.memstory/com.memstory.presentation.MainActivity, from=android.view.InsetsController.notifyFinished:1881 android.view.InsetsAnimationControlImpl.applyChangeInsets:307 android.view.InsetsController.lambda$new$3:931 
2025-08-30 07:53:31.919  6531-6531  ImeTracker              com.memstory                         I  com.memstory:426dc73c: onRequestHide at ORIGIN_CLIENT reason HIDE_SOFT_INPUT_ON_ANIMATION_STATE_CHANGED fromUser false
2025-08-30 07:53:31.919  6531-6531  InputMethodManager_LC   com.memstory                         I  notifyImeHidden: IInputMethodManagerGlobalInvoker.hideSoftInput
2025-08-30 07:53:31.919  6531-6531  ImeTracker              com.memstory                         I  com.memstory:cdb64116: onHidden
2025-08-30 07:53:31.920  6531-6555  VRI[MainAc...y]@251da94 com.memstory                         I  mWNT: t=0xb400007eae26a250 mBlastBufferQueue=0xb400007dde251150 fn= 205 HdrRenderState mRenderHdrSdrRatio=1.0 caller= android.view.SyncRtSurfaceTransactionApplier.applyTransaction:96 android.view.SyncRtSurfaceTransactionApplier.lambda$scheduleApply$0:69 android.view.SyncRtSurfaceTransactionApplier.$r8$lambda$afI4fXg3U3-nBZQEDQMiNy-B06s:0 
2025-08-30 07:53:31.964  6531-6531  InsetsController        com.memstory                         I  onStateChanged: host=com.memstory/com.memstory.presentation.MainActivity, from=android.view.ViewRootImpl.handleResized:2781, state=InsetsState: {mDisplayFrame=Rect(0, 0 - 1080, 2340), mDisplayCutout=DisplayCutout{insets=Rect(0, 83 - 0, 0) waterfall=Insets{left=0, top=0, right=0, bottom=0} boundingRect={Bounds=[Rect(0, 0 - 0, 0), Rect(515, 0 - 566, 83), Rect(0, 0 - 0, 0), Rect(0, 0 - 0, 0)]} cutoutPathParserInfo={CutoutPathParserInfo{displayWidth=1080 displayHeight=2340 physicalDisplayWidth=1080 physicalDisplayHeight=2340 density={2.8125} cutoutSpec={M 0,0 H -9.066666666666667 V 29.6 H 9.066666666666667 V 0 H 0 Z @dp} rotation={0} scale={1.0} physicalPixelDisplaySizeRatio={1.0}}} sideOverrides={}}, mRoundedCorners=RoundedCorners{[RoundedCorner{position=TopLeft, radius=113, center=Point(113, 113)}, RoundedCorner{position=TopRight, radius=113, center=Point(967, 113)}, RoundedCorner{position=BottomRight, radius=113, center=Point(967, 2227)}, RoundedCorner{position=BottomLeft, radius=113, center=Point(113, 2227)}]}  mRoundedCornerFrame=Rect(0, 0 - 1080, 2340), mPrivacyIndicatorBounds=PrivacyIndicatorBounds {static bounds=Rect(956, 0 - 1080, 84) rotation=0}, mDisplayShape=DisplayShape{ spec=-311912193 displayWidth=1440 displayHeight=3120 physicalPixelDisplaySizeRatio=1.0 rotation=0 offsetX=0 offsetY=0 scale=1.0}, mSources= { InsetsSource: {af370001 mType=navigationBars mFrame=[0,2205][1080,2340] mVisible=true mFlags= mSideHint=BOTTOM mBoundingRects=null}, InsetsSource: {af370004 mType=systemGestures mFrame=[0,0][0,0] mVisible=true mFlags= mSideHint=NONE mBoundingRects=null}, InsetsSource: {af370005 mType=mandatorySystemGestures mFrame=[0,2205][1080,2340] mVisible=true mFlags= mSideHint=BOTTOM mBoundingRects=null}, InsetsSource: {af370006 mType=tappableElement mFrame=[0,2205][1080,2340] mVisible=true mFlags= mSideHint=BOTTOM mBoundingRects=null}, InsetsSource: {af370024 mType=systemGestures mFrame=[0,0][0,0] mVisible=true mFlags= mSideHint=NONE mBoundingRects=null}, InsetsSource: {3 mType=ime mFrame=[0,0][0,0] mVisible=false mFlags= mSideHint=NONE mBoundingRects=null}, InsetsSource: {27 mType=displayCutout mFrame=[0,0][1080,83] mVisible=true mFlags= mSideHint=TOP mBoundingRects=null}, InsetsSource: {7940000 mType=statusBars mFrame=[0,0][1080,84] mVisible=true mFlags= mSideHint=TOP mBoundingRects=null}, InsetsSource: {7940005 mType=mandatorySystemGestures mFrame=[0,0][1080,117] mVisible=true mFlags= mSideHint=TOP mBoundingRects=null}, InsetsSource: {7940006 mType=tappableElement mFrame=[0,0][1080,84] mVisible=true mFlags= mSideHint=TOP mBoundingRects=null} }
2025-08-30 07:53:31.964  6531-6531  VRI[MainAc...y]@251da94 com.memstory                         I  handleResized, frames=ClientWindowFrames{frame=[0,0][1080,2340] display=[0,0][1080,2340] parentFrame=[0,0][0,0]} displayId=0 dragResizing=false compatScale=1.0 frameChanged=false attachedFrameChanged=false configChanged=false displayChanged=false compatScaleChanged=false dragResizingChanged=false
2025-08-30 07:53:32.059  6531-6743  OnnxLLMEngine           com.memstory                         D  Copied 100MB...
2025-08-30 07:53:32.430  6531-6743  OnnxLLMEngine           com.memstory                         D  Copied 200MB...
2025-08-30 07:53:32.799  6531-6743  OnnxLLMEngine           com.memstory                         D  Copied 300MB...
2025-08-30 07:53:33.166  6531-6743  OnnxLLMEngine           com.memstory                         D  Copied 400MB...
2025-08-30 07:53:33.503  6531-6743  OnnxLLMEngine           com.memstory                         D  Copied 500MB...
2025-08-30 07:53:33.838  6531-6743  OnnxLLMEngine           com.memstory                         D  Copied 600MB...
2025-08-30 07:53:34.161  6531-6743  OnnxLLMEngine           com.memstory                         D  Copied 700MB...
2025-08-30 07:53:34.486  6531-6743  OnnxLLMEngine           com.memstory                         D  Copied 800MB...
2025-08-30 07:53:34.547  6531-6531  VRI[MainAc...y]@251da94 com.memstory                         I  call setFrameRateCategory for touch hint category=no preference, reason=boost timeout, vri=VRI[MainActivity]@251da94
2025-08-30 07:53:34.809  6531-6743  OnnxLLMEngine           com.memstory                         D  Copied 900MB...
2025-08-30 07:53:34.973  6531-6743  OnnxLLMEngine           com.memstory                         D  Total copied: 951MB
2025-08-30 07:53:34.991  6531-6743  OnnxLLMEngine           com.memstory                         D  Model ready for native heap loading: 997769309 bytes
2025-08-30 07:53:35.330  6531-6743  Manager                 com.memstory                         I  DeviceManager::DeviceManager
2025-08-30 07:53:35.330  6531-6743  ServerFlag              com.memstory                         W  Failed to parse result of GetServerConfigurableFlag, errno=34
2025-08-30 07:53:35.330  6531-6743  Manager                 com.memstory                         I  findAvailableDevices
2025-08-30 07:53:35.330  6531-6743  HidlServiceManagement   com.memstory                         W  hwservicemanager is not supported on the device.
2025-08-30 07:53:35.330  6531-6743  HidlServiceManagement   com.memstory                         I  Cannot list manifest for android.hardware.neuralnetworks@1.3::IDevice without hwservicemanager
2025-08-30 07:53:35.330  6531-6743  HidlServiceManagement   com.memstory                         I  Cannot list manifest for android.hardware.neuralnetworks@1.2::IDevice without hwservicemanager
2025-08-30 07:53:35.330  6531-6743  HidlServiceManagement   com.memstory                         I  Cannot list manifest for android.hardware.neuralnetworks@1.1::IDevice without hwservicemanager
2025-08-30 07:53:35.330  6531-6743  HidlServiceManagement   com.memstory                         I  Cannot list manifest for android.hardware.neuralnetworks@1.0::IDevice without hwservicemanager
2025-08-30 07:53:38.854  6531-6743  OnnxLLMEngine           com.memstory                         D  ONNX model loaded with NNAPI execution provider (NPU acceleration)
2025-08-30 07:53:38.854  6531-6743  OnnxLLMEngine           com.memstory                         D  LLM Engine initialization completed
2025-08-30 07:53:38.854  6531-6743  LLMConversationService  com.memstory                         D  LLM Service initialized successfully
2025-08-30 07:53:38.854  6531-6743  LLMConversationService  com.memstory                         D  Generating response for: tell me about korea
2025-08-30 07:53:38.855  6531-6743  LLMConversationService  com.memstory                         D  Built prompt with 326 characters
2025-08-30 07:53:38.855  6531-6743  OnnxLLMEngine           com.memstory                         D  Generating response for: You are memSTORY, a helpful AI assistant that lives entirely on the user's phone. 
                                                                                                    You help users organize their thoughts, memories, and ideas. Always be friendly, concise, and helpful.
                                                                                                    Remember that you work completely offline - you have no internet connection.
                                                                                                    
                                                                                                    User: tell me about korea
                                                                                                    User: tell me about korea
                                                                                                    memSTORY: 
2025-08-30 07:53:38.855  6531-6743  GemmaTokenizer          com.memstory                         D  Encoding text: You are memSTORY, a helpful AI assistant that lives entirely on the user's phone. 
                                                                                                    You help users organize their thoughts, memories, and ideas. Always be friendly, concise, and helpful.
                                                                                                    Remember that you work completely offline - you have no internet connection.
                                                                                                    
                                                                                                    User: tell me about korea
                                                                                                    User: tell me about korea
                                                                                                    memSTORY: 
2025-08-30 07:53:38.855  6531-6743  GemmaTokenizer          com.memstory                         D  Encoded to 54 tokens
2025-08-30 07:53:38.855  6531-6743  OnnxLLMEngine           com.memstory                         D  Input tokenized: 54 tokens
2025-08-30 07:53:38.855  6531-6743  OnnxLLMEngine           com.memstory                         D  Starting autoregressive generation with NNAPI acceleration
2025-08-30 07:53:38.855  6531-6743  OnnxLLMEngine           com.memstory                         D  Gemma 3 1B generation: sliding_window=512, cache=hybrid
2025-08-30 07:53:39.005  6531-6743  onnxruntime             com.memstory                         E   [E:onnxruntime:, sequential_executor.cc:572 ExecuteKernel] Non-zero status code returned while running Cast node. Name:'past_key_values.0.value_fp16' Status Message: /onnxruntime_src/include/onnxruntime/core/framework/op_kernel_context.h:42 const T *onnxruntime::OpKernelContext::Input(int) const [T = onnxruntime::Tensor] Missing Input: past_key_values.0.value
2025-08-30 07:53:39.005  6531-6743  OnnxLLMEngine           com.memstory                         E  Error generating token 0: Error code - ORT_RUNTIME_EXCEPTION - message: Non-zero status code returned while running Cast node. Name:'past_key_values.0.value_fp16' Status Message: /onnxruntime_src/include/onnxruntime/core/framework/op_kernel_context.h:42 const T *onnxruntime::OpKernelContext::Input(int) const [T = onnxruntime::Tensor] Missing Input: past_key_values.0.value
2025-08-30 07:53:39.005  6531-6743  GemmaTokenizer          com.memstory                         D  Decoding 0 tokens
2025-08-30 07:53:39.005  6531-6743  GemmaTokenizer          com.memstory                         D  Decoded text: 
2025-08-30 07:53:39.006  6531-6743  OnnxLLMEngine           com.memstory                         D  Generation completed:
                                                                                                    - Input tokens: 54
                                                                                                    - Generated tokens: 0
                                                                                                    - Total conversation tokens: 54
                                                                                                    - KV cache size: 1.3710938MB
2025-08-30 07:53:39.006  6531-6743  OnnxLLMEngine           com.memstory                         D  Response generated: 
2025-08-30 07:53:39.006  6531-6743  LLMConversationService  com.memstory                         D  Generated response in 152ms: 
2025-08-30 07:53:39.017  6531-6531  com.memstory            com.memstory                         I  Waiting for a blocking GC NativeAlloc
2025-08-30 07:53:39.030  6531-6531  com.memstory            com.memstory                         I  WaitForGcToComplete blocked NativeAlloc on NativeAlloc for 13.082ms
2025-08-30 07:53:39.030  6531-6538  InputTransport          com.memstory                         D  Input channel destroyed: 'ClientS', fd=149
2025-08-30 07:53:39.030  6531-6538  InputTransport          com.memstory                         D  Input channel destroyed: 'ClientS', fd=173
2025-08-30 07:53:39.031  6531-6538  InputTransport          com.memstory                         D  Input channel destroyed: 'ClientS', fd=154
2025-08-30 07:53:39.031  6531-6538  InputTransport          com.memstory                         D  Input channel destroyed: 'ClientS', fd=157
2025-08-30 07:54:28.034  6531-6531  VRI[MainAc...y]@251da94 com.memstory                         I  ViewPostIme pointer 0
2025-08-30 07:54:28.053  6531-6531  VRI[MainAc...y]@251da94 com.memstory                         I  call setFrameRateCategory for touch hint category=high hint, reason=touch, vri=VRI[MainActivity]@251da94
2025-08-30 07:54:28.110  6531-6531  VRI[MainAc...y]@251da94 com.memstory                         I  ViewPostIme pointer 1
2025-08-30 07:54:28.144  6531-6531  InputMethodManagerUtils com.memstory                         D  startInputInner - Id : 0
2025-08-30 07:54:28.145  6531-6531  InputMethodManager      com.memstory                         I  startInputInner - IInputMethodManagerGlobalInvoker.startInputOrWindowGainedFocus
2025-08-30 07:54:28.146  6531-6531  InsetsController        com.memstory                         D  show(ime(), fromIme=false)
2025-08-30 07:54:28.147  6531-6531  ImeTracker              com.memstory                         I  com.memstory:e9335300: onRequestShow at ORIGIN_CLIENT reason SHOW_SOFT_INPUT_BY_INSETS_API fromUser false
2025-08-30 07:54:28.147  6531-6531  InsetsController        com.memstory                         D  applyAnimation, skip insets animation, because hint of source is not equal to hint of control, source=InsetsSource: {3 mType=ime mFrame=[0,0][0,0] mVisible=false mFlags= mSideHint=NONE mBoundingRects=null}, control=InsetsSourceControl: {3 mType=ime mSurfacePosition=Point(0, 84) mInsetsHint=Insets{left=0, top=0, right=0, bottom=1008}}
2025-08-30 07:54:28.147  6531-6531  InsetsController        com.memstory                         I  setRequestedVisibleTypes: visible=true, mask=ime, host=com.memstory/com.memstory.presentation.MainActivity, from=android.view.InsetsController.controlAnimationUnchecked:1497 android.view.InsetsController.applyAnimation:2218 android.view.InsetsController.applyAnimation:2150 android.view.InsetsController.show:1339 android.view.InsetsController.show:1254 androidx.core.view.SoftwareKeyboardControllerCompat$Impl30.show:194 androidx.core.view.SoftwareKeyboardControllerCompat.show:71 androidx.compose.ui.text.input.InputMethodManagerImpl.showSoftInput:84 androidx.compose.ui.text.input.TextInputServiceAndroid.setKeyboardVisibleImmediately:457 androidx.compose.ui.text.input.TextInputServiceAndroid.processInputCommands:345 
2025-08-30 07:54:28.147  6531-6531  InputMethodManager_LC   com.memstory                         I  ris()
2025-08-30 07:54:28.147  6531-6531  InputMethodManager_LC   com.memstory                         I  ssi(): flags=0 view=com.memstory reason=SHOW_SOFT_INPUT_BY_INSETS_API
2025-08-30 07:54:28.147  6531-6531  InputMethodManager_LC   com.memstory                         I  ssi() view is not EditText
2025-08-30 07:54:28.147  6531-6531  InputMethodManager      com.memstory                         D  showSoftInput() view=androidx.compose.ui.platform.AndroidComposeView{b3e683a VFED..... .F....ID 0,0-1080,2340 aid=1073741824} flags=0 reason=SHOW_SOFT_INPUT_BY_INSETS_API
2025-08-30 07:54:28.148  6531-6544  InputTransport          com.memstory                         D  Input channel constructed: 'ClientS', fd=150
2025-08-30 07:54:28.148  6531-6531  InsetsController        com.memstory                         I  setRequestedVisibleTypes: visible=false, mask=ime, host=com.memstory/com.memstory.presentation.MainActivity, from=android.view.InsetsController.controlAnimationUncheckedInner:1632 android.view.InsetsController.controlAnimationUnchecked:1501 android.view.InsetsController.applyAnimation:2218 android.view.InsetsController.applyAnimation:2150 android.view.InsetsController.show:1339 android.view.InsetsController.show:1254 androidx.core.view.SoftwareKeyboardControllerCompat$Impl30.show:194 androidx.core.view.SoftwareKeyboardControllerCompat.show:71 androidx.compose.ui.text.input.InputMethodManagerImpl.showSoftInput:84 androidx.compose.ui.text.input.TextInputServiceAndroid.setKeyboardVisibleImmediately:457 
2025-08-30 07:54:28.157  6531-6531  InputMethodManager_LC   com.memstory                         I  showSoftInput(View,I)
2025-08-30 07:54:28.157  6531-6531  ImeTracker              com.memstory                         I  com.memstory:d7fa89f2: onRequestShow at ORIGIN_CLIENT reason SHOW_SOFT_INPUT fromUser false
2025-08-30 07:54:28.157  6531-6531  InputMethodManager_LC   com.memstory                         I  ssi(): flags=0 view=com.memstory reason=SHOW_SOFT_INPUT
2025-08-30 07:54:28.157  6531-6531  InputMethodManager_LC   com.memstory                         I  ssi() view is not EditText
2025-08-30 07:54:28.157  6531-6531  InputMethodManager      com.memstory                         D  showSoftInput() view=androidx.compose.ui.platform.AndroidComposeView{b3e683a VFED..... .F...... 0,0-1080,2340 aid=1073741824} flags=0 reason=SHOW_SOFT_INPUT
2025-08-30 07:54:28.183  6531-6531  InsetsController        com.memstory                         I  onStateChanged: host=com.memstory/com.memstory.presentation.MainActivity, from=android.view.ViewRootImpl.handleResized:2781, state=InsetsState: {mDisplayFrame=Rect(0, 0 - 1080, 2340), mDisplayCutout=DisplayCutout{insets=Rect(0, 83 - 0, 0) waterfall=Insets{left=0, top=0, right=0, bottom=0} boundingRect={Bounds=[Rect(0, 0 - 0, 0), Rect(515, 0 - 566, 83), Rect(0, 0 - 0, 0), Rect(0, 0 - 0, 0)]} cutoutPathParserInfo={CutoutPathParserInfo{displayWidth=1080 displayHeight=2340 physicalDisplayWidth=1080 physicalDisplayHeight=2340 density={2.8125} cutoutSpec={M 0,0 H -9.066666666666667 V 29.6 H 9.066666666666667 V 0 H 0 Z @dp} rotation={0} scale={1.0} physicalPixelDisplaySizeRatio={1.0}}} sideOverrides={}}, mRoundedCorners=RoundedCorners{[RoundedCorner{position=TopLeft, radius=113, center=Point(113, 113)}, RoundedCorner{position=TopRight, radius=113, center=Point(967, 113)}, RoundedCorner{position=BottomRight, radius=113, center=Point(967, 2227)}, RoundedCorner{position=BottomLeft, radius=113, center=Point(113, 2227)}]}  mRoundedCornerFrame=Rect(0, 0 - 1080, 2340), mPrivacyIndicatorBounds=PrivacyIndicatorBounds {static bounds=Rect(956, 0 - 1080, 84) rotation=0}, mDisplayShape=DisplayShape{ spec=-311912193 displayWidth=1440 displayHeight=3120 physicalPixelDisplaySizeRatio=1.0 rotation=0 offsetX=0 offsetY=0 scale=1.0}, mSources= { InsetsSource: {af370001 mType=navigationBars mFrame=[0,2205][1080,2340] mVisible=true mFlags= mSideHint=BOTTOM mBoundingRects=null}, InsetsSource: {af370004 mType=systemGestures mFrame=[0,0][0,0] mVisible=true mFlags= mSideHint=NONE mBoundingRects=null}, InsetsSource: {af370005 mType=mandatorySystemGestures mFrame=[0,2205][1080,2340] mVisible=true mFlags= mSideHint=BOTTOM mBoundingRects=null}, InsetsSource: {af370006 mType=tappableElement mFrame=[0,2205][1080,2340] mVisible=true mFlags= mSideHint=BOTTOM mBoundingRects=null}, InsetsSource: {af370024 mType=systemGestures mFrame=[0,0][0,0] mVisible=true mFlags= mSideHint=NONE mBoundingRects=null}, InsetsSource: {3 mType=ime mFrame=[0,1332][1080,2340] mVisible=false mFlags= mSideHint=BOTTOM mBoundingRects=null}, InsetsSource: {27 mType=displayCutout mFrame=[0,0][1080,83] mVisible=true mFlags= mSideHint=TOP mBoundingRects=null}, InsetsSource: {7940000 mType=statusBars mFrame=[0,0][1080,84] mVisible=true mFlags= mSideHint=TOP mBoundingRects=null}, InsetsSource: {7940005 mType=mandatorySystemGestures mFrame=[0,0][1080,117] mVisible=true mFlags= mSideHint=TOP mBoundingRects=null}, InsetsSource: {7940006 mType=tappableElement mFrame=[0,0][1080,84] mVisible=true mFlags= mSideHint=TOP mBoundingRects=null} }
2025-08-30 07:54:28.184  6531-6531  VRI[MainAc...y]@251da94 com.memstory                         I  handleResized, frames=ClientWindowFrames{frame=[0,0][1080,2340] display=[0,0][1080,2340] parentFrame=[0,0][0,0]} displayId=0 dragResizing=false compatScale=1.0 frameChanged=false attachedFrameChanged=false configChanged=false displayChanged=false compatScaleChanged=false dragResizingChanged=false
2025-08-30 07:54:28.186  6531-6531  InsetsController        com.memstory                         D  show(ime(), fromIme=true)
2025-08-30 07:54:28.186  6531-6531  InsetsController        com.memstory                         I  setRequestedVisibleTypes: visible=true, mask=ime, host=com.memstory/com.memstory.presentation.MainActivity, from=android.view.InsetsController.controlAnimationUnchecked:1497 android.view.InsetsController.handlePendingControlRequest:1356 android.view.InsetsController.show:1286 android.view.ViewRootImpl$ViewRootHandler.handleMessageImpl:8052 android.view.ViewRootImpl$ViewRootHandler.handleMessage:7987 android.os.Handler.dispatchMessage:107 android.os.Looper.loopOnce:257 android.os.Looper.loop:342 android.app.ActivityThread.main:9579 java.lang.reflect.Method.invoke:-2 
2025-08-30 07:54:28.186  6531-6531  InsetsController        com.memstory                         I  controlAnimationUncheckedInner: Added types=ime, animType=0, host=com.memstory/com.memstory.presentation.MainActivity, from=android.view.InsetsController.controlAnimationUnchecked:1501 android.view.InsetsController.handlePendingControlRequest:1356 android.view.InsetsController.show:1286 
2025-08-30 07:54:28.191  6531-6531  InsetsController        com.memstory                         I  cancelAnimation: types=ime, animType=0, host=com.memstory/com.memstory.presentation.MainActivity, from=android.view.InsetsController.notifyFinished:1881 android.view.InsetsAnimationControlImpl.applyChangeInsets:307 android.view.InsetsController.lambda$new$3:931 
2025-08-30 07:54:28.191  6531-6531  ImeTracker              com.memstory                         I  com.memstory:d7fa89f2: onShown
2025-08-30 07:54:28.193  6531-6552  VRI[MainAc...y]@251da94 com.memstory                         I  mWNT: t=0xb400007eae256910 mBlastBufferQueue=0xb400007dde251150 fn= 1063 HdrRenderState mRenderHdrSdrRatio=1.0 caller= android.view.SyncRtSurfaceTransactionApplier.applyTransaction:96 android.view.SyncRtSurfaceTransactionApplier.lambda$scheduleApply$0:69 android.view.SyncRtSurfaceTransactionApplier.$r8$lambda$afI4fXg3U3-nBZQEDQMiNy-B06s:0 
2025-08-30 07:54:28.193  6531-6531  InsetsController        com.memstory                         I  onStateChanged: host=com.memstory/com.memstory.presentation.MainActivity, from=android.view.ViewRootImpl.handleResized:2781, state=InsetsState: {mDisplayFrame=Rect(0, 0 - 1080, 2340), mDisplayCutout=DisplayCutout{insets=Rect(0, 83 - 0, 0) waterfall=Insets{left=0, top=0, right=0, bottom=0} boundingRect={Bounds=[Rect(0, 0 - 0, 0), Rect(515, 0 - 566, 83), Rect(0, 0 - 0, 0), Rect(0, 0 - 0, 0)]} cutoutPathParserInfo={CutoutPathParserInfo{displayWidth=1080 displayHeight=2340 physicalDisplayWidth=1080 physicalDisplayHeight=2340 density={2.8125} cutoutSpec={M 0,0 H -9.066666666666667 V 29.6 H 9.066666666666667 V 0 H 0 Z @dp} rotation={0} scale={1.0} physicalPixelDisplaySizeRatio={1.0}}} sideOverrides={}}, mRoundedCorners=RoundedCorners{[RoundedCorner{position=TopLeft, radius=113, center=Point(113, 113)}, RoundedCorner{position=TopRight, radius=113, center=Point(967, 113)}, RoundedCorner{position=BottomRight, radius=113, center=Point(967, 2227)}, RoundedCorner{position=BottomLeft, radius=113, center=Point(113, 2227)}]}  mRoundedCornerFrame=Rect(0, 0 - 1080, 2340), mPrivacyIndicatorBounds=PrivacyIndicatorBounds {static bounds=Rect(956, 0 - 1080, 84) rotation=0}, mDisplayShape=DisplayShape{ spec=-311912193 displayWidth=1440 displayHeight=3120 physicalPixelDisplaySizeRatio=1.0 rotation=0 offsetX=0 offsetY=0 scale=1.0}, mSources= { InsetsSource: {af370001 mType=navigationBars mFrame=[0,2205][1080,2340] mVisible=true mFlags= mSideHint=BOTTOM mBoundingRects=null}, InsetsSource: {af370004 mType=systemGestures mFrame=[0,0][0,0] mVisible=true mFlags= mSideHint=NONE mBoundingRects=null}, InsetsSource: {af370005 mType=mandatorySystemGestures mFrame=[0,2205][1080,2340] mVisible=true mFlags= mSideHint=BOTTOM mBoundingRects=null}, InsetsSource: {af370006 mType=tappableElement mFrame=[0,2205][1080,2340] mVisible=true mFlags= mSideHint=BOTTOM mBoundingRects=null}, InsetsSource: {af370024 mType=systemGestures mFrame=[0,0][0,0] mVisible=true mFlags= mSideHint=NONE mBoundingRects=null}, InsetsSource: {3 mType=ime mFrame=[0,1332][1080,2340] mVisible=true mFlags= mSideHint=BOTTOM mBoundingRects=null}, InsetsSource: {27 mType=displayCutout mFrame=[0,0][1080,83] mVisible=true mFlags= mSideHint=TOP mBoundingRects=null}, InsetsSource: {7940000 mType=statusBars mFrame=[0,0][1080,84] mVisible=true mFlags= mSideHint=TOP mBoundingRects=null}, InsetsSource: {7940005 mType=mandatorySystemGestures mFrame=[0,0][1080,117] mVisible=true mFlags= mSideHint=TOP mBoundingRects=null}, InsetsSource: {7940006 mType=tappableElement mFrame=[0,0][1080,84] mVisible=true mFlags= mSideHint=TOP mBoundingRects=null} }
2025-08-30 07:54:28.193  6531-6531  VRI[MainAc...y]@251da94 com.memstory                         I  handleResized, frames=ClientWindowFrames{frame=[0,0][1080,2340] display=[0,0][1080,2340] parentFrame=[0,0][0,0]} displayId=0 dragResizing=false compatScale=1.0 frameChanged=false attachedFrameChanged=false configChanged=false displayChanged=false compatScaleChanged=false dragResizingChanged=false
2025-08-30 07:54:29.186  6531-6531  VRI[MainAc...y]@251da94 com.memstory                         I  onDisplayChanged oldDisplayState=2 newDisplayState=2
2025-08-30 07:54:31.128  6531-6531  VRI[MainAc...y]@251da94 com.memstory                         I  call setFrameRateCategory for touch hint category=no preference, reason=boost timeout, vri=VRI[MainActivity]@251da94
2025-08-30 07:54:40.465  6531-6531  VRI[MainAc...y]@251da94 com.memstory                         I  ViewPostIme pointer 0
2025-08-30 07:54:40.471  6531-6531  VRI[MainAc...y]@251da94 com.memstory                         I  call setFrameRateCategory for touch hint category=high hint, reason=touch, vri=VRI[MainActivity]@251da94
2025-08-30 07:54:40.503  6531-6531  VRI[MainAc...y]@251da94 com.memstory                         I  onDisplayChanged oldDisplayState=2 newDisplayState=2
2025-08-30 07:54:40.521  6531-6531  VRI[MainAc...y]@251da94 com.memstory                         I  ViewPostIme pointer 1
2025-08-30 07:54:40.526  6531-6743  LLMConversationService  com.memstory                         D  Generating response for: hello tell me about japan
2025-08-30 07:54:40.526  6531-6743  LLMConversationService  com.memstory                         D  Built prompt with 375 characters
2025-08-30 07:54:40.526  6531-6743  OnnxLLMEngine           com.memstory                         D  Generating response for: You are memSTORY, a helpful AI assistant that lives entirely on the user's phone. 
                                                                                                    You help users organize their thoughts, memories, and ideas. Always be friendly, concise, and helpful.
                                                                                                    Remember that you work completely offline - you have no internet connection.
                                                                                                    
                                                                                                    User: tell me about korea
                                                                                                    memSTORY: 
                                                                                                    User: hello tell me about japan
                                                                                                    User: hello tell me about japan
                                                                                                    memSTORY: 
2025-08-30 07:54:40.526  6531-6743  GemmaTokenizer          com.memstory                         D  Encoding text: You are memSTORY, a helpful AI assistant that lives entirely on the user's phone. 
                                                                                                    You help users organize their thoughts, memories, and ideas. Always be friendly, concise, and helpful.
                                                                                                    Remember that you work completely offline - you have no internet connection.
                                                                                                    
                                                                                                    User: tell me about korea
                                                                                                    memSTORY: 
                                                                                                    User: hello tell me about japan
                                                                                                    User: hello tell me about japan
                                                                                                    memSTORY: 
2025-08-30 07:54:40.527  6531-6743  GemmaTokenizer          com.memstory                         D  Encoded to 62 tokens
2025-08-30 07:54:40.527  6531-6743  OnnxLLMEngine           com.memstory                         D  Input tokenized: 62 tokens
2025-08-30 07:54:40.527  6531-6743  OnnxLLMEngine           com.memstory                         D  Starting autoregressive generation with NNAPI acceleration
2025-08-30 07:54:40.527  6531-6743  OnnxLLMEngine           com.memstory                         D  Gemma 3 1B generation: sliding_window=512, cache=hybrid
2025-08-30 07:54:40.536  6531-6531  InputMethodManagerUtils com.memstory                         D  startInputInner - Id : 0
2025-08-30 07:54:40.536  6531-6531  InputMethodManager      com.memstory                         I  startInputInner - IInputMethodManagerGlobalInvoker.startInputOrWindowGainedFocus
2025-08-30 07:54:40.544  6531-6543  InputTransport          com.memstory                         D  Input channel constructed: 'ClientS', fd=174
2025-08-30 07:54:40.589  6531-6743  onnxruntime             com.memstory                         E   [E:onnxruntime:, sequential_executor.cc:572 ExecuteKernel] Non-zero status code returned while running Cast node. Name:'past_key_values.0.value_fp16' Status Message: /onnxruntime_src/include/onnxruntime/core/framework/op_kernel_context.h:42 const T *onnxruntime::OpKernelContext::Input(int) const [T = onnxruntime::Tensor] Missing Input: past_key_values.0.value
2025-08-30 07:54:40.589  6531-6743  OnnxLLMEngine           com.memstory                         E  Error generating token 0: Error code - ORT_RUNTIME_EXCEPTION - message: Non-zero status code returned while running Cast node. Name:'past_key_values.0.value_fp16' Status Message: /onnxruntime_src/include/onnxruntime/core/framework/op_kernel_context.h:42 const T *onnxruntime::OpKernelContext::Input(int) const [T = onnxruntime::Tensor] Missing Input: past_key_values.0.value
