2025-08-30 08:09:11.474  9661-9701  VRI[MainAc...y]@251da94 com.memstory                         I  mWNT: t=0xb400007eae35b510 mBlastBufferQueue=0xb400007dde24d910 fn= 201 HdrRenderState mRenderHdrSdrRatio=1.0 caller= android.view.SyncRtSurfaceTransactionApplier.applyTransaction:96 android.view.SyncRtSurfaceTransactionApplier.lambda$scheduleApply$0:69 android.view.SyncRtSurfaceTransactionApplier.$r8$lambda$afI4fXg3U3-nBZQEDQMiNy-B06s:0 
2025-08-30 08:09:11.482  9661-9702  VRI[MainAc...y]@251da94 com.memstory                         I  mWNT: t=0xb400007eae35b510 mBlastBufferQueue=0xb400007dde24d910 fn= 202 HdrRenderState mRenderHdrSdrRatio=1.0 caller= android.view.SyncRtSurfaceTransactionApplier.applyTransaction:96 android.view.SyncRtSurfaceTransactionApplier.lambda$scheduleApply$0:69 android.view.SyncRtSurfaceTransactionApplier.$r8$lambda$afI4fXg3U3-nBZQEDQMiNy-B06s:0 
2025-08-30 08:09:11.490  9661-9701  VRI[MainAc...y]@251da94 com.memstory                         I  mWNT: t=0xb400007eae35c4d0 mBlastBufferQueue=0xb400007dde24d910 fn= 203 HdrRenderState mRenderHdrSdrRatio=1.0 caller= android.view.SyncRtSurfaceTransactionApplier.applyTransaction:96 android.view.SyncRtSurfaceTransactionApplier.lambda$scheduleApply$0:69 android.view.SyncRtSurfaceTransactionApplier.$r8$lambda$afI4fXg3U3-nBZQEDQMiNy-B06s:0 
2025-08-30 08:09:11.499  9661-9702  VRI[MainAc...y]@251da94 com.memstory                         I  mWNT: t=0xb400007eae35c4d0 mBlastBufferQueue=0xb400007dde24d910 fn= 204 HdrRenderState mRenderHdrSdrRatio=1.0 caller= android.view.SyncRtSurfaceTransactionApplier.applyTransaction:96 android.view.SyncRtSurfaceTransactionApplier.lambda$scheduleApply$0:69 android.view.SyncRtSurfaceTransactionApplier.$r8$lambda$afI4fXg3U3-nBZQEDQMiNy-B06s:0 
2025-08-30 08:09:11.508  9661-9701  VRI[MainAc...y]@251da94 com.memstory                         I  mWNT: t=0xb400007eae35b350 mBlastBufferQueue=0xb400007dde24d910 fn= 205 HdrRenderState mRenderHdrSdrRatio=1.0 caller= android.view.SyncRtSurfaceTransactionApplier.applyTransaction:96 android.view.SyncRtSurfaceTransactionApplier.lambda$scheduleApply$0:69 android.view.SyncRtSurfaceTransactionApplier.$r8$lambda$afI4fXg3U3-nBZQEDQMiNy-B06s:0 
2025-08-30 08:09:11.516  9661-9702  VRI[MainAc...y]@251da94 com.memstory                         I  mWNT: t=0xb400007eae35f790 mBlastBufferQueue=0xb400007dde24d910 fn= 206 HdrRenderState mRenderHdrSdrRatio=1.0 caller= android.view.SyncRtSurfaceTransactionApplier.applyTransaction:96 android.view.SyncRtSurfaceTransactionApplier.lambda$scheduleApply$0:69 android.view.SyncRtSurfaceTransactionApplier.$r8$lambda$afI4fXg3U3-nBZQEDQMiNy-B06s:0 
2025-08-30 08:09:11.524  9661-9701  VRI[MainAc...y]@251da94 com.memstory                         I  mWNT: t=0xb400007eae35f250 mBlastBufferQueue=0xb400007dde24d910 fn= 207 HdrRenderState mRenderHdrSdrRatio=1.0 caller= android.view.SyncRtSurfaceTransactionApplier.applyTransaction:96 android.view.SyncRtSurfaceTransactionApplier.lambda$scheduleApply$0:69 android.view.SyncRtSurfaceTransactionApplier.$r8$lambda$afI4fXg3U3-nBZQEDQMiNy-B06s:0 
2025-08-30 08:09:11.532  9661-9702  VRI[MainAc...y]@251da94 com.memstory                         I  mWNT: t=0xb400007eae2571d0 mBlastBufferQueue=0xb400007dde24d910 fn= 208 HdrRenderState mRenderHdrSdrRatio=1.0 caller= android.view.SyncRtSurfaceTransactionApplier.applyTransaction:96 android.view.SyncRtSurfaceTransactionApplier.lambda$scheduleApply$0:69 android.view.SyncRtSurfaceTransactionApplier.$r8$lambda$afI4fXg3U3-nBZQEDQMiNy-B06s:0 
2025-08-30 08:09:11.541  9661-9701  VRI[MainAc...y]@251da94 com.memstory                         I  mWNT: t=0xb400007eae255e90 mBlastBufferQueue=0xb400007dde24d910 fn= 209 HdrRenderState mRenderHdrSdrRatio=1.0 caller= android.view.SyncRtSurfaceTransactionApplier.applyTransaction:96 android.view.SyncRtSurfaceTransactionApplier.lambda$scheduleApply$0:69 android.view.SyncRtSurfaceTransactionApplier.$r8$lambda$afI4fXg3U3-nBZQEDQMiNy-B06s:0 
2025-08-30 08:09:11.549  9661-9702  VRI[MainAc...y]@251da94 com.memstory                         I  mWNT: t=0xb400007eae255090 mBlastBufferQueue=0xb400007dde24d910 fn= 210 HdrRenderState mRenderHdrSdrRatio=1.0 caller= android.view.SyncRtSurfaceTransactionApplier.applyTransaction:96 android.view.SyncRtSurfaceTransactionApplier.lambda$scheduleApply$0:69 android.view.SyncRtSurfaceTransactionApplier.$r8$lambda$afI4fXg3U3-nBZQEDQMiNy-B06s:0 
2025-08-30 08:09:11.557  9661-9701  VRI[MainAc...y]@251da94 com.memstory                         I  mWNT: t=0xb400007eae258f90 mBlastBufferQueue=0xb400007dde24d910 fn= 211 HdrRenderState mRenderHdrSdrRatio=1.0 caller= android.view.SyncRtSurfaceTransactionApplier.applyTransaction:96 android.view.SyncRtSurfaceTransactionApplier.lambda$scheduleApply$0:69 android.view.SyncRtSurfaceTransactionApplier.$r8$lambda$afI4fXg3U3-nBZQEDQMiNy-B06s:0 
2025-08-30 08:09:11.566  9661-9702  VRI[MainAc...y]@251da94 com.memstory                         I  mWNT: t=0xb400007eae259f50 mBlastBufferQueue=0xb400007dde24d910 fn= 212 HdrRenderState mRenderHdrSdrRatio=1.0 caller= android.view.SyncRtSurfaceTransactionApplier.applyTransaction:96 android.view.SyncRtSurfaceTransactionApplier.lambda$scheduleApply$0:69 android.view.SyncRtSurfaceTransactionApplier.$r8$lambda$afI4fXg3U3-nBZQEDQMiNy-B06s:0 
2025-08-30 08:09:11.578  9661-9701  VRI[MainAc...y]@251da94 com.memstory                         I  mWNT: t=0xb400007eae25a490 mBlastBufferQueue=0xb400007dde24d910 fn= 213 HdrRenderState mRenderHdrSdrRatio=1.0 caller= android.view.SyncRtSurfaceTransactionApplier.applyTransaction:96 android.view.SyncRtSurfaceTransactionApplier.lambda$scheduleApply$0:69 android.view.SyncRtSurfaceTransactionApplier.$r8$lambda$afI4fXg3U3-nBZQEDQMiNy-B06s:0 
2025-08-30 08:09:11.582  9661-9702  VRI[MainAc...y]@251da94 com.memstory                         I  mWNT: t=0xb400007eae254ed0 mBlastBufferQueue=0xb400007dde24d910 fn= 214 HdrRenderState mRenderHdrSdrRatio=1.0 caller= android.view.SyncRtSurfaceTransactionApplier.applyTransaction:96 android.view.SyncRtSurfaceTransactionApplier.lambda$scheduleApply$0:69 android.view.SyncRtSurfaceTransactionApplier.$r8$lambda$afI4fXg3U3-nBZQEDQMiNy-B06s:0 
2025-08-30 08:09:11.590  9661-9701  VRI[MainAc...y]@251da94 com.memstory                         I  mWNT: t=0xb400007eae256910 mBlastBufferQueue=0xb400007dde24d910 fn= 215 HdrRenderState mRenderHdrSdrRatio=1.0 caller= android.view.SyncRtSurfaceTransactionApplier.applyTransaction:96 android.view.SyncRtSurfaceTransactionApplier.lambda$scheduleApply$0:69 android.view.SyncRtSurfaceTransactionApplier.$r8$lambda$afI4fXg3U3-nBZQEDQMiNy-B06s:0 
2025-08-30 08:09:11.599  9661-9702  VRI[MainAc...y]@251da94 com.memstory                         I  mWNT: t=0xb400007eae25a110 mBlastBufferQueue=0xb400007dde24d910 fn= 216 HdrRenderState mRenderHdrSdrRatio=1.0 caller= android.view.SyncRtSurfaceTransactionApplier.applyTransaction:96 android.view.SyncRtSurfaceTransactionApplier.lambda$scheduleApply$0:69 android.view.SyncRtSurfaceTransactionApplier.$r8$lambda$afI4fXg3U3-nBZQEDQMiNy-B06s:0 
2025-08-30 08:09:11.607  9661-9701  VRI[MainAc...y]@251da94 com.memstory                         I  mWNT: t=0xb400007eae256590 mBlastBufferQueue=0xb400007dde24d910 fn= 217 HdrRenderState mRenderHdrSdrRatio=1.0 caller= android.view.SyncRtSurfaceTransactionApplier.applyTransaction:96 android.view.SyncRtSurfaceTransactionApplier.lambda$scheduleApply$0:69 android.view.SyncRtSurfaceTransactionApplier.$r8$lambda$afI4fXg3U3-nBZQEDQMiNy-B06s:0 
2025-08-30 08:09:11.616  9661-9702  VRI[MainAc...y]@251da94 com.memstory                         I  mWNT: t=0xb400007eae256ad0 mBlastBufferQueue=0xb400007dde24d910 fn= 218 HdrRenderState mRenderHdrSdrRatio=1.0 caller= android.view.SyncRtSurfaceTransactionApplier.applyTransaction:96 android.view.SyncRtSurfaceTransactionApplier.lambda$scheduleApply$0:69 android.view.SyncRtSurfaceTransactionApplier.$r8$lambda$afI4fXg3U3-nBZQEDQMiNy-B06s:0 
2025-08-30 08:09:11.624  9661-9701  VRI[MainAc...y]@251da94 com.memstory                         I  mWNT: t=0xb400007eae255b10 mBlastBufferQueue=0xb400007dde24d910 fn= 219 HdrRenderState mRenderHdrSdrRatio=1.0 caller= android.view.SyncRtSurfaceTransactionApplier.applyTransaction:96 android.view.SyncRtSurfaceTransactionApplier.lambda$scheduleApply$0:69 android.view.SyncRtSurfaceTransactionApplier.$r8$lambda$afI4fXg3U3-nBZQEDQMiNy-B06s:0 
2025-08-30 08:09:11.632  9661-9661  InsetsController        com.memstory                         I  cancelAnimation: types=ime, animType=1, host=com.memstory/com.memstory.presentation.MainActivity, from=android.view.InsetsController.notifyFinished:1881 android.view.InsetsAnimationControlImpl.applyChangeInsets:307 android.view.InsetsController.lambda$new$3:931 
2025-08-30 08:09:11.632  9661-9661  ImeTracker              com.memstory                         I  com.memstory:c086c644: onRequestHide at ORIGIN_CLIENT reason HIDE_SOFT_INPUT_ON_ANIMATION_STATE_CHANGED fromUser false
2025-08-30 08:09:11.632  9661-9661  InputMethodManager_LC   com.memstory                         I  notifyImeHidden: IInputMethodManagerGlobalInvoker.hideSoftInput
2025-08-30 08:09:11.633  9661-9661  ImeTracker              com.memstory                         I  com.memstory:b000b59a: onHidden
2025-08-30 08:09:11.633  9661-9702  VRI[MainAc...y]@251da94 com.memstory                         I  mWNT: t=0xb400007eae263790 mBlastBufferQueue=0xb400007dde24d910 fn= 220 HdrRenderState mRenderHdrSdrRatio=1.0 caller= android.view.SyncRtSurfaceTransactionApplier.applyTransaction:96 android.view.SyncRtSurfaceTransactionApplier.lambda$scheduleApply$0:69 android.view.SyncRtSurfaceTransactionApplier.$r8$lambda$afI4fXg3U3-nBZQEDQMiNy-B06s:0 
2025-08-30 08:09:11.678  9661-9661  InsetsController        com.memstory                         I  onStateChanged: host=com.memstory/com.memstory.presentation.MainActivity, from=android.view.ViewRootImpl.handleResized:2781, state=InsetsState: {mDisplayFrame=Rect(0, 0 - 1080, 2340), mDisplayCutout=DisplayCutout{insets=Rect(0, 83 - 0, 0) waterfall=Insets{left=0, top=0, right=0, bottom=0} boundingRect={Bounds=[Rect(0, 0 - 0, 0), Rect(515, 0 - 566, 83), Rect(0, 0 - 0, 0), Rect(0, 0 - 0, 0)]} cutoutPathParserInfo={CutoutPathParserInfo{displayWidth=1080 displayHeight=2340 physicalDisplayWidth=1080 physicalDisplayHeight=2340 density={2.8125} cutoutSpec={M 0,0 H -9.066666666666667 V 29.6 H 9.066666666666667 V 0 H 0 Z @dp} rotation={0} scale={1.0} physicalPixelDisplaySizeRatio={1.0}}} sideOverrides={}}, mRoundedCorners=RoundedCorners{[RoundedCorner{position=TopLeft, radius=113, center=Point(113, 113)}, RoundedCorner{position=TopRight, radius=113, center=Point(967, 113)}, RoundedCorner{position=BottomRight, radius=113, center=Point(967, 2227)}, RoundedCorner{position=BottomLeft, radius=113, center=Point(113, 2227)}]}  mRoundedCornerFrame=Rect(0, 0 - 1080, 2340), mPrivacyIndicatorBounds=PrivacyIndicatorBounds {static bounds=Rect(956, 0 - 1080, 84) rotation=0}, mDisplayShape=DisplayShape{ spec=-311912193 displayWidth=1440 displayHeight=3120 physicalPixelDisplaySizeRatio=1.0 rotation=0 offsetX=0 offsetY=0 scale=1.0}, mSources= { InsetsSource: {af370001 mType=navigationBars mFrame=[0,2205][1080,2340] mVisible=true mFlags= mSideHint=BOTTOM mBoundingRects=null}, InsetsSource: {af370004 mType=systemGestures mFrame=[0,0][0,0] mVisible=true mFlags= mSideHint=NONE mBoundingRects=null}, InsetsSource: {af370005 mType=mandatorySystemGestures mFrame=[0,2205][1080,2340] mVisible=true mFlags= mSideHint=BOTTOM mBoundingRects=null}, InsetsSource: {af370006 mType=tappableElement mFrame=[0,2205][1080,2340] mVisible=true mFlags= mSideHint=BOTTOM mBoundingRects=null}, InsetsSource: {af370024 mType=systemGestures mFrame=[0,0][0,0] mVisible=true mFlags= mSideHint=NONE mBoundingRects=null}, InsetsSource: {3 mType=ime mFrame=[0,0][0,0] mVisible=false mFlags= mSideHint=NONE mBoundingRects=null}, InsetsSource: {27 mType=displayCutout mFrame=[0,0][1080,83] mVisible=true mFlags= mSideHint=TOP mBoundingRects=null}, InsetsSource: {7940000 mType=statusBars mFrame=[0,0][1080,84] mVisible=true mFlags= mSideHint=TOP mBoundingRects=null}, InsetsSource: {7940005 mType=mandatorySystemGestures mFrame=[0,0][1080,117] mVisible=true mFlags= mSideHint=TOP mBoundingRects=null}, InsetsSource: {7940006 mType=tappableElement mFrame=[0,0][1080,84] mVisible=true mFlags= mSideHint=TOP mBoundingRects=null} }
2025-08-30 08:09:11.678  9661-9661  VRI[MainAc...y]@251da94 com.memstory                         I  handleResized, frames=ClientWindowFrames{frame=[0,0][1080,2340] display=[0,0][1080,2340] parentFrame=[0,0][0,0]} displayId=0 dragResizing=false compatScale=1.0 frameChanged=false attachedFrameChanged=false configChanged=false displayChanged=false compatScaleChanged=false dragResizingChanged=false
2025-08-30 08:09:11.750  9661-10043 OnnxLLMEngine           com.memstory                         D  Copied 100MB...
2025-08-30 08:09:12.091  9661-10043 OnnxLLMEngine           com.memstory                         D  Copied 200MB...
2025-08-30 08:09:12.430  9661-10043 OnnxLLMEngine           com.memstory                         D  Copied 300MB...
2025-08-30 08:09:12.769  9661-10043 OnnxLLMEngine           com.memstory                         D  Copied 400MB...
2025-08-30 08:09:13.107  9661-10043 OnnxLLMEngine           com.memstory                         D  Copied 500MB...
2025-08-30 08:09:13.444  9661-10043 OnnxLLMEngine           com.memstory                         D  Copied 600MB...
2025-08-30 08:09:13.768  9661-10043 OnnxLLMEngine           com.memstory                         D  Copied 700MB...
2025-08-30 08:09:14.094  9661-10043 OnnxLLMEngine           com.memstory                         D  Copied 800MB...
2025-08-30 08:09:14.258  9661-9661  VRI[MainAc...y]@251da94 com.memstory                         I  call setFrameRateCategory for touch hint category=no preference, reason=boost timeout, vri=VRI[MainActivity]@251da94
2025-08-30 08:09:14.417  9661-10043 OnnxLLMEngine           com.memstory                         D  Copied 900MB...
2025-08-30 08:09:14.581  9661-10043 OnnxLLMEngine           com.memstory                         D  Total copied: 951MB
2025-08-30 08:09:14.603  9661-10043 OnnxLLMEngine           com.memstory                         D  Model ready for native heap loading: 997769309 bytes
2025-08-30 08:09:14.918  9661-10043 Manager                 com.memstory                         I  DeviceManager::DeviceManager
2025-08-30 08:09:14.918  9661-10043 ServerFlag              com.memstory                         W  Failed to parse result of GetServerConfigurableFlag, errno=34
2025-08-30 08:09:14.918  9661-10043 Manager                 com.memstory                         I  findAvailableDevices
2025-08-30 08:09:14.918  9661-10043 HidlServiceManagement   com.memstory                         W  hwservicemanager is not supported on the device.
2025-08-30 08:09:14.918  9661-10043 HidlServiceManagement   com.memstory                         I  Cannot list manifest for android.hardware.neuralnetworks@1.3::IDevice without hwservicemanager
2025-08-30 08:09:14.918  9661-10043 HidlServiceManagement   com.memstory                         I  Cannot list manifest for android.hardware.neuralnetworks@1.2::IDevice without hwservicemanager
2025-08-30 08:09:14.918  9661-10043 HidlServiceManagement   com.memstory                         I  Cannot list manifest for android.hardware.neuralnetworks@1.1::IDevice without hwservicemanager
2025-08-30 08:09:14.918  9661-10043 HidlServiceManagement   com.memstory                         I  Cannot list manifest for android.hardware.neuralnetworks@1.0::IDevice without hwservicemanager
2025-08-30 08:09:18.427  9661-10043 OnnxLLMEngine           com.memstory                         D  ONNX model loaded with NNAPI execution provider (NPU acceleration)
2025-08-30 08:09:18.427  9661-10043 OnnxLLMEngine           com.memstory                         D  LLM Engine initialization completed
2025-08-30 08:09:18.427  9661-10043 LLMConversationService  com.memstory                         D  LLM Service initialized successfully
2025-08-30 08:09:18.427  9661-10043 LLMConversationService  com.memstory                         D  Generating response for: tell me about japan
2025-08-30 08:09:18.427  9661-10043 LLMConversationService  com.memstory                         D  Built prompt with 326 characters
2025-08-30 08:09:18.428  9661-10043 OnnxLLMEngine           com.memstory                         D  Generating response for: You are memSTORY, a helpful AI assistant that lives entirely on the user's phone. 
                                                                                                    You help users organize their thoughts, memories, and ideas. Always be friendly, concise, and helpful.
                                                                                                    Remember that you work completely offline - you have no internet connection.
                                                                                                    
                                                                                                    User: tell me about japan
                                                                                                    User: tell me about japan
                                                                                                    memSTORY: 
2025-08-30 08:09:18.428  9661-10043 GemmaTokenizer          com.memstory                         D  Encoding text: You are memSTORY, a helpful AI assistant that lives entirely on the user's phone. 
                                                                                                    You help users organize their thoughts, memories, and ideas. Always be friendly, concise, and helpful.
                                                                                                    Remember that you work completely offline - you have no internet connection.
                                                                                                    
                                                                                                    User: tell me about japan
                                                                                                    User: tell me about japan
                                                                                                    memSTORY: 
2025-08-30 08:09:18.428  9661-10043 GemmaTokenizer          com.memstory                         D  Encoded to 54 tokens
2025-08-30 08:09:18.428  9661-10043 OnnxLLMEngine           com.memstory                         D  Input tokenized: 54 tokens
2025-08-30 08:09:18.428  9661-10043 OnnxLLMEngine           com.memstory                         D  Starting autoregressive generation with NNAPI acceleration
2025-08-30 08:09:18.428  9661-10043 OnnxLLMEngine           com.memstory                         D  Gemma 3 1B generation: sliding_window=512, cache=hybrid
2025-08-30 08:09:19.126  9661-9668  InputTransport          com.memstory                         D  Input channel destroyed: 'ClientS', fd=153
2025-08-30 08:09:19.126  9661-9668  InputTransport          com.memstory                         D  Input channel destroyed: 'ClientS', fd=173
2025-08-30 08:09:19.127  9661-9668  InputTransport          com.memstory                         D  Input channel destroyed: 'ClientS', fd=155
2025-08-30 08:09:19.127  9661-9668  InputTransport          com.memstory                         D  Input channel destroyed: 'ClientS', fd=178
2025-08-30 08:09:19.287  9661-10043 OnnxLLMEngine           com.memstory                         D  First inference completed, switching from dummy to actual KV cache
2025-08-30 08:09:26.041  9661-10043 onnxruntime             com.memstory                         E   [E:onnxruntime:, sequential_executor.cc:572 ExecuteKernel] Non-zero status code returned while running Cast node. Name:'past_key_values.5.value_fp16' Status Message: /onnxruntime_src/onnxruntime/core/framework/op_kernel.cc:83 virtual OrtValue *onnxruntime::OpKernelContext::OutputMLValue(int, const TensorShape &) status.IsOK() was false. Shape mismatch attempting to re-use buffer. {1,1,512,256} != {1,1,523,256}. Validate usage of dim_value (values should be > 0) and dim_param (all values with the same string should equate to the same size) in shapes in the model.
2025-08-30 08:09:26.041  9661-10043 OnnxLLMEngine           com.memstory                         E  Error generating token 9: Error code - ORT_RUNTIME_EXCEPTION - message: Non-zero status code returned while running Cast node. Name:'past_key_values.5.value_fp16' Status Message: /onnxruntime_src/onnxruntime/core/framework/op_kernel.cc:83 virtual OrtValue *onnxruntime::OpKernelContext::OutputMLValue(int, const TensorShape &) status.IsOK() was false. Shape mismatch attempting to re-use buffer. {1,1,512,256} != {1,1,523,256}. Validate usage of dim_value (values should be > 0) and dim_param (all values with the same string should equate to the same size) in shapes in the model.
2025-08-30 08:09:26.041  9661-10043 GemmaTokenizer          com.memstory                         D  Decoding 9 tokens
2025-08-30 08:09:26.041  9661-10043 GemmaTokenizer          com.memstory                         D  Decoded text: token_236789token_236751token_1938token_108token_1018token_237270token_237805token_25918token_237270
2025-08-30 08:09:26.042  9661-10043 OnnxLLMEngine           com.memstory                         D  Generation completed:
                                                                                                    - Input tokens: 54
                                                                                                    - Generated tokens: 9
                                                                                                    - Total conversation tokens: 63
                                                                                                    - KV cache size: 1.5996094MB
2025-08-30 08:09:26.042  9661-10043 OnnxLLMEngine           com.memstory                         D  Response generated: token_236789token_236751token_1938token_108token_1018token_237270token_237805token_25918token_237270
2025-08-30 08:09:26.042  9661-10043 LLMConversationService  com.memstory                         D  Generated response in 7615ms: token_236789token_236751token_1938token_108token_1018token_237270token_237805token_25918token_237270


