2025-08-30 18:48:34.756  7632-7662  VRI[MainAc...y]@1eafcd7 com.memstory                         I  mWNT: t=0xb400007eae3650d0 mBlastBufferQueue=0xb400007dde2a5d90 fn= 200 HdrRenderState mRenderHdrSdrRatio=1.0 caller= android.view.SyncRtSurfaceTransactionApplier.applyTransaction:96 android.view.SyncRtSurfaceTransactionApplier.lambda$scheduleApply$0:69 android.view.SyncRtSurfaceTransactionApplier.$r8$lambda$afI4fXg3U3-nBZQEDQMiNy-B06s:0 
2025-08-30 18:48:34.764  7632-7661  VRI[MainAc...y]@1eafcd7 com.memstory                         I  mWNT: t=0xb400007eae361fd0 mBlastBufferQueue=0xb400007dde2a5d90 fn= 201 HdrRenderState mRenderHdrSdrRatio=1.0 caller= android.view.SyncRtSurfaceTransactionApplier.applyTransaction:96 android.view.SyncRtSurfaceTransactionApplier.lambda$scheduleApply$0:69 android.view.SyncRtSurfaceTransactionApplier.$r8$lambda$afI4fXg3U3-nBZQEDQMiNy-B06s:0 
2025-08-30 18:48:34.772  7632-7662  VRI[MainAc...y]@1eafcd7 com.memstory                         I  mWNT: t=0xb400007eae363f50 mBlastBufferQueue=0xb400007dde2a5d90 fn= 202 HdrRenderState mRenderHdrSdrRatio=1.0 caller= android.view.SyncRtSurfaceTransactionApplier.applyTransaction:96 android.view.SyncRtSurfaceTransactionApplier.lambda$scheduleApply$0:69 android.view.SyncRtSurfaceTransactionApplier.$r8$lambda$afI4fXg3U3-nBZQEDQMiNy-B06s:0 
2025-08-30 18:48:34.780  7632-7661  VRI[MainAc...y]@1eafcd7 com.memstory                         I  mWNT: t=0xb400007eae362f90 mBlastBufferQueue=0xb400007dde2a5d90 fn= 203 HdrRenderState mRenderHdrSdrRatio=1.0 caller= android.view.SyncRtSurfaceTransactionApplier.applyTransaction:96 android.view.SyncRtSurfaceTransactionApplier.lambda$scheduleApply$0:69 android.view.SyncRtSurfaceTransactionApplier.$r8$lambda$afI4fXg3U3-nBZQEDQMiNy-B06s:0 
2025-08-30 18:48:34.789  7632-7662  VRI[MainAc...y]@1eafcd7 com.memstory                         I  mWNT: t=0xb400007eae362dd0 mBlastBufferQueue=0xb400007dde2a5d90 fn= 204 HdrRenderState mRenderHdrSdrRatio=1.0 caller= android.view.SyncRtSurfaceTransactionApplier.applyTransaction:96 android.view.SyncRtSurfaceTransactionApplier.lambda$scheduleApply$0:69 android.view.SyncRtSurfaceTransactionApplier.$r8$lambda$afI4fXg3U3-nBZQEDQMiNy-B06s:0 
2025-08-30 18:48:34.797  7632-7661  VRI[MainAc...y]@1eafcd7 com.memstory                         I  mWNT: t=0xb400007eae364110 mBlastBufferQueue=0xb400007dde2a5d90 fn= 205 HdrRenderState mRenderHdrSdrRatio=1.0 caller= android.view.SyncRtSurfaceTransactionApplier.applyTransaction:96 android.view.SyncRtSurfaceTransactionApplier.lambda$scheduleApply$0:69 android.view.SyncRtSurfaceTransactionApplier.$r8$lambda$afI4fXg3U3-nBZQEDQMiNy-B06s:0 
2025-08-30 18:48:34.805  7632-7662  VRI[MainAc...y]@1eafcd7 com.memstory                         I  mWNT: t=0xb400007eae360c90 mBlastBufferQueue=0xb400007dde2a5d90 fn= 206 HdrRenderState mRenderHdrSdrRatio=1.0 caller= android.view.SyncRtSurfaceTransactionApplier.applyTransaction:96 android.view.SyncRtSurfaceTransactionApplier.lambda$scheduleApply$0:69 android.view.SyncRtSurfaceTransactionApplier.$r8$lambda$afI4fXg3U3-nBZQEDQMiNy-B06s:0 
2025-08-30 18:48:34.814  7632-7661  VRI[MainAc...y]@1eafcd7 com.memstory                         I  mWNT: t=0xb400007eae364650 mBlastBufferQueue=0xb400007dde2a5d90 fn= 207 HdrRenderState mRenderHdrSdrRatio=1.0 caller= android.view.SyncRtSurfaceTransactionApplier.applyTransaction:96 android.view.SyncRtSurfaceTransactionApplier.lambda$scheduleApply$0:69 android.view.SyncRtSurfaceTransactionApplier.$r8$lambda$afI4fXg3U3-nBZQEDQMiNy-B06s:0 
2025-08-30 18:48:34.822  7632-7662  VRI[MainAc...y]@1eafcd7 com.memstory                         I  mWNT: t=0xb400007eae361e10 mBlastBufferQueue=0xb400007dde2a5d90 fn= 208 HdrRenderState mRenderHdrSdrRatio=1.0 caller= android.view.SyncRtSurfaceTransactionApplier.applyTransaction:96 android.view.SyncRtSurfaceTransactionApplier.lambda$scheduleApply$0:69 android.view.SyncRtSurfaceTransactionApplier.$r8$lambda$afI4fXg3U3-nBZQEDQMiNy-B06s:0 
2025-08-30 18:48:34.831  7632-7661  VRI[MainAc...y]@1eafcd7 com.memstory                         I  mWNT: t=0xb400007eae363690 mBlastBufferQueue=0xb400007dde2a5d90 fn= 209 HdrRenderState mRenderHdrSdrRatio=1.0 caller= android.view.SyncRtSurfaceTransactionApplier.applyTransaction:96 android.view.SyncRtSurfaceTransactionApplier.lambda$scheduleApply$0:69 android.view.SyncRtSurfaceTransactionApplier.$r8$lambda$afI4fXg3U3-nBZQEDQMiNy-B06s:0 
2025-08-30 18:48:34.837  7632-7662  VRI[MainAc...y]@1eafcd7 com.memstory                         I  mWNT: t=0xb400007eae361550 mBlastBufferQueue=0xb400007dde2a5d90 fn= 209 HdrRenderState mRenderHdrSdrRatio=1.0 caller= android.view.SyncRtSurfaceTransactionApplier.applyTransaction:96 android.view.SyncRtSurfaceTransactionApplier.lambda$scheduleApply$0:69 android.view.SyncRtSurfaceTransactionApplier.$r8$lambda$afI4fXg3U3-nBZQEDQMiNy-B06s:0 
2025-08-30 18:48:34.845  7632-7661  VRI[MainAc...y]@1eafcd7 com.memstory                         I  mWNT: t=0xb400007eae3497d0 mBlastBufferQueue=0xb400007dde2a5d90 fn= 210 HdrRenderState mRenderHdrSdrRatio=1.0 caller= android.view.SyncRtSurfaceTransactionApplier.applyTransaction:96 android.view.SyncRtSurfaceTransactionApplier.lambda$scheduleApply$0:69 android.view.SyncRtSurfaceTransactionApplier.$r8$lambda$afI4fXg3U3-nBZQEDQMiNy-B06s:0 
2025-08-30 18:48:34.854  7632-7662  VRI[MainAc...y]@1eafcd7 com.memstory                         I  mWNT: t=0xb400007eae362c10 mBlastBufferQueue=0xb400007dde2a5d90 fn= 211 HdrRenderState mRenderHdrSdrRatio=1.0 caller= android.view.SyncRtSurfaceTransactionApplier.applyTransaction:96 android.view.SyncRtSurfaceTransactionApplier.lambda$scheduleApply$0:69 android.view.SyncRtSurfaceTransactionApplier.$r8$lambda$afI4fXg3U3-nBZQEDQMiNy-B06s:0 
2025-08-30 18:48:34.862  7632-7661  VRI[MainAc...y]@1eafcd7 com.memstory                         I  mWNT: t=0xb400007eae365290 mBlastBufferQueue=0xb400007dde2a5d90 fn= 212 HdrRenderState mRenderHdrSdrRatio=1.0 caller= android.view.SyncRtSurfaceTransactionApplier.applyTransaction:96 android.view.SyncRtSurfaceTransactionApplier.lambda$scheduleApply$0:69 android.view.SyncRtSurfaceTransactionApplier.$r8$lambda$afI4fXg3U3-nBZQEDQMiNy-B06s:0 
2025-08-30 18:48:34.870  7632-7662  VRI[MainAc...y]@1eafcd7 com.memstory                         I  mWNT: t=0xb400007eae364b90 mBlastBufferQueue=0xb400007dde2a5d90 fn= 213 HdrRenderState mRenderHdrSdrRatio=1.0 caller= android.view.SyncRtSurfaceTransactionApplier.applyTransaction:96 android.view.SyncRtSurfaceTransactionApplier.lambda$scheduleApply$0:69 android.view.SyncRtSurfaceTransactionApplier.$r8$lambda$afI4fXg3U3-nBZQEDQMiNy-B06s:0 
2025-08-30 18:48:34.879  7632-7661  VRI[MainAc...y]@1eafcd7 com.memstory                         I  mWNT: t=0xb400007eae364f10 mBlastBufferQueue=0xb400007dde2a5d90 fn= 214 HdrRenderState mRenderHdrSdrRatio=1.0 caller= android.view.SyncRtSurfaceTransactionApplier.applyTransaction:96 android.view.SyncRtSurfaceTransactionApplier.lambda$scheduleApply$0:69 android.view.SyncRtSurfaceTransactionApplier.$r8$lambda$afI4fXg3U3-nBZQEDQMiNy-B06s:0 
2025-08-30 18:48:34.887  7632-7662  VRI[MainAc...y]@1eafcd7 com.memstory                         I  mWNT: t=0xb400007eae23b710 mBlastBufferQueue=0xb400007dde2a5d90 fn= 215 HdrRenderState mRenderHdrSdrRatio=1.0 caller= android.view.SyncRtSurfaceTransactionApplier.applyTransaction:96 android.view.SyncRtSurfaceTransactionApplier.lambda$scheduleApply$0:69 android.view.SyncRtSurfaceTransactionApplier.$r8$lambda$afI4fXg3U3-nBZQEDQMiNy-B06s:0 
2025-08-30 18:48:34.895  7632-7661  VRI[MainAc...y]@1eafcd7 com.memstory                         I  mWNT: t=0xb400007eae239b10 mBlastBufferQueue=0xb400007dde2a5d90 fn= 216 HdrRenderState mRenderHdrSdrRatio=1.0 caller= android.view.SyncRtSurfaceTransactionApplier.applyTransaction:96 android.view.SyncRtSurfaceTransactionApplier.lambda$scheduleApply$0:69 android.view.SyncRtSurfaceTransactionApplier.$r8$lambda$afI4fXg3U3-nBZQEDQMiNy-B06s:0 
2025-08-30 18:48:34.904  7632-7662  VRI[MainAc...y]@1eafcd7 com.memstory                         I  mWNT: t=0xb400007eae239090 mBlastBufferQueue=0xb400007dde2a5d90 fn= 217 HdrRenderState mRenderHdrSdrRatio=1.0 caller= android.view.SyncRtSurfaceTransactionApplier.applyTransaction:96 android.view.SyncRtSurfaceTransactionApplier.lambda$scheduleApply$0:69 android.view.SyncRtSurfaceTransactionApplier.$r8$lambda$afI4fXg3U3-nBZQEDQMiNy-B06s:0 
2025-08-30 18:48:34.912  7632-7661  VRI[MainAc...y]@1eafcd7 com.memstory                         I  mWNT: t=0xb400007eae23c190 mBlastBufferQueue=0xb400007dde2a5d90 fn= 218 HdrRenderState mRenderHdrSdrRatio=1.0 caller= android.view.SyncRtSurfaceTransactionApplier.applyTransaction:96 android.view.SyncRtSurfaceTransactionApplier.lambda$scheduleApply$0:69 android.view.SyncRtSurfaceTransactionApplier.$r8$lambda$afI4fXg3U3-nBZQEDQMiNy-B06s:0 
2025-08-30 18:48:34.920  7632-7662  VRI[MainAc...y]@1eafcd7 com.memstory                         I  mWNT: t=0xb400007eae242e10 mBlastBufferQueue=0xb400007dde2a5d90 fn= 219 HdrRenderState mRenderHdrSdrRatio=1.0 caller= android.view.SyncRtSurfaceTransactionApplier.applyTransaction:96 android.view.SyncRtSurfaceTransactionApplier.lambda$scheduleApply$0:69 android.view.SyncRtSurfaceTransactionApplier.$r8$lambda$afI4fXg3U3-nBZQEDQMiNy-B06s:0 
2025-08-30 18:48:34.929  7632-7661  VRI[MainAc...y]@1eafcd7 com.memstory                         I  mWNT: t=0xb400007eae242010 mBlastBufferQueue=0xb400007dde2a5d90 fn= 220 HdrRenderState mRenderHdrSdrRatio=1.0 caller= android.view.SyncRtSurfaceTransactionApplier.applyTransaction:96 android.view.SyncRtSurfaceTransactionApplier.lambda$scheduleApply$0:69 android.view.SyncRtSurfaceTransactionApplier.$r8$lambda$afI4fXg3U3-nBZQEDQMiNy-B06s:0 
2025-08-30 18:48:34.937  7632-7662  VRI[MainAc...y]@1eafcd7 com.memstory                         I  mWNT: t=0xb400007eae23e110 mBlastBufferQueue=0xb400007dde2a5d90 fn= 221 HdrRenderState mRenderHdrSdrRatio=1.0 caller= android.view.SyncRtSurfaceTransactionApplier.applyTransaction:96 android.view.SyncRtSurfaceTransactionApplier.lambda$scheduleApply$0:69 android.view.SyncRtSurfaceTransactionApplier.$r8$lambda$afI4fXg3U3-nBZQEDQMiNy-B06s:0 
2025-08-30 18:48:34.945  7632-7661  VRI[MainAc...y]@1eafcd7 com.memstory                         I  mWNT: t=0xb400007eae23dd90 mBlastBufferQueue=0xb400007dde2a5d90 fn= 222 HdrRenderState mRenderHdrSdrRatio=1.0 caller= android.view.SyncRtSurfaceTransactionApplier.applyTransaction:96 android.view.SyncRtSurfaceTransactionApplier.lambda$scheduleApply$0:69 android.view.SyncRtSurfaceTransactionApplier.$r8$lambda$afI4fXg3U3-nBZQEDQMiNy-B06s:0 
2025-08-30 18:48:34.954  7632-7662  VRI[MainAc...y]@1eafcd7 com.memstory                         I  mWNT: t=0xb400007eae238610 mBlastBufferQueue=0xb400007dde2a5d90 fn= 223 HdrRenderState mRenderHdrSdrRatio=1.0 caller= android.view.SyncRtSurfaceTransactionApplier.applyTransaction:96 android.view.SyncRtSurfaceTransactionApplier.lambda$scheduleApply$0:69 android.view.SyncRtSurfaceTransactionApplier.$r8$lambda$afI4fXg3U3-nBZQEDQMiNy-B06s:0 
2025-08-30 18:48:34.962  7632-7661  VRI[MainAc...y]@1eafcd7 com.memstory                         I  mWNT: t=0xb400007eae23ac90 mBlastBufferQueue=0xb400007dde2a5d90 fn= 224 HdrRenderState mRenderHdrSdrRatio=1.0 caller= android.view.SyncRtSurfaceTransactionApplier.applyTransaction:96 android.view.SyncRtSurfaceTransactionApplier.lambda$scheduleApply$0:69 android.view.SyncRtSurfaceTransactionApplier.$r8$lambda$afI4fXg3U3-nBZQEDQMiNy-B06s:0 
2025-08-30 18:48:34.970  7632-7662  VRI[MainAc...y]@1eafcd7 com.memstory                         I  mWNT: t=0xb400007eae23a050 mBlastBufferQueue=0xb400007dde2a5d90 fn= 225 HdrRenderState mRenderHdrSdrRatio=1.0 caller= android.view.SyncRtSurfaceTransactionApplier.applyTransaction:96 android.view.SyncRtSurfaceTransactionApplier.lambda$scheduleApply$0:69 android.view.SyncRtSurfaceTransactionApplier.$r8$lambda$afI4fXg3U3-nBZQEDQMiNy-B06s:0 
2025-08-30 18:48:34.979  7632-7661  VRI[MainAc...y]@1eafcd7 com.memstory                         I  mWNT: t=0xb400007eae365d10 mBlastBufferQueue=0xb400007dde2a5d90 fn= 226 HdrRenderState mRenderHdrSdrRatio=1.0 caller= android.view.SyncRtSurfaceTransactionApplier.applyTransaction:96 android.view.SyncRtSurfaceTransactionApplier.lambda$scheduleApply$0:69 android.view.SyncRtSurfaceTransactionApplier.$r8$lambda$afI4fXg3U3-nBZQEDQMiNy-B06s:0 
2025-08-30 18:48:34.987  7632-7662  VRI[MainAc...y]@1eafcd7 com.memstory                         I  mWNT: t=0xb400007eae369510 mBlastBufferQueue=0xb400007dde2a5d90 fn= 227 HdrRenderState mRenderHdrSdrRatio=1.0 caller= android.view.SyncRtSurfaceTransactionApplier.applyTransaction:96 android.view.SyncRtSurfaceTransactionApplier.lambda$scheduleApply$0:69 android.view.SyncRtSurfaceTransactionApplier.$r8$lambda$afI4fXg3U3-nBZQEDQMiNy-B06s:0 
2025-08-30 18:48:34.995  7632-7661  VRI[MainAc...y]@1eafcd7 com.memstory                         I  mWNT: t=0xb400007eae368c50 mBlastBufferQueue=0xb400007dde2a5d90 fn= 228 HdrRenderState mRenderHdrSdrRatio=1.0 caller= android.view.SyncRtSurfaceTransactionApplier.applyTransaction:96 android.view.SyncRtSurfaceTransactionApplier.lambda$scheduleApply$0:69 android.view.SyncRtSurfaceTransactionApplier.$r8$lambda$afI4fXg3U3-nBZQEDQMiNy-B06s:0 
2025-08-30 18:48:35.003  7632-7632  InsetsController        com.memstory                         I  cancelAnimation: types=ime, animType=1, host=com.memstory/com.memstory.presentation.MainActivity, from=android.view.InsetsController.notifyFinished:1881 android.view.InsetsAnimationControlImpl.applyChangeInsets:307 android.view.InsetsController.lambda$new$3:931 
2025-08-30 18:48:35.003  7632-7632  ImeTracker              com.memstory                         I  com.memstory:f7de4378: onRequestHide at ORIGIN_CLIENT reason HIDE_SOFT_INPUT_ON_ANIMATION_STATE_CHANGED fromUser false
2025-08-30 18:48:35.003  7632-7632  InputMethodManager_LC   com.memstory                         I  notifyImeHidden: IInputMethodManagerGlobalInvoker.hideSoftInput
2025-08-30 18:48:35.004  7632-7632  ImeTracker              com.memstory                         I  com.memstory:6a5c3fa8: onHidden
2025-08-30 18:48:35.004  7632-7662  VRI[MainAc...y]@1eafcd7 com.memstory                         I  mWNT: t=0xb400007eae3681d0 mBlastBufferQueue=0xb400007dde2a5d90 fn= 229 HdrRenderState mRenderHdrSdrRatio=1.0 caller= android.view.SyncRtSurfaceTransactionApplier.applyTransaction:96 android.view.SyncRtSurfaceTransactionApplier.lambda$scheduleApply$0:69 android.view.SyncRtSurfaceTransactionApplier.$r8$lambda$afI4fXg3U3-nBZQEDQMiNy-B06s:0 
2025-08-30 18:48:35.048  7632-7632  InsetsController        com.memstory                         I  onStateChanged: host=com.memstory/com.memstory.presentation.MainActivity, from=android.view.ViewRootImpl.handleResized:2781, state=InsetsState: {mDisplayFrame=Rect(0, 0 - 1080, 2340), mDisplayCutout=DisplayCutout{insets=Rect(0, 83 - 0, 0) waterfall=Insets{left=0, top=0, right=0, bottom=0} boundingRect={Bounds=[Rect(0, 0 - 0, 0), Rect(515, 0 - 566, 83), Rect(0, 0 - 0, 0), Rect(0, 0 - 0, 0)]} cutoutPathParserInfo={CutoutPathParserInfo{displayWidth=1080 displayHeight=2340 physicalDisplayWidth=1080 physicalDisplayHeight=2340 density={2.8125} cutoutSpec={M 0,0 H -9.066666666666667 V 29.6 H 9.066666666666667 V 0 H 0 Z @dp} rotation={0} scale={1.0} physicalPixelDisplaySizeRatio={1.0}}} sideOverrides={}}, mRoundedCorners=RoundedCorners{[RoundedCorner{position=TopLeft, radius=113, center=Point(113, 113)}, RoundedCorner{position=TopRight, radius=113, center=Point(967, 113)}, RoundedCorner{position=BottomRight, radius=113, center=Point(967, 2227)}, RoundedCorner{position=BottomLeft, radius=113, center=Point(113, 2227)}]}  mRoundedCornerFrame=Rect(0, 0 - 1080, 2340), mPrivacyIndicatorBounds=PrivacyIndicatorBounds {static bounds=Rect(956, 0 - 1080, 84) rotation=0}, mDisplayShape=DisplayShape{ spec=-311912193 displayWidth=1440 displayHeight=3120 physicalPixelDisplaySizeRatio=1.0 rotation=0 offsetX=0 offsetY=0 scale=1.0}, mSources= { InsetsSource: {af370001 mType=navigationBars mFrame=[0,2205][1080,2340] mVisible=true mFlags= mSideHint=BOTTOM mBoundingRects=null}, InsetsSource: {af370004 mType=systemGestures mFrame=[0,0][0,0] mVisible=true mFlags= mSideHint=NONE mBoundingRects=null}, InsetsSource: {af370005 mType=mandatorySystemGestures mFrame=[0,2205][1080,2340] mVisible=true mFlags= mSideHint=BOTTOM mBoundingRects=null}, InsetsSource: {af370006 mType=tappableElement mFrame=[0,2205][1080,2340] mVisible=true mFlags= mSideHint=BOTTOM mBoundingRects=null}, InsetsSource: {af370024 mType=systemGestures mFrame=[0,0][0,0] mVisible=true mFlags= mSideHint=NONE mBoundingRects=null}, InsetsSource: {3 mType=ime mFrame=[0,0][0,0] mVisible=false mFlags= mSideHint=NONE mBoundingRects=null}, InsetsSource: {27 mType=displayCutout mFrame=[0,0][1080,83] mVisible=true mFlags= mSideHint=TOP mBoundingRects=null}, InsetsSource: {7940000 mType=statusBars mFrame=[0,0][1080,84] mVisible=true mFlags= mSideHint=TOP mBoundingRects=null}, InsetsSource: {7940005 mType=mandatorySystemGestures mFrame=[0,0][1080,117] mVisible=true mFlags= mSideHint=TOP mBoundingRects=null}, InsetsSource: {7940006 mType=tappableElement mFrame=[0,0][1080,84] mVisible=true mFlags= mSideHint=TOP mBoundingRects=null} }
2025-08-30 18:48:35.048  7632-7632  VRI[MainAc...y]@1eafcd7 com.memstory                         I  handleResized, frames=ClientWindowFrames{frame=[0,0][1080,2340] display=[0,0][1080,2340] parentFrame=[0,0][0,0]} displayId=0 dragResizing=false compatScale=1.0 frameChanged=false attachedFrameChanged=false configChanged=false displayChanged=false compatScaleChanged=false dragResizingChanged=false
2025-08-30 18:48:35.223  7632-7658  OnnxLLMEngine           com.memstory                         E  Static KV Cache inference failed
                                                                                                    java.lang.ClassCastException: float[][][] cannot be cast to ai.onnxruntime.OnnxTensor
                                                                                                    	at com.memstory.llm.OnnxLLMEngine.processStaticKVCacheInference(OnnxLLMEngine.kt:455)
                                                                                                    	at com.memstory.llm.OnnxLLMEngine.access$processStaticKVCacheInference(OnnxLLMEngine.kt:21)
                                                                                                    	at com.memstory.llm.OnnxLLMEngine$generateTokens$2.invokeSuspend(OnnxLLMEngine.kt:357)
                                                                                                    	at com.memstory.llm.OnnxLLMEngine$generateTokens$2.invoke(Unknown Source:8)
                                                                                                    	at com.memstory.llm.OnnxLLMEngine$generateTokens$2.invoke(Unknown Source:4)
                                                                                                    	at kotlinx.coroutines.intrinsics.UndispatchedKt.startUndispatchedOrReturn(Undispatched.kt:61)
                                                                                                    	at kotlinx.coroutines.BuildersKt__Builders_commonKt.withContext(Builders.common.kt:163)
                                                                                                    	at kotlinx.coroutines.BuildersKt.withContext(Unknown Source:1)
                                                                                                    	at com.memstory.llm.OnnxLLMEngine.generateTokens(OnnxLLMEngine.kt:333)
                                                                                                    	at com.memstory.llm.OnnxLLMEngine.generateTokens$default(OnnxLLMEngine.kt:328)
                                                                                                    	at com.memstory.llm.OnnxLLMEngine$generateResponse$2.invokeSuspend(OnnxLLMEngine.kt:298)
                                                                                                    	at com.memstory.llm.OnnxLLMEngine$generateResponse$2.invoke(Unknown Source:8)
                                                                                                    	at com.memstory.llm.OnnxLLMEngine$generateResponse$2.invoke(Unknown Source:4)
                                                                                                    	at kotlinx.coroutines.intrinsics.UndispatchedKt.startUndispatchedOrReturn(Undispatched.kt:61)
                                                                                                    	at kotlinx.coroutines.BuildersKt__Builders_commonKt.withContext(Builders.common.kt:163)
                                                                                                    	at kotlinx.coroutines.BuildersKt.withContext(Unknown Source:1)
                                                                                                    	at com.memstory.llm.OnnxLLMEngine.generateResponse(OnnxLLMEngine.kt:287)
                                                                                                    	at com.memstory.llm.LLMConversationService$generateResponse$2.invokeSuspend(LLMConversationService.kt:145)
                                                                                                    	at kotlin.coroutines.jvm.internal.BaseContinuationImpl.resumeWith(ContinuationImpl.kt:33)
                                                                                                    	at kotlinx.coroutines.DispatchedTask.run(DispatchedTask.kt:104)
                                                                                                    	at kotlinx.coroutines.internal.LimitedDispatcher$Worker.run(LimitedDispatcher.kt:111)
                                                                                                    	at kotlinx.coroutines.scheduling.TaskImpl.run(Tasks.kt:99)
                                                                                                    	at kotlinx.coroutines.scheduling.CoroutineScheduler.runSafely(CoroutineScheduler.kt:585)
                                                                                                    	at kotlinx.coroutines.scheduling.CoroutineScheduler$Worker.executeTask(CoroutineScheduler.kt:802)
                                                                                                    	at kotlinx.coroutines.scheduling.CoroutineScheduler$Worker.runWorker(CoroutineScheduler.kt:706)
                                                                                                    	at kotlinx.coroutines.scheduling.CoroutineScheduler$Worker.run(CoroutineScheduler.kt:693)
2025-08-30 18:48:35.223  7632-7658  OnnxLLMEngine           com.memstory                         D  --- Generation Step 2 (INCREMENTAL) ---
2025-08-30 18:48:35.223  7632-7658  OnnxLLMEngine           com.memstory                         D  Processing last token: 84144 at position 87
2025-08-30 18:48:35.223  7632-7658  OnnxLLMEngine           com.memstory                         D   STATIC KV INFERENCE: input_ids=1, positions=[88]
2025-08-30 18:48:35.223  7632-7658  OnnxLLMEngine           com.memstory                         D  Cache state: position=89, seq_len=89
2025-08-30 18:48:35.291  7632-7642  com.memstory            com.memstory                         I  Background concurrent mark compact GC freed 4738KB AllocSpace bytes, 0(0B) LOS objects, 30% free, 108MB/156MB, paused 397us,5.590ms total 87.593ms
2025-08-30 18:48:35.291  7632-7643  InputTransport          com.memstory                         D  Input channel destroyed: 'ClientS', fd=165
2025-08-30 18:48:35.291  7632-7643  InputTransport          com.memstory                         D  Input channel destroyed: 'ClientS', fd=137
2025-08-30 18:48:35.291  7632-7643  InputTransport          com.memstory                         D  Input channel destroyed: 'ClientS', fd=162
2025-08-30 18:48:35.291  7632-7643  InputTransport          com.memstory                         D  Input channel destroyed: 'ClientS', fd=142
2025-08-30 18:48:35.291  7632-7643  InputTransport          com.memstory                         D  Input channel destroyed: 'ClientS', fd=143
2025-08-30 18:48:35.409  7632-7658  OnnxLLMEngine           com.memstory                         E  Static KV Cache inference failed
                                                                                                    java.lang.ClassCastException: float[][][] cannot be cast to ai.onnxruntime.OnnxTensor
                                                                                                    	at com.memstory.llm.OnnxLLMEngine.processStaticKVCacheInference(OnnxLLMEngine.kt:455)
                                                                                                    	at com.memstory.llm.OnnxLLMEngine.access$processStaticKVCacheInference(OnnxLLMEngine.kt:21)
                                                                                                    	at com.memstory.llm.OnnxLLMEngine$generateTokens$2.invokeSuspend(OnnxLLMEngine.kt:390)
                                                                                                    	at com.memstory.llm.OnnxLLMEngine$generateTokens$2.invoke(Unknown Source:8)
                                                                                                    	at com.memstory.llm.OnnxLLMEngine$generateTokens$2.invoke(Unknown Source:4)
                                                                                                    	at kotlinx.coroutines.intrinsics.UndispatchedKt.startUndispatchedOrReturn(Undispatched.kt:61)
                                                                                                    	at kotlinx.coroutines.BuildersKt__Builders_commonKt.withContext(Builders.common.kt:163)
                                                                                                    	at kotlinx.coroutines.BuildersKt.withContext(Unknown Source:1)
                                                                                                    	at com.memstory.llm.OnnxLLMEngine.generateTokens(OnnxLLMEngine.kt:333)
                                                                                                    	at com.memstory.llm.OnnxLLMEngine.generateTokens$default(OnnxLLMEngine.kt:328)
                                                                                                    	at com.memstory.llm.OnnxLLMEngine$generateResponse$2.invokeSuspend(OnnxLLMEngine.kt:298)
                                                                                                    	at com.memstory.llm.OnnxLLMEngine$generateResponse$2.invoke(Unknown Source:8)
                                                                                                    	at com.memstory.llm.OnnxLLMEngine$generateResponse$2.invoke(Unknown Source:4)
                                                                                                    	at kotlinx.coroutines.intrinsics.UndispatchedKt.startUndispatchedOrReturn(Undispatched.kt:61)
                                                                                                    	at kotlinx.coroutines.BuildersKt__Builders_commonKt.withContext(Builders.common.kt:163)
                                                                                                    	at kotlinx.coroutines.BuildersKt.withContext(Unknown Source:1)
                                                                                                    	at com.memstory.llm.OnnxLLMEngine.generateResponse(OnnxLLMEngine.kt:287)
                                                                                                    	at com.memstory.llm.LLMConversationService$generateResponse$2.invokeSuspend(LLMConversationService.kt:145)
                                                                                                    	at kotlin.coroutines.jvm.internal.BaseContinuationImpl.resumeWith(ContinuationImpl.kt:33)
                                                                                                    	at kotlinx.coroutines.DispatchedTask.run(DispatchedTask.kt:104)
                                                                                                    	at kotlinx.coroutines.internal.LimitedDispatcher$Worker.run(LimitedDispatcher.kt:111)
                                                                                                    	at kotlinx.coroutines.scheduling.TaskImpl.run(Tasks.kt:99)
                                                                                                    	at kotlinx.coroutines.scheduling.CoroutineScheduler.runSafely(CoroutineScheduler.kt:585)
                                                                                                    	at kotlinx.coroutines.scheduling.CoroutineScheduler$Worker.executeTask(CoroutineScheduler.kt:802)
                                                                                                    	at kotlinx.coroutines.scheduling.CoroutineScheduler$Worker.runWorker(CoroutineScheduler.kt:706)
                                                                                                    	at kotlinx.coroutines.scheduling.CoroutineScheduler$Worker.run(CoroutineScheduler.kt:693)
2025-08-30 18:48:35.409  7632-7658  OnnxLLMEngine           com.memstory                         D  EOS token generated: -1
2025-08-30 18:48:35.409  7632-7658  OnnxLLMEngine           com.memstory                         D  ===  STATIC KV CACHE END ===
2025-08-30 18:48:35.409  7632-7658  OnnxLLMEngine           com.memstory                         D  Total generated tokens: 88
2025-08-30 18:48:35.409  7632-7658  OnnxLLMEngine           com.memstory                         D  New tokens generated: 0
2025-08-30 18:48:35.409  7632-7658  GemmaTokenizer          com.memstory                         D  Decoding 0 tokens
2025-08-30 18:48:35.409  7632-7658  GemmaTokenizer          com.memstory                         D  Decoded text: 
2025-08-30 18:48:35.409  7632-7658  OnnxLLMEngine           com.memstory                         D  Generation completed:
                                                                                                    - Input tokens: 54
                                                                                                    - Generated tokens: 0
                                                                                                    - Total conversation tokens: 54
                                                                                                    - KV cache size: 2.7421875MB
2025-08-30 18:48:35.409  7632-7658  OnnxLLMEngine           com.memstory                         D  Response generated: 
2025-08-30 18:48:35.409  7632-7658  LLMConversationService  com.memstory                         D  Generated response in 821ms: 
2025-08-30 18:48:37.592  7632-7632  VRI[MainAc...y]@1eafcd7 com.memstory                         I  call setFrameRateCategory for touch hint category=no preference, reason=boost timeout, vri=VRI[MainActivity]@1eafcd7
2025-08-30 18:53:00.040  7632-7632  VRI[MainAc...ty]@bc0c00 com.memstory                         I  onDisplayChanged oldDisplayState=2 newDisplayState=2
2025-08-30 18:53:00.040  7632-7632  VRI[MainAc...y]@1eafcd7 com.memstory                         I  onDisplayChanged oldDisplayState=2 newDisplayState=2
2025-08-30 18:58:14.638  7632-7632  VRI[MainAc...ty]@bc0c00 com.memstory                         I  onDisplayChanged oldDisplayState=2 newDisplayState=2
2025-08-30 18:58:14.638  7632-7632  VRI[MainAc...y]@1eafcd7 com.memstory                         I  onDisplayChanged oldDisplayState=2 newDisplayState=2
2025-08-30 18:58:34.920  7632-7632  VRI[MainAc...y]@1eafcd7 com.memstory                         I  handleAppVisibility mAppVisible = true visible = false
2025-08-30 18:58:34.921  7632-7632  VRI[MainAc...y]@1eafcd7 com.memstory                         D  visibilityChanged oldVisibility=true newVisibility=false
2025-08-30 18:58:34.927  7632-7656  HWUI                    com.memstory                         D  CacheManager::trimMemory(20)
2025-08-30 18:58:34.934  7632-7632  VRI[MainAc...y]@1eafcd7 com.memstory                         I  Relayout returned: old=(0,0,1080,2340) new=(0,0,1080,2340) relayoutAsync=false req=(1080,2340)8 dur=2 res=0x2 s={false 0x0} ch=true seqId=0
2025-08-30 18:58:34.934  7632-7632  VRI[MainAc...y]@1eafcd7 com.memstory                         D  Not drawing due to not visible. Reason=!mAppVisible && !mForceDecorViewVisibility
2025-08-30 18:58:34.934  7632-7656  HWUI                    com.memstory                         D  CacheManager::trimMemory(20)
2025-08-30 18:58:34.935  7632-7632  VRI[MainAc...y]@1eafcd7 com.memstory                         I  stopped(true) old = false
2025-08-30 18:58:34.935  7632-7632  VRI[MainAc...y]@1eafcd7 com.memstory                         D  WindowStopped on com.memstory/com.memstory.presentation.MainActivity set to true
2025-08-30 18:58:34.935  7632-7656  HWUI                    com.memstory                         D  CacheManager::trimMemory(20)
2025-08-30 18:58:34.938  7632-7632  VRI[MainAc...ty]@bc0c00 com.memstory                         I  onDisplayChanged oldDisplayState=2 newDisplayState=1
2025-08-30 18:58:34.939  7632-7632  VRI[MainAc...y]@1eafcd7 com.memstory                         I  onDisplayChanged oldDisplayState=2 newDisplayState=1
2025-08-30 18:58:35.094  7632-7632  VRI[MainAc...ty]@bc0c00 com.memstory                         I  onDisplayChanged oldDisplayState=1 newDisplayState=1
2025-08-30 18:58:35.094  7632-7632  VRI[MainAc...y]@1eafcd7 com.memstory                         I  onDisplayChanged oldDisplayState=1 newDisplayState=1
2025-08-30 18:58:35.094  7632-7632  ImeFocusController      com.memstory                         I  onPreWindowFocus: skipped hasWindowFocus=false mHasImeFocus=true
2025-08-30 18:58:35.095  7632-7632  ImeFocusController      com.memstory                         I  onPostWindowFocus: skipped hasWindowFocus=false mHasImeFocus=true
2025-08-30 18:58:35.188  7632-7632  VRI[MainAc...ty]@bc0c00 com.memstory                         I  onDisplayChanged oldDisplayState=1 newDisplayState=1
2025-08-30 18:58:35.189  7632-7632  VRI[MainAc...y]@1eafcd7 com.memstory                         I  onDisplayChanged oldDisplayState=1 newDisplayState=1
2025-08-30 19:15:57.987 11553-11553 com.memstory            com.memstory                         E  Unable to open libpenguin.so: dlopen failed: library "libpenguin.so" not found.
2025-08-30 19:15:57.987 11553-11553 BufferQueueProducer     com.memstory                         I  [](id:2d2100000000,api:0,p:0,c:11553) setDequeueTimeout:2077252342
2025-08-30 19:15:57.987 11553-11553 BLASTBufferQueue_Java   com.memstory                         I  new BLASTBufferQueue, mName= VRI[MainActivity]@bc0c00 mNativeObject= 0xb400007dde23f810 sc.mNativeObject= 0xb400007ebe23ef10 caller= android.view.ViewRootImpl.updateBlastSurfaceIfNeeded:3390 android.view.ViewRootImpl.relayoutWindow:11355 android.view.ViewRootImpl.performTraversals:4537 android.view.ViewRootImpl.doTraversal:3701 android.view.ViewRootImpl$TraversalRunnable.run:12533 android.view.Choreographer$CallbackRecord.run:1751 android.view.Choreographer$CallbackRecord.run:1760 android.view.Choreographer.doCallbacks:1216 android.view.Choreographer.doFrame:1142 android.view.Choreographer$FrameDisplayEventReceiver.run:1707 
2025-08-30 19:15:57.987 11553-11553 BLASTBufferQueue_Java   com.memstory                         I  update, w= 1080 h= 2340 mName = VRI[MainActivity]@bc0c00 mNativeObject= 0xb400007dde23f810 sc.mNativeObject= 0xb400007ebe23ef10 format= -1 caller= android.graphics.BLASTBufferQueue.<init>:88 android.view.ViewRootImpl.updateBlastSurfaceIfNeeded:3390 android.view.ViewRootImpl.relayoutWindow:11355 android.view.ViewRootImpl.performTraversals:4537 android.view.ViewRootImpl.doTraversal:3701 android.view.ViewRootImpl$TraversalRunnable.run:12533 
2025-08-30 19:15:57.987 11553-11553 libc                    com.memstory                         W  Access denied finding property "vendor.gpp.create_frc_extension"
2025-08-30 19:15:57.987 11553-11553 VRI[MainAc...ty]@bc0c00 com.memstory                         I  Relayout returned: old=(0,0,1080,2340) new=(0,0,1080,2340) relayoutAsync=false req=(1080,2340)0 dur=1 res=0x3 s={true 0xb400007e5e25cb60} ch=true seqId=0
2025-08-30 19:15:57.987 11553-11553 VRI[MainAc...ty]@bc0c00 com.memstory                         I  performConfigurationChange setNightDimText nightDimLevel=0
2025-08-30 19:15:57.987 11553-11553 VRI[MainAc...ty]@bc0c00 com.memstory                         D  mThreadedRenderer.initialize() mSurface={isValid=true 0xb400007e5e25cb60} hwInitialized=true
2025-08-30 19:15:57.990 11553-11553 VRI[MainAc...ty]@bc0c00 com.memstory                         D  reportNextDraw android.view.ViewRootImpl.performTraversals:5186 android.view.ViewRootImpl.doTraversal:3701 android.view.ViewRootImpl$TraversalRunnable.run:12533 android.view.Choreographer$CallbackRecord.run:1751 android.view.Choreographer$CallbackRecord.run:1760 
2025-08-30 19:15:57.990 11553-11553 VRI[MainAc...ty]@bc0c00 com.memstory                         D  Setup new sync=wmsSync-VRI[MainActivity]@bc0c00#0
2025-08-30 19:15:57.990 11553-11553 VRI[MainAc...ty]@bc0c00 com.memstory                         I  Creating new active sync group VRI[MainActivity]@bc0c00#1
2025-08-30 19:15:57.991 11553-11553 VRI[MainAc...ty]@bc0c00 com.memstory                         D  registerCallbacksForSync syncBuffer=false
2025-08-30 19:15:57.992 11553-11577 VRI[MainAc...ty]@bc0c00 com.memstory                         D  Received frameDrawingCallback syncResult=0 frameNum=1.
2025-08-30 19:15:57.992 11553-11577 VRI[MainAc...ty]@bc0c00 com.memstory                         I  mWNT: t=0xb400007eae343250 mBlastBufferQueue=0xb400007dde23f810 fn= 1 HdrRenderState mRenderHdrSdrRatio=1.0 caller= android.view.ViewRootImpl$11.onFrameDraw:15025 android.view.ThreadedRenderer$1.onFrameDraw:761 <bottom of call stack> 
2025-08-30 19:15:57.992 11553-11577 VRI[MainAc...ty]@bc0c00 com.memstory                         I  Setting up sync and frameCommitCallback
2025-08-30 19:15:57.992 11553-11571 AdrenoUtils             com.memstory                         I  <ReadGpuID:366>: Reading chip ID through GSL
2025-08-30 19:15:58.020 11553-11571 BLASTBufferQueue        com.memstory                         I  [VRI[MainActivity]@bc0c00#0](f:0,a:0,s:0) onFrameAvailable the first frame is available
2025-08-30 19:15:58.020 11553-11571 SurfaceComposerClient   com.memstory                         I  apply transaction with the first frame. layerId: 15541, bufferData(ID: 49619757170691, frameNumber: 1)
2025-08-30 19:15:58.020 11553-11571 VRI[MainAc...ty]@bc0c00 com.memstory                         I  Received frameCommittedCallback lastAttemptedDrawFrameNum=1 didProduceBuffer=true
2025-08-30 19:15:58.020 11553-11571 HWUI                    com.memstory                         D  CFMS:: SetUp Pid : 11553    Tid : 11571
2025-08-30 19:15:58.020 11553-11553 VRI[MainAc...ty]@bc0c00 com.memstory                         D  reportDrawFinished seqId=0
2025-08-30 19:15:58.023 11553-11559 com.memstory            com.memstory                         I  Compiler allocated 7429KB to compile void android.view.ViewRootImpl.performTraversals()
2025-08-30 19:15:58.024 11553-11553 InsetsSourceConsumer    com.memstory                         I  applyRequestedVisibilityToControl: visible=true, type=statusBars, host=com.memstory/com.memstory.presentation.MainActivity
2025-08-30 19:15:58.024 11553-11553 InsetsSourceConsumer    com.memstory                         I  applyRequestedVisibilityToControl: visible=true, type=navigationBars, host=com.memstory/com.memstory.presentation.MainActivity
2025-08-30 19:15:58.034 11553-11553 VRI[MainAc...ty]@bc0c00 com.memstory                         D  mThreadedRenderer.initializeIfNeeded()#2 mSurface={isValid=true 0xb400007e5e25cb60}
2025-08-30 19:15:58.034 11553-11553 InputMethodManagerUtils com.memstory                         D  startInputInner - Id : 0
2025-08-30 19:15:58.034 11553-11553 InputMethodManager      com.memstory                         I  startInputInner - IInputMethodManagerGlobalInvoker.startInputOrWindowGainedFocus
2025-08-30 19:15:58.035 11553-11565 InputTransport          com.memstory                         D  Input channel constructed: 'ClientS', fd=145
2025-08-30 19:15:58.040 11553-11553 InsetsSourceConsumer    com.memstory                         I  applyRequestedVisibilityToControl: visible=false, type=ime, host=com.memstory/com.memstory.presentation.MainActivity
2025-08-30 19:15:58.131 11553-11573 GemmaTokenizer          com.memstory                         D  Loading all 5 tokenizer files...
2025-08-30 19:15:58.131 11553-11573 GemmaTokenizer          com.memstory                         D  - tokenizer_config.json: 
2025-08-30 19:15:58.131 11553-11573 GemmaTokenizer          com.memstory                         D  - special_tokens_map.json: 
2025-08-30 19:15:58.131 11553-11573 GemmaTokenizer          com.memstory                         D  - generation_config.json: 
2025-08-30 19:15:58.131 11553-11573 GemmaTokenizer          com.memstory                         D  - tokenizer.json:  (vocab)
2025-08-30 19:15:58.131 11553-11573 GemmaTokenizer          com.memstory                         D  - config.json:  (loaded by OnnxLLMEngine)
2025-08-30 19:15:58.131 11553-11573 GemmaTokenizer          com.memstory                         D  Config loaded in Java heap: 262144 vocab size
2025-08-30 19:15:58.131 11553-11573 GemmaTokenizer          com.memstory                         D  Loading vocab mapping for decoding...
2025-08-30 19:15:58.813 11553-11573 GemmaTokenizer          com.memstory                         D  Loaded 262144 vocab entries for decoding
2025-08-30 19:15:58.813 11553-11573 GemmaTokenizer          com.memstory                         D  Tokenizer initialized with hybrid memory architecture
2025-08-30 19:15:58.813 11553-11573 OnnxLLMEngine           com.memstory                         D  Tokenizer loaded with vocab size: 262144
2025-08-30 19:15:58.813 11553-11573 CompatChangeReporter    com.memstory                         D  Compat change id reported: 312399441; UID 10605; state: ENABLED
2025-08-30 19:15:58.814 11553-11573 OnnxLLMEngine           com.memstory                         D  Copying 998MB model from assets to internal storage...
2025-08-30 19:15:58.814 11553-11573 OnnxLLMEngine           com.memstory                         D  Memory strategy: Java heap (configs) + Native heap (model weights + KV cache)
2025-08-30 19:15:59.150 11553-11573 OnnxLLMEngine           com.memstory                         D  Copied 100MB...
2025-08-30 19:15:59.485 11553-11573 OnnxLLMEngine           com.memstory                         D  Copied 200MB...
2025-08-30 19:15:59.819 11553-11573 OnnxLLMEngine           com.memstory                         D  Copied 300MB...
2025-08-30 19:16:00.153 11553-11573 OnnxLLMEngine           com.memstory                         D  Copied 400MB...
2025-08-30 19:16:00.487 11553-11573 OnnxLLMEngine           com.memstory                         D  Copied 500MB...
2025-08-30 19:16:00.822 11553-11573 OnnxLLMEngine           com.memstory                         D  Copied 600MB...
2025-08-30 19:16:01.144 11553-11573 OnnxLLMEngine           com.memstory                         D  Copied 700MB...
2025-08-30 19:16:01.467 11553-11573 OnnxLLMEngine           com.memstory                         D  Copied 800MB...
2025-08-30 19:16:01.792 11553-11573 OnnxLLMEngine           com.memstory                         D  Copied 900MB...
2025-08-30 19:16:01.955 11553-11573 OnnxLLMEngine           com.memstory                         D  Total copied: 951MB
2025-08-30 19:16:01.967 11553-11573 OnnxLLMEngine           com.memstory                         D  Model ready for native heap loading: 997769309 bytes
2025-08-30 19:16:02.464 11553-11573 Manager                 com.memstory                         I  DeviceManager::DeviceManager
2025-08-30 19:16:02.464 11553-11573 ServerFlag              com.memstory                         W  Failed to parse result of GetServerConfigurableFlag, errno=34
2025-08-30 19:16:02.464 11553-11573 Manager                 com.memstory                         I  findAvailableDevices
2025-08-30 19:16:02.465 11553-11573 HidlServiceManagement   com.memstory                         W  hwservicemanager is not supported on the device.
2025-08-30 19:16:02.465 11553-11573 HidlServiceManagement   com.memstory                         I  Cannot list manifest for android.hardware.neuralnetworks@1.3::IDevice without hwservicemanager
2025-08-30 19:16:02.465 11553-11573 HidlServiceManagement   com.memstory                         I  Cannot list manifest for android.hardware.neuralnetworks@1.2::IDevice without hwservicemanager
2025-08-30 19:16:02.465 11553-11573 HidlServiceManagement   com.memstory                         I  Cannot list manifest for android.hardware.neuralnetworks@1.1::IDevice without hwservicemanager
2025-08-30 19:16:02.465 11553-11573 HidlServiceManagement   com.memstory                         I  Cannot list manifest for android.hardware.neuralnetworks@1.0::IDevice without hwservicemanager
2025-08-30 19:16:03.048 11553-11627 ProfileInstaller        com.memstory                         D  Installing profile for com.memstory
2025-08-30 19:16:05.871 11553-11573 OnnxLLMEngine           com.memstory                         D  ONNX model loaded with NNAPI execution provider (NPU acceleration)
2025-08-30 19:16:05.871 11553-11573 OnnxLLMEngine           com.memstory                         D   Initializing Static KV Cache with System Prompt...
2025-08-30 19:16:05.871 11553-11573 GemmaTokenizer          com.memstory                         D  Encoding text: You are memSTORY, the AI that understands your heart the best.
                                                                                                    You live entirely on your phone, helping organize thoughts, memories, and ideas.
                                                                                                    Always be warm, understanding, and helpful. You work completely offline.
2025-08-30 19:16:05.871 11553-11573 GemmaTokenizer          com.memstory                         D  Encoded to 34 tokens
2025-08-30 19:16:05.871 11553-11573 OnnxLLMEngine           com.memstory                         D  System prompt tokenized: 34 tokens
2025-08-30 19:16:05.871 11553-11573 OnnxLLMEngine           com.memstory                         D  System prompt: You are memSTORY, the AI that understands your heart the best.
                                                                                                    You live entirely on your phone, helping organize thoughts, memories, and ideas.
                                                                                                    Always be warm, understanding, and helpful. You work completely offline.
2025-08-30 19:16:05.892 11553-11573 OnnxLLMEngine           com.memstory                         V  Layer 0 KV Cache initialized: [1, 1, 512, 256]
2025-08-30 19:16:05.899 11553-11573 OnnxLLMEngine           com.memstory                         V  Layer 1 KV Cache initialized: [1, 1, 512, 256]
2025-08-30 19:16:05.903 11553-11573 OnnxLLMEngine           com.memstory                         V  Layer 2 KV Cache initialized: [1, 1, 512, 256]
2025-08-30 19:16:05.906 11553-11573 OnnxLLMEngine           com.memstory                         V  Layer 3 KV Cache initialized: [1, 1, 512, 256]
2025-08-30 19:16:05.910 11553-11573 OnnxLLMEngine           com.memstory                         V  Layer 4 KV Cache initialized: [1, 1, 512, 256]
2025-08-30 19:16:05.914 11553-11573 OnnxLLMEngine           com.memstory                         V  Layer 5 KV Cache initialized: [1, 1, 512, 256]
2025-08-30 19:16:05.917 11553-11573 OnnxLLMEngine           com.memstory                         V  Layer 6 KV Cache initialized: [1, 1, 512, 256]
2025-08-30 19:16:05.922 11553-11573 OnnxLLMEngine           com.memstory                         V  Layer 7 KV Cache initialized: [1, 1, 512, 256]
2025-08-30 19:16:05.926 11553-11573 OnnxLLMEngine           com.memstory                         V  Layer 8 KV Cache initialized: [1, 1, 512, 256]
2025-08-30 19:16:05.930 11553-11573 OnnxLLMEngine           com.memstory                         V  Layer 9 KV Cache initialized: [1, 1, 512, 256]
2025-08-30 19:16:05.934 11553-11573 OnnxLLMEngine           com.memstory                         V  Layer 10 KV Cache initialized: [1, 1, 512, 256]
2025-08-30 19:16:05.938 11553-11573 OnnxLLMEngine           com.memstory                         V  Layer 11 KV Cache initialized: [1, 1, 512, 256]
2025-08-30 19:16:05.941 11553-11573 OnnxLLMEngine           com.memstory                         V  Layer 12 KV Cache initialized: [1, 1, 512, 256]
2025-08-30 19:16:05.945 11553-11573 OnnxLLMEngine           com.memstory                         V  Layer 13 KV Cache initialized: [1, 1, 512, 256]
2025-08-30 19:16:05.951 11553-11573 OnnxLLMEngine           com.memstory                         V  Layer 14 KV Cache initialized: [1, 1, 512, 256]
2025-08-30 19:16:05.955 11553-11573 OnnxLLMEngine           com.memstory                         V  Layer 15 KV Cache initialized: [1, 1, 512, 256]
2025-08-30 19:16:05.958 11553-11573 OnnxLLMEngine           com.memstory                         V  Layer 16 KV Cache initialized: [1, 1, 512, 256]
2025-08-30 19:16:05.962 11553-11573 OnnxLLMEngine           com.memstory                         V  Layer 17 KV Cache initialized: [1, 1, 512, 256]
