2025-08-30 18:18:40.433  2729-3092  OnnxLLMEngine           com.memstory                         D  Processing last token: 84144 at position 87
2025-08-30 18:18:40.433  2729-3092  OnnxLLMEngine           com.memstory                         D   STATIC KV INFERENCE: input_ids=1, positions=[88]
2025-08-30 18:18:40.433  2729-3092  OnnxLLMEngine           com.memstory                         D  Cache state: position=89, seq_len=89
2025-08-30 18:18:40.624  2729-3092  OnnxLLMEngine           com.memstory                         E  Static KV Cache inference failed
                                                                                                    java.lang.ClassCastException: float[][][] cannot be cast to ai.onnxruntime.OnnxTensor
                                                                                                    	at com.memstory.llm.OnnxLLMEngine.processStaticKVCacheInference(OnnxLLMEngine.kt:448)
                                                                                                    	at com.memstory.llm.OnnxLLMEngine.access$processStaticKVCacheInference(OnnxLLMEngine.kt:21)
                                                                                                    	at com.memstory.llm.OnnxLLMEngine$generateTokens$2.invokeSuspend(OnnxLLMEngine.kt:383)
                                                                                                    	at com.memstory.llm.OnnxLLMEngine$generateTokens$2.invoke(Unknown Source:8)
                                                                                                    	at com.memstory.llm.OnnxLLMEngine$generateTokens$2.invoke(Unknown Source:4)
                                                                                                    	at kotlinx.coroutines.intrinsics.UndispatchedKt.startUndispatchedOrReturn(Undispatched.kt:61)
                                                                                                    	at kotlinx.coroutines.BuildersKt__Builders_commonKt.withContext(Builders.common.kt:163)
                                                                                                    	at kotlinx.coroutines.BuildersKt.withContext(Unknown Source:1)
                                                                                                    	at com.memstory.llm.OnnxLLMEngine.generateTokens(OnnxLLMEngine.kt:326)
                                                                                                    	at com.memstory.llm.OnnxLLMEngine.generateTokens$default(OnnxLLMEngine.kt:321)
                                                                                                    	at com.memstory.llm.OnnxLLMEngine$generateResponse$2.invokeSuspend(OnnxLLMEngine.kt:291)
                                                                                                    	at com.memstory.llm.OnnxLLMEngine$generateResponse$2.invoke(Unknown Source:8)
                                                                                                    	at com.memstory.llm.OnnxLLMEngine$generateResponse$2.invoke(Unknown Source:4)
                                                                                                    	at kotlinx.coroutines.intrinsics.UndispatchedKt.startUndispatchedOrReturn(Undispatched.kt:61)
                                                                                                    	at kotlinx.coroutines.BuildersKt__Builders_commonKt.withContext(Builders.common.kt:163)
                                                                                                    	at kotlinx.coroutines.BuildersKt.withContext(Unknown Source:1)
                                                                                                    	at com.memstory.llm.OnnxLLMEngine.generateResponse(OnnxLLMEngine.kt:280)
                                                                                                    	at com.memstory.llm.LLMConversationService$generateResponse$2.invokeSuspend(LLMConversationService.kt:112)
                                                                                                    	at kotlin.coroutines.jvm.internal.BaseContinuationImpl.resumeWith(ContinuationImpl.kt:33)
                                                                                                    	at kotlinx.coroutines.DispatchedTask.run(DispatchedTask.kt:104)
                                                                                                    	at kotlinx.coroutines.internal.LimitedDispatcher$Worker.run(LimitedDispatcher.kt:111)
                                                                                                    	at kotlinx.coroutines.scheduling.TaskImpl.run(Tasks.kt:99)
                                                                                                    	at kotlinx.coroutines.scheduling.CoroutineScheduler.runSafely(CoroutineScheduler.kt:585)
                                                                                                    	at kotlinx.coroutines.scheduling.CoroutineScheduler$Worker.executeTask(CoroutineScheduler.kt:802)
                                                                                                    	at kotlinx.coroutines.scheduling.CoroutineScheduler$Worker.runWorker(CoroutineScheduler.kt:706)
                                                                                                    	at kotlinx.coroutines.scheduling.CoroutineScheduler$Worker.run(CoroutineScheduler.kt:693)
2025-08-30 18:18:40.624  2729-3092  OnnxLLMEngine           com.memstory                         D  EOS token generated: -1
2025-08-30 18:18:40.624  2729-3092  OnnxLLMEngine           com.memstory                         D  ===  STATIC KV CACHE END ===
2025-08-30 18:18:40.624  2729-3092  OnnxLLMEngine           com.memstory                         D  Total generated tokens: 88
2025-08-30 18:18:40.624  2729-3092  OnnxLLMEngine           com.memstory                         D  New tokens generated: 0
2025-08-30 18:18:40.624  2729-3092  GemmaTokenizer          com.memstory                         D  Decoding 0 tokens
2025-08-30 18:18:40.624  2729-3092  GemmaTokenizer          com.memstory                         D  Decoded text: 
2025-08-30 18:18:40.625  2729-3092  OnnxLLMEngine           com.memstory                         D  Generation completed:
                                                                                                    - Input tokens: 54
                                                                                                    - Generated tokens: 0
                                                                                                    - Total conversation tokens: 54
                                                                                                    - KV cache size: 2.7421875MB
2025-08-30 18:18:40.625  2729-3092  OnnxLLMEngine           com.memstory                         D  Response generated: 
2025-08-30 18:18:40.625  2729-3092  LLMConversationService  com.memstory                         D  Generated response in 846ms: 
2025-08-30 18:21:00.038  2729-2729  VRI[MainAc...y]@251da94 com.memstory                         I  onDisplayChanged oldDisplayState=2 newDisplayState=2
2025-08-30 18:28:11.003  2729-2729  VRI[MainAc...y]@251da94 com.memstory                         I  onDisplayChanged oldDisplayState=2 newDisplayState=2
2025-08-30 18:28:31.265  2729-2770  HWUI                    com.memstory                         D  CacheManager::trimMemory(20)
2025-08-30 18:28:31.279  2729-2729  VRI[MainAc...y]@251da94 com.memstory                         I  handleAppVisibility mAppVisible = true visible = false
2025-08-30 18:28:31.279  2729-2729  VRI[MainAc...y]@251da94 com.memstory                         D  visibilityChanged oldVisibility=true newVisibility=false
2025-08-30 18:28:31.291  2729-2770  HWUI                    com.memstory                         D  CacheManager::trimMemory(20)
2025-08-30 18:28:31.296  2729-2729  VRI[MainAc...y]@251da94 com.memstory                         I  Relayout returned: old=(0,0,1080,2340) new=(0,0,1080,2340) relayoutAsync=false req=(1080,2340)8 dur=3 res=0x2 s={false 0x0} ch=true seqId=0
2025-08-30 18:28:31.296  2729-2729  VRI[MainAc...y]@251da94 com.memstory                         D  Not drawing due to not visible. Reason=!mAppVisible && !mForceDecorViewVisibility
2025-08-30 18:28:31.296  2729-2729  VRI[MainAc...y]@251da94 com.memstory                         I  onDisplayChanged oldDisplayState=2 newDisplayState=1
2025-08-30 18:28:31.297  2729-2729  VRI[MainAc...y]@251da94 com.memstory                         I  stopped(true) old = false
2025-08-30 18:28:31.297  2729-2729  VRI[MainAc...y]@251da94 com.memstory                         D  WindowStopped on com.memstory/com.memstory.presentation.MainActivity set to true
2025-08-30 18:28:31.297  2729-2770  HWUI                    com.memstory                         D  CacheManager::trimMemory(20)
2025-08-30 18:28:31.438  2729-2729  VRI[MainAc...y]@251da94 com.memstory                         I  onDisplayChanged oldDisplayState=1 newDisplayState=1
2025-08-30 18:28:31.439  2729-2729  ImeFocusController      com.memstory                         I  onPreWindowFocus: skipped hasWindowFocus=false mHasImeFocus=true
2025-08-30 18:28:31.439  2729-2729  ImeFocusController      com.memstory                         I  onPostWindowFocus: skipped hasWindowFocus=false mHasImeFocus=true
2025-08-30 18:28:31.503  2729-2729  VRI[MainAc...y]@251da94 com.memstory                         I  onDisplayChanged oldDisplayState=1 newDisplayState=1
2025-08-30 18:44:53.923  7632-7632  nativeloader            com.memstory                         D  Configuring clns-7 for other apk /data/app/~~mU4Ht8g2WSp0iw5OafJL1Q==/com.memstory-kjyvjwnLiNVEz1vjiQAMOg==/base.apk. target_sdk_version=35, uses_libraries=, library_path=/data/app/~~mU4Ht8g2WSp0iw5OafJL1Q==/com.memstory-kjyvjwnLiNVEz1vjiQAMOg==/lib/arm64:/data/app/~~mU4Ht8g2WSp0iw5OafJL1Q==/com.memstory-kjyvjwnLiNVEz1vjiQAMOg==/base.apk!/lib/arm64-v8a, permitted_path=/data:/mnt/expand:/data/user/0/com.memstory
2025-08-30 18:44:53.923  7632-7632  CompatChangeReporter    com.memstory                         D  Compat change id reported: 202956589; UID 10604; state: ENABLED
2025-08-30 18:44:53.925  7632-7632  GraphicsEnvironment     com.memstory                         V  Currently set values for:
2025-08-30 18:44:53.925  7632-7632  GraphicsEnvironment     com.memstory                         V    angle_gl_driver_selection_pkgs=[]
2025-08-30 18:44:53.925  7632-7632  GraphicsEnvironment     com.memstory                         V    angle_gl_driver_selection_values=[]
2025-08-30 18:44:53.925  7632-7632  GraphicsEnvironment     com.memstory                         V  Global.Settings values are invalid: number of packages: 0, number of values: 0
2025-08-30 18:44:53.925  7632-7632  GraphicsEnvironment     com.memstory                         V  App is not on the allowlist for updatable production driver.
2025-08-30 18:44:53.933  7632-7632  CompatChangeReporter    com.memstory                         D  Compat change id reported: 279646685; UID 10604; state: ENABLED
2025-08-30 18:44:53.943  7632-7632  ActivityThread          com.memstory                         D  com.memstory will use render engine as VK
2025-08-30 18:44:53.944  7632-7632  HWUI                    com.memstory                         D  HWUI - treat SMPTE_170M as sRGB
2025-08-30 18:44:53.945  7632-7656  HWUI                    com.memstory                         D  CacheManager constructor. deviceInfo=(1080, 1920)
2025-08-30 18:44:53.947  7632-7656  vulkan                  com.memstory                         D  searching for layers in '/data/app/~~mU4Ht8g2WSp0iw5OafJL1Q==/com.memstory-kjyvjwnLiNVEz1vjiQAMOg==/lib/arm64'
2025-08-30 18:44:53.947  7632-7656  vulkan                  com.memstory                         D  searching for layers in '/data/app/~~mU4Ht8g2WSp0iw5OafJL1Q==/com.memstory-kjyvjwnLiNVEz1vjiQAMOg==/base.apk!/lib/arm64-v8a'
2025-08-30 18:44:53.951  7632-7632  CompatChangeReporter    com.memstory                         D  Compat change id reported: 309578419; UID 10604; state: ENABLED
2025-08-30 18:44:53.952  7632-7656  Adreno-AppProfiles      com.memstory                         E  QSPM AIDL service doesn't exist
2025-08-30 18:44:53.952  7632-7632  DecorView               com.memstory                         I  setWindowBackground: isPopOver=false color=ffffffff d=android.graphics.drawable.ColorDrawable@14a7782
2025-08-30 18:44:53.952  7632-7656  AdrenoVK-0              com.memstory                         I  ===== BEGIN DUMP OF OVERRIDDEN SETTINGS =====
2025-08-30 18:44:53.952  7632-7656  AdrenoVK-0              com.memstory                         I  ===== END DUMP OF OVERRIDDEN SETTINGS =====
2025-08-30 18:44:53.953  7632-7632  PhoneWindow             com.memstory                         D  forceLight changed to false [] from com.android.internal.policy.PhoneWindow.updateForceLightNavigationBar:4536 com.android.internal.policy.PhoneWindow.setNavigationBarColor:4227 androidx.activity.EdgeToEdgeApi29.setUp:312 androidx.activity.EdgeToEdge.enable:93 androidx.activity.EdgeToEdge.enable$default:71 
2025-08-30 18:44:53.955  7632-7656  qdgralloc               com.memstory                         D  Fetching IMapper5 from QtiMapper5
2025-08-30 18:44:53.956  7632-7632  MainActivity            com.memstory                         D   Background LLM warm-up initiated
2025-08-30 18:44:53.957  7632-7658  LLMConversationService  com.memstory                         D   Starting background LLM warm-up...
2025-08-30 18:44:53.957  7632-7658  LLMConversationService  com.memstory                         D  Initializing LLM Conversation Service...
2025-08-30 18:44:53.958  7632-7658  OnnxLLMEngine           com.memstory                         D  Initializing ONNX LLM Engine...
2025-08-30 18:44:53.963  7632-7632  ViewRootImpl            com.memstory                         I  dVRR is disabled
2025-08-30 18:44:53.963  7632-7632  HardwareRenderer        com.memstory                         D  onDisplayChanged. displayId=0 current wxh=1080x2340 mLargest wxh=0x0
2025-08-30 18:44:53.963  7632-7632  HardwareRenderer        com.memstory                         D  Set largestWidth and largestHeight as logical resolution. (1080x2340)
2025-08-30 18:44:53.963  7632-7656  SnapAlloc               com.memstory                         I  Graphics lib is available
2025-08-30 18:44:53.965  7632-7658  libc                    com.memstory                         W  Access denied finding property "ro.mediatek.platform"
2025-08-30 18:44:53.967  7632-7658  nativeloader            com.memstory                         D  Load /data/app/~~mU4Ht8g2WSp0iw5OafJL1Q==/com.memstory-kjyvjwnLiNVEz1vjiQAMOg==/base.apk!/lib/arm64-v8a/libonnxruntime4j_jni.so using class loader ns clns-7 (caller=/data/app/~~mU4Ht8g2WSp0iw5OafJL1Q==/com.memstory-kjyvjwnLiNVEz1vjiQAMOg==/base.apk): ok
2025-08-30 18:44:53.970  7632-7656  Adreno-UNKNOWN          com.memstory                         I  Using previously loaded IMapper library.
2025-08-30 18:44:53.972  7632-7656  AdrenoVK-0              com.memstory                         I  QUALCOMM build          : d3c617e069, I657d20f80b
                                                                                                    Build Date              : 04/04/25
                                                                                                    Shader Compiler Version : E031.47.18.28
                                                                                                    Local Branch            : 
                                                                                                    Remote Branch           : refs/tags/AU_LINUX_ANDROID_LA.VENDOR.15.4.0.11.00.00.1088.627
                                                                                                    Remote Branch           : NONE
                                                                                                    Reconstruct Branch      : NOTHING
2025-08-30 18:44:53.972  7632-7656  AdrenoVK-0              com.memstory                         I  Build Config            : S P 18.0.0 AArch64
2025-08-30 18:44:53.972  7632-7656  AdrenoVK-0              com.memstory                         I  Driver Path             : /vendor/lib64/hw/vulkan.adreno.so
2025-08-30 18:44:53.972  7632-7656  AdrenoVK-0              com.memstory                         I  Driver Version          : 0800.35
2025-08-30 18:44:53.972  7632-7656  AdrenoVK-0              com.memstory                         I  PFP                     : 0x01500464
2025-08-30 18:44:53.972  7632-7656  AdrenoVK-0              com.memstory                         I  ME                      : 0x01500012
2025-08-30 18:44:53.972  7632-7656  AdrenoVK-0              com.memstory                         I  Application Name    : android framework
                                                                                                    Application Version : 0x00000000
                                                                                                    Engine Name         : android framework
                                                                                                    Engine Version      : 0x00000000
                                                                                                    Api Version         : 0x00401000
2025-08-30 18:44:53.975  7632-7656  HWUI                    com.memstory                         D  setMaxSurfaceArea requested wxh=(1080,2340) requestedSurfaceArea(2527200) mMaxSurfaceArea(2073600)
2025-08-30 18:44:53.975  7632-7656  NativeCust...ncyManager com.memstory                         D  [NativeCFMS] BpCustomFrequencyManager::BpCustomFrequencyManager()
2025-08-30 18:44:53.976  7632-7632  InputTransport          com.memstory                         D  Input channel constructed: 'b93b851', fd=120
2025-08-30 18:44:53.977  7632-7632  InsetsController        com.memstory                         I  onStateChanged: host=com.memstory/com.memstory.presentation.MainActivity, from=android.view.ViewRootImpl.setView:1996, state=InsetsState: {mDisplayFrame=Rect(0, 0 - 1080, 2340), mDisplayCutout=DisplayCutout{insets=Rect(0, 83 - 0, 0) waterfall=Insets{left=0, top=0, right=0, bottom=0} boundingRect={Bounds=[Rect(0, 0 - 0, 0), Rect(515, 0 - 566, 83), Rect(0, 0 - 0, 0), Rect(0, 0 - 0, 0)]} cutoutPathParserInfo={CutoutPathParserInfo{displayWidth=1080 displayHeight=2340 physicalDisplayWidth=1080 physicalDisplayHeight=2340 density={2.8125} cutoutSpec={M 0,0 H -9.066666666666667 V 29.6 H 9.066666666666667 V 0 H 0 Z @dp} rotation={0} scale={1.0} physicalPixelDisplaySizeRatio={1.0}}} sideOverrides={}}, mRoundedCorners=RoundedCorners{[RoundedCorner{position=TopLeft, radius=113, center=Point(113, 113)}, RoundedCorner{position=TopRight, radius=113, center=Point(967, 113)}, RoundedCorner{position=BottomRight, radius=113, center=Point(967, 2227)}, RoundedCorner{position=BottomLeft, radius=113, center=Point(113, 2227)}]}  mRoundedCornerFrame=Rect(0, 0 - 1080, 2340), mPrivacyIndicatorBounds=PrivacyIndicatorBounds {static bounds=Rect(956, 0 - 1080, 84) rotation=0}, mDisplayShape=DisplayShape{ spec=-311912193 displayWidth=1440 displayHeight=3120 physicalPixelDisplaySizeRatio=1.0 rotation=0 offsetX=0 offsetY=0 scale=1.0}, mSources= { InsetsSource: {af370001 mType=navigationBars mFrame=[0,2205][1080,2340] mVisible=true mFlags= mSideHint=BOTTOM mBoundingRects=null}, InsetsSource: {af370004 mType=systemGestures mFrame=[0,0][0,0] mVisible=true mFlags= mSideHint=NONE mBoundingRects=null}, InsetsSource: {af370005 mType=mandatorySystemGestures mFrame=[0,2205][1080,2340] mVisible=true mFlags= mSideHint=BOTTOM mBoundingRects=null}, InsetsSource: {af370006 mType=tappableElement mFrame=[0,2205][1080,2340] mVisible=true mFlags= mSideHint=BOTTOM mBoundingRects=null}, InsetsSource: {af370024 mType=systemGestures mFrame=[0,0][0,0] mVisible=true mFlags= mSideHint=NONE mBoundingRects=null}, InsetsSource: {3 mType=ime mFrame=[0,0][0,0] mVisible=false mFlags= mSideHint=NONE mBoundingRects=null}, InsetsSource: {27 mType=displayCutout mFrame=[0,0][1080,83] mVisible=true mFlags= mSideHint=TOP mBoundingRects=null}, InsetsSource: {7940000 mType=statusBars mFrame=[0,0][1080,84] mVisible=true mFlags= mSideHint=TOP mBoundingRects=null}, InsetsSource: {7940005 mType=mandatorySystemGestures mFrame=[0,0][1080,117] mVisible=true mFlags= mSideHint=TOP mBoundingRects=null}, InsetsSource: {7940006 mType=tappableElement mFrame=[0,0][1080,84] mVisible=true mFlags= mSideHint=TOP mBoundingRects=null} }
2025-08-30 18:44:53.977  7632-7632  VRI[MainAc...ty]@bc0c00 com.memstory                         I  synced displayState. AttachInfo displayState=2
2025-08-30 18:44:53.977  7632-7632  VRI[MainAc...ty]@bc0c00 com.memstory                         I  setView = com.android.internal.policy.DecorView@4d5e82c IsHRR=false TM=true
2025-08-30 18:44:53.977  7632-7632  IDS_TAG                 com.memstory                         I  Starting IDS observe window
2025-08-30 18:44:53.977  7632-7632  IDS_TAG                 com.memstory                         I  Getting Shared Preference for com.memstory.MemStoryApplication@2656b46 uid = 10604
2025-08-30 18:44:53.978  7632-7632  IDS_TAG                 com.memstory                         I  App com.memstory.MemStoryApplication@2656b46 has not finished training
2025-08-30 18:44:53.978  7632-7656  HWUI                    com.memstory                         D  HWUI - treat SMPTE_170M as sRGB
2025-08-30 18:44:53.978  7632-7632  IDS_TAG                 com.memstory                         I  Closing IDS observe window
2025-08-30 18:44:53.978  7632-7632  IDS_TAG                 com.memstory                         I  Getting Shared Preference for com.memstory.MemStoryApplication@2656b46 uid = 10604
2025-08-30 18:44:53.978  7632-7632  IDS_TAG                 com.memstory                         I  IDS count updated to 1 for com.memstory.MemStoryApplication@2656b46
2025-08-30 18:44:53.987  7632-7658  OnnxLLMEngine           com.memstory                         D  Model config loaded: vocab_size=262144
2025-08-30 18:44:53.987  7632-7658  OnnxLLMEngine           com.memstory                         D  Config details: sliding_window=512, cache_impl=hybrid, num_kv_heads=1, head_dim=256
2025-08-30 18:44:53.988  7632-7658  GemmaTokenizer          com.memstory                         D  Initializing hybrid tokenizer...
2025-08-30 18:44:53.988  7632-7658  GemmaTokenizer          com.memstory                         D  Java heap: Config objects (~1MB)
2025-08-30 18:44:53.988  7632-7658  GemmaTokenizer          com.memstory                         D  Native heap: Vocabulary data (~33MB)
2025-08-30 18:44:54.028  7632-7632  com.memstory            com.memstory                         W  Method boolean androidx.compose.runtime.snapshots.SnapshotStateList.conditionalUpdate(boolean, kotlin.jvm.functions.Function1) failed lock verification and will run slower.
                                                                                                    Common causes for lock verification issues are non-optimized dex code
                                                                                                    and incorrect proguard optimizations.
2025-08-30 18:44:54.028  7632-7632  com.memstory            com.memstory                         W  Method boolean androidx.compose.runtime.snapshots.SnapshotStateList.conditionalUpdate$default(androidx.compose.runtime.snapshots.SnapshotStateList, boolean, kotlin.jvm.functions.Function1, int, java.lang.Object) failed lock verification and will run slower.
2025-08-30 18:44:54.028  7632-7632  com.memstory            com.memstory                         W  Method java.lang.Object androidx.compose.runtime.snapshots.SnapshotStateList.mutate(kotlin.jvm.functions.Function1) failed lock verification and will run slower.
2025-08-30 18:44:54.028  7632-7632  com.memstory            com.memstory                         W  Method void androidx.compose.runtime.snapshots.SnapshotStateList.update(boolean, kotlin.jvm.functions.Function1) failed lock verification and will run slower.
2025-08-30 18:44:54.028  7632-7632  com.memstory            com.memstory                         W  Method void androidx.compose.runtime.snapshots.SnapshotStateList.update$default(androidx.compose.runtime.snapshots.SnapshotStateList, boolean, kotlin.jvm.functions.Function1, int, java.lang.Object) failed lock verification and will run slower.
2025-08-30 18:44:54.062  7632-7632  com.memstory            com.memstory                         E  Unable to open libpenguin.so: dlopen failed: library "libpenguin.so" not found.
2025-08-30 18:44:54.062  7632-7632  BufferQueueProducer     com.memstory                         I  [](id:1dd000000000,api:0,p:0,c:7632) setDequeueTimeout:2077252342
2025-08-30 18:44:54.062  7632-7632  BLASTBufferQueue_Java   com.memstory                         I  new BLASTBufferQueue, mName= VRI[MainActivity]@bc0c00 mNativeObject= 0xb400007dde23f810 sc.mNativeObject= 0xb400007ebe23f990 caller= android.view.ViewRootImpl.updateBlastSurfaceIfNeeded:3390 android.view.ViewRootImpl.relayoutWindow:11355 android.view.ViewRootImpl.performTraversals:4537 android.view.ViewRootImpl.doTraversal:3701 android.view.ViewRootImpl$TraversalRunnable.run:12533 android.view.Choreographer$CallbackRecord.run:1751 android.view.Choreographer$CallbackRecord.run:1760 android.view.Choreographer.doCallbacks:1216 android.view.Choreographer.doFrame:1142 android.view.Choreographer$FrameDisplayEventReceiver.run:1707 
2025-08-30 18:44:54.062  7632-7632  BLASTBufferQueue_Java   com.memstory                         I  update, w= 1080 h= 2340 mName = VRI[MainActivity]@bc0c00 mNativeObject= 0xb400007dde23f810 sc.mNativeObject= 0xb400007ebe23f990 format= -1 caller= android.graphics.BLASTBufferQueue.<init>:88 android.view.ViewRootImpl.updateBlastSurfaceIfNeeded:3390 android.view.ViewRootImpl.relayoutWindow:11355 android.view.ViewRootImpl.performTraversals:4537 android.view.ViewRootImpl.doTraversal:3701 android.view.ViewRootImpl$TraversalRunnable.run:12533 
2025-08-30 18:44:54.062  7632-7632  libc                    com.memstory                         W  Access denied finding property "vendor.gpp.create_frc_extension"
2025-08-30 18:44:54.062  7632-7632  VRI[MainAc...ty]@bc0c00 com.memstory                         I  Relayout returned: old=(0,0,1080,2340) new=(0,0,1080,2340) relayoutAsync=false req=(1080,2340)0 dur=1 res=0x3 s={true 0xb400007e5e252110} ch=true seqId=0
2025-08-30 18:44:54.063  7632-7632  VRI[MainAc...ty]@bc0c00 com.memstory                         I  performConfigurationChange setNightDimText nightDimLevel=0
2025-08-30 18:44:54.063  7632-7632  VRI[MainAc...ty]@bc0c00 com.memstory                         D  mThreadedRenderer.initialize() mSurface={isValid=true 0xb400007e5e252110} hwInitialized=true
2025-08-30 18:44:54.065  7632-7632  VRI[MainAc...ty]@bc0c00 com.memstory                         D  reportNextDraw android.view.ViewRootImpl.performTraversals:5186 android.view.ViewRootImpl.doTraversal:3701 android.view.ViewRootImpl$TraversalRunnable.run:12533 android.view.Choreographer$CallbackRecord.run:1751 android.view.Choreographer$CallbackRecord.run:1760 
2025-08-30 18:44:54.065  7632-7632  VRI[MainAc...ty]@bc0c00 com.memstory                         D  Setup new sync=wmsSync-VRI[MainActivity]@bc0c00#0
2025-08-30 18:44:54.065  7632-7632  VRI[MainAc...ty]@bc0c00 com.memstory                         I  Creating new active sync group VRI[MainActivity]@bc0c00#1
2025-08-30 18:44:54.066  7632-7632  VRI[MainAc...ty]@bc0c00 com.memstory                         D  registerCallbacksForSync syncBuffer=false
2025-08-30 18:44:54.067  7632-7661  VRI[MainAc...ty]@bc0c00 com.memstory                         D  Received frameDrawingCallback syncResult=0 frameNum=1.
2025-08-30 18:44:54.067  7632-7661  VRI[MainAc...ty]@bc0c00 com.memstory                         I  mWNT: t=0xb400007eae34be50 mBlastBufferQueue=0xb400007dde23f810 fn= 1 HdrRenderState mRenderHdrSdrRatio=1.0 caller= android.view.ViewRootImpl$11.onFrameDraw:15025 android.view.ThreadedRenderer$1.onFrameDraw:761 <bottom of call stack> 
2025-08-30 18:44:54.067  7632-7661  VRI[MainAc...ty]@bc0c00 com.memstory                         I  Setting up sync and frameCommitCallback
2025-08-30 18:44:54.068  7632-7656  AdrenoUtils             com.memstory                         I  <ReadGpuID:366>: Reading chip ID through GSL
2025-08-30 18:44:54.083  7632-7641  com.memstory            com.memstory                         I  Compiler allocated 7429KB to compile void android.view.ViewRootImpl.performTraversals()
2025-08-30 18:44:54.096  7632-7656  BLASTBufferQueue        com.memstory                         I  [VRI[MainActivity]@bc0c00#0](f:0,a:0,s:0) onFrameAvailable the first frame is available
2025-08-30 18:44:54.096  7632-7656  SurfaceComposerClient   com.memstory                         I  apply transaction with the first frame. layerId: 15496, bufferData(ID: 32779190403075, frameNumber: 1)
2025-08-30 18:44:54.096  7632-7656  VRI[MainAc...ty]@bc0c00 com.memstory                         I  Received frameCommittedCallback lastAttemptedDrawFrameNum=1 didProduceBuffer=true
2025-08-30 18:44:54.096  7632-7656  HWUI                    com.memstory                         D  CFMS:: SetUp Pid : 7632    Tid : 7656
2025-08-30 18:44:54.096  7632-7632  VRI[MainAc...ty]@bc0c00 com.memstory                         D  reportDrawFinished seqId=0
2025-08-30 18:44:54.099  7632-7632  InsetsSourceConsumer    com.memstory                         I  applyRequestedVisibilityToControl: visible=true, type=statusBars, host=com.memstory/com.memstory.presentation.MainActivity
2025-08-30 18:44:54.099  7632-7632  InsetsSourceConsumer    com.memstory                         I  applyRequestedVisibilityToControl: visible=true, type=navigationBars, host=com.memstory/com.memstory.presentation.MainActivity
2025-08-30 18:44:54.113  7632-7632  VRI[MainAc...ty]@bc0c00 com.memstory                         D  mThreadedRenderer.initializeIfNeeded()#2 mSurface={isValid=true 0xb400007e5e252110}
2025-08-30 18:44:54.113  7632-7632  InputMethodManagerUtils com.memstory                         D  startInputInner - Id : 0
2025-08-30 18:44:54.113  7632-7632  InputMethodManager      com.memstory                         I  startInputInner - IInputMethodManagerGlobalInvoker.startInputOrWindowGainedFocus
2025-08-30 18:44:54.116  7632-7653  InputTransport          com.memstory                         D  Input channel constructed: 'ClientS', fd=146
2025-08-30 18:44:54.121  7632-7632  InsetsSourceConsumer    com.memstory                         I  applyRequestedVisibilityToControl: visible=false, type=ime, host=com.memstory/com.memstory.presentation.MainActivity
2025-08-30 18:44:54.187  7632-7658  GemmaTokenizer          com.memstory                         D  Loading all 5 tokenizer files...
2025-08-30 18:44:54.187  7632-7658  GemmaTokenizer          com.memstory                         D  - tokenizer_config.json: 
2025-08-30 18:44:54.187  7632-7658  GemmaTokenizer          com.memstory                         D  - special_tokens_map.json: 
2025-08-30 18:44:54.187  7632-7658  GemmaTokenizer          com.memstory                         D  - generation_config.json: 
2025-08-30 18:44:54.187  7632-7658  GemmaTokenizer          com.memstory                         D  - tokenizer.json:  (vocab)
2025-08-30 18:44:54.187  7632-7658  GemmaTokenizer          com.memstory                         D  - config.json:  (loaded by OnnxLLMEngine)
2025-08-30 18:44:54.188  7632-7658  GemmaTokenizer          com.memstory                         D  Config loaded in Java heap: 262144 vocab size
2025-08-30 18:44:54.188  7632-7658  GemmaTokenizer          com.memstory                         D  Loading vocab mapping for decoding...
2025-08-30 18:44:54.906  7632-7658  GemmaTokenizer          com.memstory                         D  Loaded 262144 vocab entries for decoding
2025-08-30 18:44:54.906  7632-7658  GemmaTokenizer          com.memstory                         D  Tokenizer initialized with hybrid memory architecture
2025-08-30 18:44:54.906  7632-7658  OnnxLLMEngine           com.memstory                         D  Tokenizer loaded with vocab size: 262144
2025-08-30 18:44:54.906  7632-7658  CompatChangeReporter    com.memstory                         D  Compat change id reported: 312399441; UID 10604; state: ENABLED
2025-08-30 18:44:54.906  7632-7658  OnnxLLMEngine           com.memstory                         D  Copying 998MB model from assets to internal storage...
2025-08-30 18:44:54.906  7632-7658  OnnxLLMEngine           com.memstory                         D  Memory strategy: Java heap (configs) + Native heap (model weights + KV cache)
2025-08-30 18:44:55.243  7632-7658  OnnxLLMEngine           com.memstory                         D  Copied 100MB...
2025-08-30 18:44:55.579  7632-7658  OnnxLLMEngine           com.memstory                         D  Copied 200MB...
2025-08-30 18:44:55.914  7632-7658  OnnxLLMEngine           com.memstory                         D  Copied 300MB...
2025-08-30 18:44:56.051  7632-7632  VRI[MainAc...ty]@bc0c00 com.memstory                         I  ViewPostIme pointer 0
2025-08-30 18:44:56.056  7632-7632  VRI[MainAc...ty]@bc0c00 com.memstory                         I  call setFrameRateCategory for touch hint category=high hint, reason=touch, vri=VRI[MainActivity]@bc0c00
2025-08-30 18:44:56.101  7632-7632  VRI[MainAc...ty]@bc0c00 com.memstory                         I  ViewPostIme pointer 1
2025-08-30 18:44:56.119  7632-7632  WindowOnBackDispatcher  com.memstory                         W  OnBackInvokedCallback is not enabled for the application.
                                                                                                    Set 'android:enableOnBackInvokedCallback="true"' in the application manifest.
2025-08-30 18:44:56.264  7632-7658  OnnxLLMEngine           com.memstory                         D  Copied 400MB...
2025-08-30 18:44:56.603  7632-7658  OnnxLLMEngine           com.memstory                         D  Copied 500MB...
2025-08-30 18:44:56.937  7632-7658  OnnxLLMEngine           com.memstory                         D  Copied 600MB...
2025-08-30 18:44:57.259  7632-7658  OnnxLLMEngine           com.memstory                         D  Copied 700MB...
2025-08-30 18:44:57.584  7632-7658  OnnxLLMEngine           com.memstory                         D  Copied 800MB...
2025-08-30 18:44:57.905  7632-7658  OnnxLLMEngine           com.memstory                         D  Copied 900MB...
2025-08-30 18:44:58.069  7632-7658  OnnxLLMEngine           com.memstory                         D  Total copied: 951MB
2025-08-30 18:44:58.080  7632-7658  OnnxLLMEngine           com.memstory                         D  Model ready for native heap loading: 997769309 bytes
2025-08-30 18:44:58.504  7632-7658  Manager                 com.memstory                         I  DeviceManager::DeviceManager
2025-08-30 18:44:58.504  7632-7658  ServerFlag              com.memstory                         W  Failed to parse result of GetServerConfigurableFlag, errno=34
2025-08-30 18:44:58.504  7632-7658  Manager                 com.memstory                         I  findAvailableDevices
2025-08-30 18:44:58.504  7632-7658  HidlServiceManagement   com.memstory                         W  hwservicemanager is not supported on the device.
2025-08-30 18:44:58.504  7632-7658  HidlServiceManagement   com.memstory                         I  Cannot list manifest for android.hardware.neuralnetworks@1.3::IDevice without hwservicemanager
2025-08-30 18:44:58.504  7632-7658  HidlServiceManagement   com.memstory                         I  Cannot list manifest for android.hardware.neuralnetworks@1.2::IDevice without hwservicemanager
2025-08-30 18:44:58.504  7632-7658  HidlServiceManagement   com.memstory                         I  Cannot list manifest for android.hardware.neuralnetworks@1.1::IDevice without hwservicemanager
2025-08-30 18:44:58.504  7632-7658  HidlServiceManagement   com.memstory                         I  Cannot list manifest for android.hardware.neuralnetworks@1.0::IDevice without hwservicemanager
2025-08-30 18:44:59.066  7632-7730  ProfileInstaller        com.memstory                         D  Installing profile for com.memstory
2025-08-30 18:44:59.106  7632-7632  VRI[MainAc...ty]@bc0c00 com.memstory                         I  call setFrameRateCategory for touch hint category=no preference, reason=boost timeout, vri=VRI[MainActivity]@bc0c00
2025-08-30 18:45:02.096  7632-7658  OnnxLLMEngine           com.memstory                         D  ONNX model loaded with NNAPI execution provider (NPU acceleration)
2025-08-30 18:45:02.096  7632-7658  OnnxLLMEngine           com.memstory                         D   Initializing Static KV Cache with System Prompt...
2025-08-30 18:45:02.096  7632-7658  GemmaTokenizer          com.memstory                         D  Encoding text: You are memSTORY, the AI that understands your heart the best.
                                                                                                    You live entirely on your phone, helping organize thoughts, memories, and ideas.
                                                                                                    Always be warm, understanding, and helpful. You work completely offline.
2025-08-30 18:45:02.096  7632-7658  GemmaTokenizer          com.memstory                         D  Encoded to 34 tokens
2025-08-30 18:45:02.096  7632-7658  OnnxLLMEngine           com.memstory                         D  System prompt tokenized: 34 tokens
2025-08-30 18:45:02.096  7632-7658  OnnxLLMEngine           com.memstory                         D  System prompt: You are memSTORY, the AI that understands your heart the best.
                                                                                                    You live entirely on your phone, helping organize thoughts, memories, and ideas.
                                                                                                    Always be warm, understanding, and helpful. You work completely offline.
2025-08-30 18:45:02.119  7632-7658  OnnxLLMEngine           com.memstory                         V  Layer 0 KV Cache initialized: [1, 1, 512, 256]
2025-08-30 18:45:02.125  7632-7658  OnnxLLMEngine           com.memstory                         V  Layer 1 KV Cache initialized: [1, 1, 512, 256]
2025-08-30 18:45:02.130  7632-7658  OnnxLLMEngine           com.memstory                         V  Layer 2 KV Cache initialized: [1, 1, 512, 256]
2025-08-30 18:45:02.136  7632-7658  OnnxLLMEngine           com.memstory                         V  Layer 3 KV Cache initialized: [1, 1, 512, 256]
2025-08-30 18:45:02.141  7632-7658  OnnxLLMEngine           com.memstory                         V  Layer 4 KV Cache initialized: [1, 1, 512, 256]
2025-08-30 18:45:02.147  7632-7658  OnnxLLMEngine           com.memstory                         V  Layer 5 KV Cache initialized: [1, 1, 512, 256]
2025-08-30 18:45:02.152  7632-7658  OnnxLLMEngine           com.memstory                         V  Layer 6 KV Cache initialized: [1, 1, 512, 256]
2025-08-30 18:45:02.158  7632-7658  OnnxLLMEngine           com.memstory                         V  Layer 7 KV Cache initialized: [1, 1, 512, 256]
2025-08-30 18:45:02.163  7632-7658  OnnxLLMEngine           com.memstory                         V  Layer 8 KV Cache initialized: [1, 1, 512, 256]
2025-08-30 18:45:02.169  7632-7658  OnnxLLMEngine           com.memstory                         V  Layer 9 KV Cache initialized: [1, 1, 512, 256]
2025-08-30 18:45:02.174  7632-7658  OnnxLLMEngine           com.memstory                         V  Layer 10 KV Cache initialized: [1, 1, 512, 256]
2025-08-30 18:45:02.180  7632-7658  OnnxLLMEngine           com.memstory                         V  Layer 11 KV Cache initialized: [1, 1, 512, 256]
2025-08-30 18:45:02.185  7632-7658  OnnxLLMEngine           com.memstory                         V  Layer 12 KV Cache initialized: [1, 1, 512, 256]
2025-08-30 18:45:02.192  7632-7658  OnnxLLMEngine           com.memstory                         V  Layer 13 KV Cache initialized: [1, 1, 512, 256]
2025-08-30 18:45:02.197  7632-7658  OnnxLLMEngine           com.memstory                         V  Layer 14 KV Cache initialized: [1, 1, 512, 256]
2025-08-30 18:45:02.202  7632-7658  OnnxLLMEngine           com.memstory                         V  Layer 15 KV Cache initialized: [1, 1, 512, 256]
2025-08-30 18:45:02.208  7632-7658  OnnxLLMEngine           com.memstory                         V  Layer 16 KV Cache initialized: [1, 1, 512, 256]
2025-08-30 18:45:02.213  7632-7658  OnnxLLMEngine           com.memstory                         V  Layer 17 KV Cache initialized: [1, 1, 512, 256]
2025-08-30 18:45:02.219  7632-7658  OnnxLLMEngine           com.memstory                         V  Layer 18 KV Cache initialized: [1, 1, 512, 256]
2025-08-30 18:45:02.224  7632-7658  OnnxLLMEngine           com.memstory                         V  Layer 19 KV Cache initialized: [1, 1, 512, 256]
2025-08-30 18:45:02.229  7632-7658  OnnxLLMEngine           com.memstory                         V  Layer 20 KV Cache initialized: [1, 1, 512, 256]
2025-08-30 18:45:02.235  7632-7658  OnnxLLMEngine           com.memstory                         V  Layer 21 KV Cache initialized: [1, 1, 512, 256]
2025-08-30 18:45:02.240  7632-7658  OnnxLLMEngine           com.memstory                         V  Layer 22 KV Cache initialized: [1, 1, 512, 256]
2025-08-30 18:45:02.245  7632-7658  OnnxLLMEngine           com.memstory                         V  Layer 23 KV Cache initialized: [1, 1, 512, 256]
2025-08-30 18:45:02.250  7632-7658  OnnxLLMEngine           com.memstory                         V  Layer 24 KV Cache initialized: [1, 1, 512, 256]
2025-08-30 18:45:02.256  7632-7658  OnnxLLMEngine           com.memstory                         V  Layer 25 KV Cache initialized: [1, 1, 512, 256]
2025-08-30 18:45:02.256  7632-7658  OnnxLLMEngine           com.memstory                         D   Processing system prompt to initialize KV cache...
2025-08-30 18:45:02.803  7632-7658  OnnxLLMEngine           com.memstory                         D   System prompt processed, KV cache populated with 34 tokens
2025-08-30 18:45:02.803  7632-7658  OnnxLLMEngine           com.memstory                         D  Available outputs: 53
2025-08-30 18:45:02.813  7632-7658  OnnxLLMEngine           com.memstory                         D    Output[0]: Array
2025-08-30 18:45:02.813  7632-7658  OnnxLLMEngine           com.memstory                         D    Output[1]: Array
2025-08-30 18:45:02.814  7632-7658  OnnxLLMEngine           com.memstory                         D    Output[2]: Array
2025-08-30 18:45:02.814  7632-7658  OnnxLLMEngine           com.memstory                         D    Output[3]: Array
2025-08-30 18:45:02.814  7632-7658  OnnxLLMEngine           com.memstory                         D    Output[4]: Array
2025-08-30 18:45:02.814  7632-7658  OnnxLLMEngine           com.memstory                         D    Output[5]: Array
2025-08-30 18:45:02.815  7632-7658  OnnxLLMEngine           com.memstory                         D    Output[6]: Array
2025-08-30 18:45:02.815  7632-7658  OnnxLLMEngine           com.memstory                         D    Output[7]: Array
2025-08-30 18:45:02.815  7632-7658  OnnxLLMEngine           com.memstory                         D    Output[8]: Array
2025-08-30 18:45:02.815  7632-7658  OnnxLLMEngine           com.memstory                         D    Output[9]: Array
2025-08-30 18:45:02.816  7632-7658  OnnxLLMEngine           com.memstory                         D    Output[10]: Array
2025-08-30 18:45:02.816  7632-7658  OnnxLLMEngine           com.memstory                         D    Output[11]: Array
2025-08-30 18:45:02.816  7632-7658  OnnxLLMEngine           com.memstory                         D    Output[12]: Array
2025-08-30 18:45:02.817  7632-7658  OnnxLLMEngine           com.memstory                         D    Output[13]: Array
2025-08-30 18:45:02.817  7632-7658  OnnxLLMEngine           com.memstory                         D    Output[14]: Array
2025-08-30 18:45:02.817  7632-7658  OnnxLLMEngine           com.memstory                         D    Output[15]: Array
2025-08-30 18:45:02.818  7632-7658  OnnxLLMEngine           com.memstory                         D    Output[16]: Array
2025-08-30 18:45:02.818  7632-7658  OnnxLLMEngine           com.memstory                         D    Output[17]: Array
2025-08-30 18:45:02.818  7632-7658  OnnxLLMEngine           com.memstory                         D    Output[18]: Array
2025-08-30 18:45:02.818  7632-7658  OnnxLLMEngine           com.memstory                         D    Output[19]: Array
2025-08-30 18:45:02.819  7632-7658  OnnxLLMEngine           com.memstory                         D    Output[20]: Array
2025-08-30 18:45:02.819  7632-7658  OnnxLLMEngine           com.memstory                         D    Output[21]: Array
2025-08-30 18:45:02.819  7632-7658  OnnxLLMEngine           com.memstory                         D    Output[22]: Array
2025-08-30 18:45:02.820  7632-7658  OnnxLLMEngine           com.memstory                         D    Output[23]: Array
2025-08-30 18:45:02.820  7632-7658  OnnxLLMEngine           com.memstory                         D    Output[24]: Array
2025-08-30 18:45:02.820  7632-7658  OnnxLLMEngine           com.memstory                         D    Output[25]: Array
2025-08-30 18:45:02.820  7632-7658  OnnxLLMEngine           com.memstory                         D    Output[26]: Array
2025-08-30 18:45:02.821  7632-7658  OnnxLLMEngine           com.memstory                         D    Output[27]: Array
2025-08-30 18:45:02.821  7632-7658  OnnxLLMEngine           com.memstory                         D    Output[28]: Array
2025-08-30 18:45:02.821  7632-7658  OnnxLLMEngine           com.memstory                         D    Output[29]: Array
2025-08-30 18:45:02.821  7632-7658  OnnxLLMEngine           com.memstory                         D    Output[30]: Array
2025-08-30 18:45:02.821  7632-7658  OnnxLLMEngine           com.memstory                         D    Output[31]: Array
2025-08-30 18:45:02.821  7632-7658  OnnxLLMEngine           com.memstory                         D    Output[32]: Array
2025-08-30 18:45:02.822  7632-7658  OnnxLLMEngine           com.memstory                         D    Output[33]: Array
2025-08-30 18:45:02.822  7632-7658  OnnxLLMEngine           com.memstory                         D    Output[34]: Array
2025-08-30 18:45:02.822  7632-7658  OnnxLLMEngine           com.memstory                         D    Output[35]: Array
2025-08-30 18:45:02.822  7632-7658  OnnxLLMEngine           com.memstory                         D    Output[36]: Array
2025-08-30 18:45:02.822  7632-7658  OnnxLLMEngine           com.memstory                         D    Output[37]: Array
2025-08-30 18:45:02.822  7632-7658  OnnxLLMEngine           com.memstory                         D    Output[38]: Array
2025-08-30 18:45:02.823  7632-7658  OnnxLLMEngine           com.memstory                         D    Output[39]: Array
2025-08-30 18:45:02.823  7632-7658  OnnxLLMEngine           com.memstory                         D    Output[40]: Array
2025-08-30 18:45:02.823  7632-7658  OnnxLLMEngine           com.memstory                         D    Output[41]: Array
2025-08-30 18:45:02.823  7632-7658  OnnxLLMEngine           com.memstory                         D    Output[42]: Array
2025-08-30 18:45:02.823  7632-7658  OnnxLLMEngine           com.memstory                         D    Output[43]: Array
2025-08-30 18:45:02.823  7632-7658  OnnxLLMEngine           com.memstory                         D    Output[44]: Array
2025-08-30 18:45:02.823  7632-7658  OnnxLLMEngine           com.memstory                         D    Output[45]: Array
2025-08-30 18:45:02.824  7632-7658  OnnxLLMEngine           com.memstory                         D    Output[46]: Array
2025-08-30 18:45:02.824  7632-7658  OnnxLLMEngine           com.memstory                         D    Output[47]: Array
2025-08-30 18:45:02.824  7632-7658  OnnxLLMEngine           com.memstory                         D    Output[48]: Array
2025-08-30 18:45:02.824  7632-7658  OnnxLLMEngine           com.memstory                         D    Output[49]: Array
2025-08-30 18:45:02.824  7632-7658  OnnxLLMEngine           com.memstory                         D    Output[50]: Array
2025-08-30 18:45:02.824  7632-7658  OnnxLLMEngine           com.memstory                         D    Output[51]: Array
2025-08-30 18:45:02.824  7632-7658  OnnxLLMEngine           com.memstory                         D    Output[52]: Array
2025-08-30 18:45:02.825  7632-7658  OnnxLLMEngine           com.memstory                         D  First output type: OnnxTensor
2025-08-30 18:45:02.825  7632-7658  OnnxLLMEngine           com.memstory                         D  Logits extracted as OnnxTensor, shape: [1, 34, 262144]
2025-08-30 18:45:02.825  7632-7658  OnnxLLMEngine           com.memstory                         E  Failed to update KV cache for layer 0: float[][][][] cannot be cast to ai.onnxruntime.OnnxTensor
2025-08-30 18:45:02.825  7632-7658  OnnxLLMEngine           com.memstory                         D   Static KV Cache initialized successfully
2025-08-30 18:45:02.825  7632-7658  OnnxLLMEngine           com.memstory                         D  LLM Engine initialization completed
